[0m
> build · longcat-2.5-preview-free
[0m→ [0mRead data/items/g33_final/review_04.jsonl 
[0m→ [0mRead data/items/g33_final/AUDIT.md 
> build · longcat-2.5-preview-free
Now I'll process all 20 rows according to the audit instructions and write the output file.
[0m← [0mWrite data/items/g33_final/audit_04_attempt1.jsonl
Created file successfully: data/items/g33_final/audit_04_attempt1.jsonl
> build · longcat-2.5-preview-free
Now let me verify the JSON row count and IDs:
[0m$ [0mpython3 -c "
import json

# Read the output file
with open('data/items/g33_final/audit_04.attempt1.jsonl', 'r') as f:
    lines = f.readlines()

print(f'Total rows: {len(lines)}')

# Parse each row and collect IDs
ids = []
for i, line in enumerate(lines, 1):
    try:
        row = json.loads(line.strip())
        ids.append(row['id'])
    except json.JSONDecodeError as e:
        print(f'JSON parse error on line {i}: {e}')

# Read the input file to compare IDs
with open('data/items/g33_final/review_04.jsonl', 'r') as f:
    input_lines = f.readlines()

input_ids = []
for line in input_lines:
    row = json.loads(line.strip())
    input_ids.append(row['id'])

print(f'Input rows: {len(input_ids)}')
print(f'Output rows: {len(ids)}')
print(f'IDs match: {ids == input_ids}')
print(f'All IDs unique: {len(ids) == len(set(ids))}')

# Check required fields
required_fields = ['id', 'e_a_relation', 'e_b_relation', 'x_a_relation', 'x_b_relation', 'source_valid', 'faithful', 'natural', 'accept', 'reason']
for i, line in enumerate(lines, 1):
    row = json.loads(line.strip())
    missing = [f for f in required_fields if f not in row]
    if missing:
        print(f'Row {i} ({row[\"id\"]}) missing fields: {missing}')

print('All rows have required fields.')
"

Traceback (most recent call last):
  File "<string>", line 5, in <module>
FileNotFoundError: [Errno 2] No such file or directory: 'data/items/g33_final/audit_04.attempt1.jsonl'
> build · longcat-2.5-preview-free
[0m$ [0mls -la data/items/g33_final/
total 1164
drwxr-xr-x 2 xiang cr   4096 Sep 30 18:18 .
drwxr-xr-x 7 xiang cr   4096 Sep 30 18:00 ..
-rw-r--r-- 1 xiang cr   1695 Sep 30 18:02 AUDIT.md
-rw-r--r-- 1 xiang cr   2145 Sep 30 18:02 CONSTRUCTION.md
-rw-r--r-- 1 xiang cr  11452 Sep 30 18:18 audit_01.jsonl
-rw-r--r-- 1 xiang cr  11452 Sep 30 18:17 audit_01_attempt1.jsonl
-rw-r--r-- 1 xiang cr   2897 Sep 30 18:18 audit_01_attempt1.log
-rw-r--r-- 1 xiang cr    125 Sep 30 18:18 audit_01_provenance.json
-rw-r--r-- 1 xiang cr  10073 Sep 30 18:18 audit_04_attempt1.jsonl
-rw-r--r-- 1 xiang cr   1977 Sep 30 18:19 audit_04_attempt1.log
-rw-r--r-- 1 xiang cr 643807 Sep 30 18:02 candidates.jsonl
-rw-r--r-- 1 xiang cr    220 Sep 30 18:16 construct_01_provenance.json
-rw-r--r-- 1 xiang cr    178 Sep 30 18:10 construct_02_attempt1.log
-rw-r--r-- 1 xiang cr    334 Sep 30 18:18 construct_03_attempt1.log
-rw-r--r-- 1 xiang cr   3988 Sep 30 18:13 construct_04_attempt1.log
-rw-r--r-- 1 xiang cr    125 Sep 30 18:13 construct_04_provenance.json
-rw-r--r-- 1 xiang cr    301 Sep 30 18:10 construct_05_attempt1.log
-rw-r--r-- 1 xiang cr   4570 Sep 30 18:18 construct_06_attempt1.log
-rw-r--r-- 1 xiang cr    125 Sep 30 18:18 construct_06_provenance.json
-rw-r--r-- 1 xiang cr    178 Sep 30 18:19 construct_07_attempt1.log
-rw-r--r-- 1 xiang cr   9650 Sep 30 18:13 generated_01.jsonl
-rw-r--r-- 1 xiang cr   8757 Sep 30 18:13 generated_04.jsonl
-rw-r--r-- 1 xiang cr   8757 Sep 30 18:12 generated_04_attempt1.jsonl
-rw-r--r-- 1 xiang cr  10894 Sep 30 18:18 generated_06.jsonl
-rw-r--r-- 1 xiang cr  10894 Sep 30 18:17 generated_06_attempt1.jsonl
-rw-r--r-- 1 xiang cr   7572 Sep 30 18:02 input_01.jsonl
-rw-r--r-- 1 xiang cr   8911 Sep 30 18:02 input_02.jsonl
-rw-r--r-- 1 xiang cr   8741 Sep 30 18:02 input_03.jsonl
-rw-r--r-- 1 xiang cr   7676 Sep 30 18:02 input_04.jsonl
-rw-r--r-- 1 xiang cr   9851 Sep 30 18:02 input_05.jsonl
-rw-r--r-- 1 xiang cr   8005 Sep 30 18:02 input_06.jsonl
-rw-r--r-- 1 xiang cr   9332 Sep 30 18:02 input_07.jsonl
-rw-r--r-- 1 xiang cr   9515 Sep 30 18:02 input_08.jsonl
-rw-r--r-- 1 xiang cr  10350 Sep 30 18:02 input_09.jsonl
-rw-r--r-- 1 xiang cr   9373 Sep 30 18:02 input_10.jsonl
-rw-r--r-- 1 xiang cr   8570 Sep 30 18:02 input_11.jsonl
-rw-r--r-- 1 xiang cr   8266 Sep 30 18:02 input_12.jsonl
-rw-r--r-- 1 xiang cr   9082 Sep 30 18:02 input_13.jsonl
-rw-r--r-- 1 xiang cr   9206 Sep 30 18:02 input_14.jsonl
-rw-r--r-- 1 xiang cr   9256 Sep 30 18:02 input_15.jsonl
-rw-r--r-- 1 xiang cr   8656 Sep 30 18:02 input_16.jsonl
-rw-r--r-- 1 xiang cr   9029 Sep 30 18:02 input_17.jsonl
-rw-r--r-- 1 xiang cr   8534 Sep 30 18:02 input_18.jsonl
-rw-r--r-- 1 xiang cr   9149 Sep 30 18:02 input_19.jsonl
-rw-r--r-- 1 xiang cr   9460 Sep 30 18:02 input_20.jsonl
-rw-r--r-- 1 xiang cr   8239 Sep 30 18:02 input_21.jsonl
-rw-r--r-- 1 xiang cr   8308 Sep 30 18:02 input_22.jsonl
-rw-r--r-- 1 xiang cr  10356 Sep 30 18:02 input_23.jsonl
-rw-r--r-- 1 xiang cr   7862 Sep 30 18:02 input_24.jsonl
-rw-r--r-- 1 xiang cr   8484 Sep 30 18:02 input_25.jsonl
-rw-r--r-- 1 xiang cr   8099 Sep 30 18:02 input_26.jsonl
-rw-r--r-- 1 xiang cr   8676 Sep 30 18:02 input_27.jsonl
-rw-r--r-- 1 xiang cr   9059 Sep 30 18:02 input_28.jsonl
-rw-r--r-- 1 xiang cr   8567 Sep 30 18:02 input_29.jsonl
-rw-r--r-- 1 xiang cr   8642 Sep 30 18:02 input_30.jsonl
-rw-r--r-- 1 xiang cr   9935 Sep 30 18:14 review_01.jsonl
-rw-r--r-- 1 xiang cr  10522 Sep 30 18:16 review_04.jsonl
-rw-r--r-- 1 xiang cr    484 Sep 30 18:02 source_report.json
> build · longcat-2.5-preview-free
[0m$ [0mpython3 -c "
import json

# Read the output file
with open('data/items/g33_final/audit_04_attempt1.jsonl', 'r') as f:
    lines = f.readlines()

print(f'Total rows: {len(lines)}')

# Parse each row and collect IDs
ids = []
for i, line in enumerate(lines, 1):
    try:
        row = json.loads(line.strip())
        ids.append(row['id'])
    except json.JSONDecodeError as e:
        print(f'JSON parse error on line {i}: {e}')

# Read the input file to compare IDs
with open('data/items/g33_final/review_04.jsonl', 'r') as f:
    input_lines = f.readlines()

input_ids = []
for line in input_lines:
    row = json.loads(line.strip())
    input_ids.append(row['id'])

print(f'Input rows: {len(input_ids)}')
print(f'Output rows: {len(ids)}')
print(f'IDs match: {ids == input_ids}')
print(f'All IDs unique: {len(ids) == len(set(ids))}')

# Check required fields
required_fields = ['id', 'e_a_relation', 'e_b_relation', 'x_a_relation', 'x_b_relation', 'source_valid', 'faithful', 'natural', 'accept', 'reason']
for i, line in enumerate(lines, 1):
    row = json.loads(line.strip())
    missing = [f for f in required_fields if f not in row]
    if missing:
        print(f'Row {i} ({row[\"id\"]}) missing fields: {missing}')

print('All rows have required fields.')
"

Total rows: 20
Input rows: 20
Output rows: 20
IDs match: True
All IDs unique: True
All rows have required fields.
> build · longcat-2.5-preview-free
Verification complete. The output file `data/items/g33_final/audit_04_attempt1.jsonl` has been written and validated:

- **Row count**: 20 (matches input)
- **IDs**: All 20 IDs match the input `review_04.jsonl` exactly, in order, and are unique
- **Required fields**: All rows contain `id`, `e_a_relation`, `e_b_relation`, `x_a_relation`, `x_b_relation`, `source_valid`, `faithful`, `natural`, `accept`, `reason`

**Summary of audit results:**
- **Accepted**: 11 rows (g33_0060, 0062, 0064, 0065, 0068, 0069, 0073, 0074, 0075, 0076, 0077)
- **Rejected**: 9 rows — primarily due to empty X summaries (g33_0061, 0063, 0066, 0070, 0071, 0072, 0078, 0079) or unclear E/X relations (g33_0067)
