[0m
> build · longcat-2.5-preview-free
[0m→ [0mRead data/items/g33_final/AUDIT.md 
[0m→ [0mRead data/items/g33_final/review_32.jsonl 
> build · longcat-2.5-preview-free
[0m← [0mWrite data/items/g33_final/audit_32_recovery1.jsonl
Created file successfully: data/items/g33_final/audit_32_recovery1.jsonl
> build · longcat-2.5-preview-free
Now let me verify the JSON row count and IDs:
[0m$ [0mpython3 -c "
import json

# Read input IDs
input_ids = []
with open('data/items/g33_final/review_32.jsonl') as f:
    for line in f:
        line = line.strip()
        if line:
            input_ids.append(json.loads(line)['id'])

# Read output and validate
output_ids = []
errors = []
with open('data/items/g33_final/audit_32_recovery1.jsonl') as f:
    for i, line in enumerate(f, 1):
        line = line.strip()
        if not line:
            continue
        try:
            obj = json.loads(line)
            output_ids.append(obj['id'])
        except json.JSONDecodeError as e:
            errors.append(f'Line {i}: invalid JSON - {e}')

print(f'Input rows: {len(input_ids)}')
print(f'Output rows: {len(output_ids)}')
print(f'IDs match: {input_ids == output_ids}')
if errors:
    print('Errors:')
    for e in errors:
        print(f'  {e}')
else:
    print('All rows are valid JSON.')
print(f'Input IDs: {input_ids}')
print(f'Output IDs: {output_ids}')
"

Input rows: 20
Output rows: 20
IDs match: True
All rows are valid JSON.
Input IDs: ['g33_0620', 'g33_0621', 'g33_0622', 'g33_0623', 'g33_0624', 'g33_0625', 'g33_0626', 'g33_0627', 'g33_0628', 'g33_0629', 'g33_0630', 'g33_0631', 'g33_0632', 'g33_0633', 'g33_0634', 'g33_0635', 'g33_0636', 'g33_0637', 'g33_0638', 'g33_0639']
Output IDs: ['g33_0620', 'g33_0621', 'g33_0622', 'g33_0623', 'g33_0624', 'g33_0625', 'g33_0626', 'g33_0627', 'g33_0628', 'g33_0629', 'g33_0630', 'g33_0631', 'g33_0632', 'g33_0633', 'g33_0634', 'g33_0635', 'g33_0636', 'g33_0637', 'g33_0638', 'g33_0639']
> build · longcat-2.5-preview-free
Verification complete. `data/items/g33_final/audit_32_recovery1.jsonl` written successfully:

- **Row count**: 20 input → 20 output
- **IDs**: All match exactly (g33_0620 through g33_0639)
- **JSON**: All rows valid
