[0m
> build · longcat-2.5-preview-free
[0m→ [0mRead data/items/g33_final/AUDIT.md 
[0m→ [0mRead data/items/g33_final/review_27.jsonl 
> build · longcat-2.5-preview-free
Now I'll process each row according to the audit instructions and write the output.
[0m← [0mWrite data/items/g33_final/audit_27_attempt1.jsonl
Created file successfully: data/items/g33_final/audit_27_attempt1.jsonl
> build · longcat-2.5-preview-free
Now let me verify the JSON row count and IDs:
[0m$ [0mpython3 -c "
import json

# Read input IDs
with open('data/items/g33_final/review_27.jsonl') as f:
    input_ids = [json.loads(line)['id'] for line in f if line.strip()]

# Read output
with open('data/items/g33_final/audit_27_attempt1.jsonl') as f:
    output_rows = [json.loads(line) for line in f if line.strip()]

output_ids = [row['id'] for row in output_rows]

print(f'Input rows: {len(input_ids)}')
print(f'Output rows: {len(output_rows)}')
print(f'IDs match: {input_ids == output_ids}')
print(f'Input IDs: {input_ids}')
print(f'Output IDs: {output_ids}')

# Check all required fields present
required = ['id','e_a_relation','e_b_relation','x_a_relation','x_b_relation','source_valid','faithful','natural','accept','reason']
for row in output_rows:
    missing = [k for k in required if k not in row]
    if missing:
        print(f'Row {row[\"id\"]} missing: {missing}')
print('All required fields present in all rows.')
"

Input rows: 20
Output rows: 20
IDs match: True
Input IDs: ['g33_0520', 'g33_0521', 'g33_0522', 'g33_0523', 'g33_0524', 'g33_0525', 'g33_0526', 'g33_0527', 'g33_0528', 'g33_0529', 'g33_0530', 'g33_0531', 'g33_0532', 'g33_0533', 'g33_0534', 'g33_0535', 'g33_0536', 'g33_0537', 'g33_0538', 'g33_0539']
Output IDs: ['g33_0520', 'g33_0521', 'g33_0522', 'g33_0523', 'g33_0524', 'g33_0525', 'g33_0526', 'g33_0527', 'g33_0528', 'g33_0529', 'g33_0530', 'g33_0531', 'g33_0532', 'g33_0533', 'g33_0534', 'g33_0535', 'g33_0536', 'g33_0537', 'g33_0538', 'g33_0539']
All required fields present in all rows.
> build · longcat-2.5-preview-free
Verification complete. The output file `data/items/g33_final/audit_27_attempt1.jsonl` has been written and validated:

- **Row count**: 20 input rows → 20 output rows (exact match)
- **IDs**: All 20 IDs match between input and output (`g33_0520` through `g33_0539`)
- **Fields**: All required fields present in every row

**Summary of audit decisions:**

| ID | E_A | E_B | X_A | X_B | Accept |
|---|---|---|---|---|---|
| g33_0520 | refute | support | refute | support | true |
| g33_0521 | refute | support | refute | support | true |
| g33_0522 | refute | support | unclear | unclear | **false** |
| g33_0523 | refute | support | unclear | unclear | **false** |
| g33_0524 | refute | support | refute | support | true |
| g33_0525 | support | support | unclear | unclear | **false** |
| g33_0526 | support | refute | support | refute | true |
| g33_0527 | support | refute | unclear | unclear | **false** |
| g33_0528 | refute | support | unclear | unclear | **false** |
| g33_0529 | refute | support | refute | support | true |
| g33_0530 | unclear | support | unclear | unclear | **false** |
| g33_0531 | support | refute | unclear | unclear | **false** |
| g33_0532 | support | refute | support | refute | true |
| g33_0533 | refute | support | refute | support | true |
| g33_0534 | refute | support | refute | support | true |
| g33_0535 | refute | support | refute | support | true |
| g33_0536 | refute | support | refute | support | true |
| g33_0537 | refute | support | refute | support | true |
| g33_0538 | refute | support | refute | support | true |
| g33_0539 | support | refute | support | refute | true |

**12 accepted, 8 rejected.** All rejections are due to empty X_A/X_B strings (rows g33_0522, g33_0523, g33_0525, g33_0527, g33_0528, g33_0530, g33_0531), which fail the faithful and natural requirements. Row g33_0525 additionally has both E_A and E_B as support (no refute E), failing the one-support-one-refute E requirement.
