[0m
> build · longcat-2.5-preview-free
[0m→ [0mRead data/items/g33_final/AUDIT.md 
[0m→ [0mRead data/items/g33_final/review_13.jsonl 
> build · longcat-2.5-preview-free
I'll read both files and process each row according to the audit instructions.
[0m← [0mWrite data/items/g33_final/audit_13_attempt1.jsonl
Created file successfully: data/items/g33_final/audit_13_attempt1.jsonl
> build · longcat-2.5-preview-free
Now let me verify the JSON row count and IDs:
[0m$ [0mpython3 -c "
import json

# Read input IDs
with open('data/items/g33_final/review_13.jsonl') as f:
    input_ids = [json.loads(line)['id'] for line in f if line.strip()]

# Read output
with open('data/items/g33_final/audit_13_attempt1.jsonl') as f:
    output_rows = [json.loads(line) for line in f if line.strip()]

output_ids = [row['id'] for row in output_rows]

print(f'Input rows: {len(input_ids)}')
print(f'Output rows: {len(output_rows)}')
print(f'IDs match: {input_ids == output_ids}')
print(f'Input IDs: {input_ids}')
print(f'Output IDs: {output_ids}')

# Check all required fields present
required = ['id', 'e_a_relation', 'e_b_relation', 'x_a_relation', 'x_b_relation', 'source_valid', 'faithful', 'natural', 'accept', 'reason']
for row in output_rows:
    missing = [f for f in required if f not in row]
    if missing:
        print(f'Row {row[\"id\"]} missing fields: {missing}')

# Summary stats
accepted = sum(1 for r in output_rows if r['accept'])
print(f'Accepted: {accepted}/{len(output_rows)}')
"

Input rows: 20
Output rows: 20
IDs match: True
Input IDs: ['g33_0240', 'g33_0241', 'g33_0242', 'g33_0243', 'g33_0244', 'g33_0245', 'g33_0246', 'g33_0247', 'g33_0248', 'g33_0249', 'g33_0250', 'g33_0251', 'g33_0252', 'g33_0253', 'g33_0254', 'g33_0255', 'g33_0256', 'g33_0257', 'g33_0258', 'g33_0259']
Output IDs: ['g33_0240', 'g33_0241', 'g33_0242', 'g33_0243', 'g33_0244', 'g33_0245', 'g33_0246', 'g33_0247', 'g33_0248', 'g33_0249', 'g33_0250', 'g33_0251', 'g33_0252', 'g33_0253', 'g33_0254', 'g33_0255', 'g33_0256', 'g33_0257', 'g33_0258', 'g33_0259']
Accepted: 13/20
> build · longcat-2.5-preview-free
Verification complete:

- **Row count**: 20 input → 20 output
- **IDs**: All match exactly (g33_0240 through g33_0259)
- **Required fields**: All present in every row
- **Accepted**: 13/20

Output written to `data/items/g33_final/audit_13_attempt1.jsonl`.
