[0m
> build · muse-spark-1.3-contributor-free
Fixing your audit file — processing each entry line by line.
[0m→ [0mRead data/items/g33_final/AUDIT.md 
[0m→ [0mRead data/items/g33_final/review_05.jsonl 
> build · muse-spark-1.3-contributor-free
I've mapped each claim against its evidence — now I'll generate the audit file.
[0m← [0mWrite data/items/g33_final/audit_05_recovery1.jsonl
Created file successfully: data/items/g33_final/audit_05_recovery1.jsonl
> build · muse-spark-1.3-contributor-free
[0m$ [0mpython3 -c "import json; p='data/items/g33_final/audit_05_recovery1.jsonl'; rows=[json.loads(l) for l in open(p) if l.strip()]; print(len(rows)); print([r['id'] for r in rows]); keys=['id','e_a_relation','e_b_relation','x_a_relation','x_b_relation','source_valid','faithful','natural','accept','reason']; print([k for r in rows for k in keys if k not in r] or 'all keys ok'); print('rels',set((r['e_a_relation'],r['e_b_relation'],r['x_a_relation'],r['x_b_relation']) for r in rows)); import collections; print(collections.Counter(r['accept'] for r in rows))"
20
['g33_0080', 'g33_0081', 'g33_0082', 'g33_0083', 'g33_0084', 'g33_0085', 'g33_0086', 'g33_0087', 'g33_0088', 'g33_0089', 'g33_0090', 'g33_0091', 'g33_0092', 'g33_0093', 'g33_0094', 'g33_0095', 'g33_0096', 'g33_0097', 'g33_0098', 'g33_0099']
all keys ok
rels {('refute', 'support', 'refute', 'support'), ('refute', 'support', 'unclear', 'unclear'), ('support', 'support', 'support', 'support'), ('unclear', 'support', 'unclear', 'unclear'), ('support', 'support', 'unclear', 'unclear'), ('support', 'refute', 'support', 'refute'), ('unclear', 'support', 'unclear', 'support')}
Counter({True: 13, False: 7})
> build · muse-spark-1.3-contributor-free
[0m$ [0mpython3 -c "import json; a=[json.loads(l)['id'] for l in open('data/items/g33_final/review_05.jsonl')]; b=[json.loads(l)['id'] for l in open('data/items/g33_final/audit_05_recovery1.jsonl')]; print(a==b, len(a), len(b))"
True 20 20
> build · muse-spark-1.3-contributor-free
Wrote `data/items/g33_final/audit_05_recovery1.jsonl` with 20 rows.

Verification: 20/20 valid JSON, IDs exactly match `review_05.jsonl` in order (`g33_0080`–`g33_0099`), all 10 required keys present. Accept: 13 true, 7 false.
