[0m
> build · longcat-2.5-preview-free
[0m→ [0mRead data/items/g33_final/review_07.jsonl 
[0m→ [0mRead data/items/g33_final/AUDIT.md 
> build · longcat-2.5-preview-free
Now I'll process each row according to the audit instructions and write the output file.
[0m← [0mWrite data/items/g33_final/audit_07_attempt1.jsonl
Created file successfully: data/items/g33_final/audit_07_attempt1.jsonl
> build · longcat-2.5-preview-free
[0m⚙ [0mexecute {"code":"import json\n\n# Read input IDs\nwith open('/home/xiang/research_hun/try_clone/data/items/g33_final/review_07.jsonl', 'r') as f:\n    input_ids = [json.loads(line)['id'] for line in f if line.strip()]\n\n# Read output and validate\nwith open('/home/xiang/research_hun/try_clone/data/items/g33_final/audit_07_attempt1.jsonl', 'r') as f:\n    output_lines = [line for line in f if line.strip()]\n\noutput_ids = []\nfor i, line in enumerate(output_lines):\n    try:\n        row = json.loads(line)\n        output_ids.append(row['id'])\n    except json.JSONDecodeError as e:\n        print(f\"JSON parse error at line {i+1}: {e}\")\n\nprint(f\"Input row count: {len(input_ids)}\")\nprint(f\"Output row count: {len(output_ids)}\")\nprint(f\"IDs match: {input_ids == output_ids}\")\nprint(f\"Input IDs: {input_ids}\")\nprint(f\"Output IDs: {output_ids}\")\n"} 
> build · longcat-2.5-preview-free
[0m$ [0mpython3 -c "
import json

with open('/home/xiang/research_hun/try_clone/data/items/g33_final/review_07.jsonl', 'r') as f:
    input_ids = [json.loads(line)['id'] for line in f if line.strip()]

with open('/home/xiang/research_hun/try_clone/data/items/g33_final/audit_07_attempt1.jsonl', 'r') as f:
    output_lines = [line for line in f if line.strip()]

output_ids = []
for i, line in enumerate(output_lines):
    try:
        row = json.loads(line)
        output_ids.append(row['id'])
    except json.JSONDecodeError as e:
        print(f'JSON parse error at line {i+1}: {e}')

print(f'Input row count: {len(input_ids)}')
print(f'Output row count: {len(output_ids)}')
print(f'IDs match: {input_ids == output_ids}')
if input_ids != output_ids:
    print(f'Input IDs: {input_ids}')
    print(f'Output IDs: {output_ids}')
"

Input row count: 20
Output row count: 20
IDs match: True
> build · longcat-2.5-preview-free
Done. The audit output has been written to `data/items/g33_final/audit_07_attempt1.jsonl`.

**Verification:**
- Input rows: 20
- Output rows: 20
- All IDs match: g33_0120 through g33_0139
- All rows are valid JSON

**Summary of audit results:**
- **Accepted (12 rows):** g33_0120, g33_0122, g33_0123, g33_0125, g33_0126, g33_0128, g33_0129, g33_0133, g33_0135, g33_0137, g33_0138, g33_0139
- **Rejected (8 rows):** g33_0121, g33_0124, g33_0127, g33_0130, g33_0131, g33_0132, g33_0134, g33_0136

Rejections were due to empty X summaries (g33_0121, g33_0124, g33_0127, g33_0130, g33_0131, g33_0132, g33_0134) or both E sentences supporting the claim with no refuting E (g33_0136).
