[0m
> build · longcat-2.5-preview-free
[0m→ [0mRead data/items/g33_final/AUDIT.md 
[0m→ [0mRead data/items/g33_final/review_06.jsonl 
> build · longcat-2.5-preview-free
Now I'll process all 20 rows according to the audit instructions and write the output file.
[0m← [0mWrite data/items/g33_final/audit_06_attempt1.jsonl
Created file successfully: data/items/g33_final/audit_06_attempt1.jsonl
> build · longcat-2.5-preview-free
Now verifying JSON validity, row count, and ID completeness:
[0m$ [0mpython3 -c "
import json

with open('data/items/g33_final/audit_06_attempt1.jsonl') as f:
    lines = [l.strip() for l in f if l.strip()]

print(f'Row count: {len(lines)}')

ids = []
for i, line in enumerate(lines, 1):
    try:
        obj = json.loads(line)
        ids.append(obj['id'])
        required = ['id','e_a_relation','e_b_relation','x_a_relation','x_b_relation','source_valid','faithful','natural','accept','reason']
        missing = [k for k in required if k not in obj]
        if missing:
            print(f'Row {i} ({obj[\"id\"]}): MISSING FIELDS: {missing}')
    except json.JSONDecodeError as e:
        print(f'Row {i}: INVALID JSON: {e}')

print(f'IDs: {ids}')

# Compare with input IDs
with open('data/items/g33_final/review_06.jsonl') as f:
    input_ids = [json.loads(l)['id'] for l in f if l.strip()]

print(f'Input IDs: {input_ids}')
print(f'IDs match input order: {ids == input_ids}')
print(f'All IDs unique: {len(ids) == len(set(ids))}')
"

Row count: 20
IDs: ['g33_0100', 'g33_0101', 'g33_0102', 'g33_0103', 'g33_0104', 'g33_0105', 'g33_0106', 'g33_0107', 'g33_0108', 'g33_0109', 'g33_0110', 'g33_0111', 'g33_0112', 'g33_0113', 'g33_0114', 'g33_0115', 'g33_0116', 'g33_0117', 'g33_0118', 'g33_0119']
Input IDs: ['g33_0100', 'g33_0101', 'g33_0102', 'g33_0103', 'g33_0104', 'g33_0105', 'g33_0106', 'g33_0107', 'g33_0108', 'g33_0109', 'g33_0110', 'g33_0111', 'g33_0112', 'g33_0113', 'g33_0114', 'g33_0115', 'g33_0116', 'g33_0117', 'g33_0118', 'g33_0119']
IDs match input order: True
All IDs unique: True
> build · longcat-2.5-preview-free
Verification complete:

- **Row count**: 20 (matches input)
- **All rows valid JSON**: yes
- **IDs match input order**: yes (`g33_0100` through `g33_0119`)
- **All IDs unique**: yes

Output written to `data/items/g33_final/audit_06_attempt1.jsonl`.
