[0m
> build · longcat-2.5-preview-free
[0m→ [0mRead data/items/g33_final/review_33.jsonl 
[0m→ [0mRead data/items/g33_final/AUDIT.md 
> build · longcat-2.5-preview-free
I'll read both files and process each row according to the audit instructions.
[0m← [0mWrite data/items/g33_final/audit_33_recovery1.jsonl
Created file successfully: data/items/g33_final/audit_33_recovery1.jsonl
> build · longcat-2.5-preview-free
[0m$ [0mpython3 -c "
import json

with open('data/items/g33_final/audit_33_recovery1.jsonl') as f:
    lines = [l for l in f if l.strip()]

ids = []
for i, line in enumerate(lines, 1):
    row = json.loads(line)
    ids.append(row['id'])
    required = ['id','e_a_relation','e_b_relation','x_a_relation','x_b_relation','source_valid','faithful','natural','accept','reason']
    missing = [k for k in required if k not in row]
    if missing:
        print(f'Row {i} ({row[\"id\"]}): MISSING {missing}')

print(f'Total rows: {len(lines)}')
print(f'IDs: {ids}')

with open('data/items/g33_final/review_33.jsonl') as f:
    input_ids = [json.loads(l)['id'] for l in f if l.strip()]

print(f'Input IDs: {input_ids}')
print(f'IDs match: {ids == input_ids}')
print(f'All JSON valid: True')
"

Total rows: 20
IDs: ['g33_0640', 'g33_0641', 'g33_0642', 'g33_0643', 'g33_0644', 'g33_0645', 'g33_0646', 'g33_0647', 'g33_0648', 'g33_0649', 'g33_0650', 'g33_0651', 'g33_0652', 'g33_0653', 'g33_0654', 'g33_0655', 'g33_0656', 'g33_0657', 'g33_0658', 'g33_0659']
Input IDs: ['g33_0640', 'g33_0641', 'g33_0642', 'g33_0643', 'g33_0644', 'g33_0645', 'g33_0646', 'g33_0647', 'g33_0648', 'g33_0649', 'g33_0650', 'g33_0651', 'g33_0652', 'g33_0653', 'g33_0654', 'g33_0655', 'g33_0656', 'g33_0657', 'g33_0658', 'g33_0659']
IDs match: True
All JSON valid: True
> build · longcat-2.5-preview-free
Audit complete. `data/items/g33_final/audit_33_recovery1.jsonl` has been written and verified.

**Verification summary:**
- **Row count:** 20 (matches input)
- **IDs:** All 20 match `g33_0640` through `g33_0659` in order
- **JSON validity:** All rows parse correctly
- **Required fields:** All present in every row

**Results overview:**

| Result | Count | IDs |
|--------|-------|-----|
| **Accepted** | 12 | 0640, 0641, 0642, 0643, 0644, 0646, 0649, 0650, 0651, 0653, 0656, 0657, 0658 |
| **Rejected** | 8 | 0645, 0647, 0648, 0652, 0654, 0655, 0659 |

**Rejection reasons:**
- **Empty X summaries** (0645, 0647, 0648, 0652, 0654, 0655, 0659): X_A and/or X_B are empty strings, so faithfulness and naturalness cannot be established
- **Both E's support** (0647, 0648, 0654, 0659): No refute E sentence, violating the one-support/one-refute requirement
- **Missing subject in E_A** (0652): Grammatical issue makes the subject unclear
