[0m
> build · mimo-v2.6-flash-free
[0m→ [0mRead data/items/g33_final/review_12.jsonl 
[0m→ [0mRead data/items/g33_final/AUDIT.md 
> build · mimo-v2.6-flash-free
[0m$ [0mwc -l data/items/g33_final/review_12.jsonl; ls data/items/g33_final/
20 data/items/g33_final/review_12.jsonl
AUDIT.md
CONSTRUCTION.md
audit_01.jsonl
audit_01_attempt1.jsonl
audit_01_attempt1.log
audit_01_provenance.json
audit_02_attempt1.jsonl
audit_02_attempt1.log
audit_02_attempt2.jsonl
audit_02_attempt2.log
audit_02_recovery1.log
audit_02_secondary.log
audit_03_attempt1.jsonl
audit_03_attempt1.log
audit_03_attempt2.log
audit_03_recovery1.log
audit_04.jsonl
audit_04_attempt1.jsonl
audit_04_attempt1.log
audit_04_provenance.json
audit_05_attempt1.jsonl
audit_05_attempt1.log
audit_05_attempt2.log
audit_05_recovery1.log
audit_06.jsonl
audit_06_attempt1.jsonl
audit_06_attempt1.log
audit_06_provenance.json
audit_07.jsonl
audit_07_attempt1.jsonl
audit_07_attempt1.log
audit_07_provenance.json
audit_08.jsonl
audit_08_attempt1.jsonl
audit_08_attempt1.log
audit_08_provenance.json
audit_09_attempt1.log
audit_09_attempt2.log
audit_10.jsonl
audit_10_attempt1.jsonl
audit_10_attempt1.log
audit_10_provenance.json
audit_11_attempt1.log
audit_12_attempt1.log
audit_13_attempt1.log
audit_21.jsonl
audit_21_attempt1.jsonl
audit_21_attempt1.log
audit_21_provenance.json
audit_22.jsonl
audit_22_attempt1.jsonl
audit_22_attempt1.log
audit_22_provenance.json
audit_23.jsonl
audit_23_attempt1.jsonl
audit_23_attempt1.log
audit_23_provenance.json
audit_24.jsonl
audit_24_attempt1.jsonl
audit_24_attempt1.log
audit_24_provenance.json
audit_27.jsonl
audit_27_attempt1.jsonl
audit_27_attempt1.log
audit_27_provenance.json
audit_28_attempt1.log
audit_29.jsonl
audit_29_attempt1.jsonl
audit_29_attempt1.log
audit_29_provenance.json
audit_30_attempt1.log
candidates.jsonl
construct_01_provenance.json
construct_02_attempt1.log
construct_02_attempt2.log
construct_02_provenance.json
construct_03_attempt1.log
construct_03_attempt2.log
construct_03_provenance.json
construct_04_attempt1.log
construct_04_provenance.json
construct_05_attempt1.log
construct_05_attempt2.log
construct_05_provenance.json
construct_06_attempt1.log
construct_06_provenance.json
construct_07_attempt1.log
construct_07_provenance.json
construct_08_attempt1.log
construct_08_provenance.json
construct_09_attempt1.log
construct_09_attempt2.log
construct_09_provenance.json
construct_10_attempt1.log
construct_10_attempt2.log
construct_10_provenance.json
construct_11_attempt1.log
construct_11_attempt2.log
construct_11_provenance.json
construct_11_recovery_muse.log
construct_12_attempt1.log
construct_12_attempt2.log
construct_12_provenance.json
construct_12_recovery1.log
construct_13_attempt1.log
construct_13_provenance.json
construct_14_attempt1.log
construct_14_attempt2.log
construct_15_attempt1.log
construct_15_attempt2.log
construct_16_attempt1.log
construct_16_attempt2.log
construct_17_attempt1.log
construct_21_attempt1.log
construct_21_provenance.json
construct_22_attempt1.log
construct_22_provenance.json
construct_23_attempt1.log
construct_23_provenance.json
construct_24_attempt1.log
construct_24_provenance.json
construct_25_attempt1.log
construct_25_attempt2.log
construct_25_recovery1.log
construct_26_attempt1.log
construct_26_attempt2.log
construct_26_recovery1.log
construct_27_attempt1.log
construct_27_provenance.json
construct_28_attempt1.log
construct_28_attempt2.log
construct_28_provenance.json
construct_29_attempt1.log
construct_29_attempt2.log
construct_29_provenance.json
construct_30_attempt1.log
construct_30_provenance.json
format_smoke_item.jsonl
generated_01.jsonl
generated_02.jsonl
generated_02_attempt1.jsonl
generated_02_attempt2.jsonl
generated_03.jsonl
generated_03_attempt1.jsonl
generated_03_attempt2.jsonl
generated_04.jsonl
generated_04_attempt1.jsonl
generated_05.jsonl
generated_05_attempt1.jsonl
generated_05_attempt2.jsonl
generated_06.jsonl
generated_06_attempt1.jsonl
generated_07.jsonl
generated_07_attempt1.jsonl
generated_08.jsonl
generated_08_attempt1.jsonl
generated_09.jsonl
generated_09_attempt1.jsonl
generated_09_attempt2.jsonl
generated_10.jsonl
generated_10_attempt2.jsonl
generated_11.jsonl
generated_11_attempt1.jsonl
generated_11_recovery_muse.jsonl
generated_12.jsonl
generated_12_attempt1.jsonl
generated_12_recovery1.jsonl
generated_13.jsonl
generated_13_attempt1.jsonl
generated_21.jsonl
generated_21_attempt1.jsonl
generated_22.jsonl
generated_22_attempt1.jsonl
generated_23.jsonl
generated_23_attempt1.jsonl
generated_24.jsonl
generated_24_attempt1.jsonl
generated_27.jsonl
generated_27_attempt1.jsonl
generated_28.jsonl
generated_28_attempt2.jsonl
generated_29.jsonl
generated_29_attempt2.jsonl
generated_30.jsonl
generated_30_attempt1.jsonl
input_01.jsonl
input_02.jsonl
input_03.jsonl
input_04.jsonl
input_05.jsonl
input_06.jsonl
input_07.jsonl
input_08.jsonl
input_09.jsonl
input_10.jsonl
input_11.jsonl
input_12.jsonl
input_13.jsonl
input_14.jsonl
input_15.jsonl
input_16.jsonl
input_17.jsonl
input_18.jsonl
input_19.jsonl
input_20.jsonl
input_21.jsonl
input_22.jsonl
input_23.jsonl
input_24.jsonl
input_25.jsonl
input_26.jsonl
input_27.jsonl
input_28.jsonl
input_29.jsonl
input_30.jsonl
review_01.jsonl
review_02.jsonl
review_03.jsonl
review_04.jsonl
review_05.jsonl
review_06.jsonl
review_07.jsonl
review_08.jsonl
review_09.jsonl
review_10.jsonl
review_11.jsonl
review_12.jsonl
review_13.jsonl
review_21.jsonl
review_22.jsonl
review_23.jsonl
review_24.jsonl
review_27.jsonl
review_28.jsonl
review_29.jsonl
review_30.jsonl
selection_ledger.jsonl
selection_report.json
source_report.json
> build · mimo-v2.6-flash-free
