[0m
> build · longcat-2.5-preview-free
[0m→ [0mRead data/items/g33_final/AUDIT.md 
[0m→ [0mRead data/items/g33_final/review_24.jsonl 
> build · longcat-2.5-preview-free
Now I'll process each row according to the audit instructions and write the output file.
[0m← [0mWrite data/items/g33_final/audit_24_attempt1.jsonl
Created file successfully: data/items/g33_final/audit_24_attempt1.jsonl
> build · longcat-2.5-preview-free
Now let me verify the JSON row count and IDs:
[0m⚙ [0mexecute {"code":"const fs = require('fs');\nconst input = fs.readFileSync('/home/xiang/research_hun/try_clone/data/items/g33_final/review_24.jsonl', 'utf8').trim().split('\\n');\nconst output = fs.readFileSync('/home/xiang/research_hun/try_clone/data/items/g33_final/audit_24_attempt1.jsonl', 'utf8').trim().split('\\n');\n\nconst inputIds = input.map(l => JSON.parse(l).id);\nconst outputIds = output.map(l => JSON.parse(l).id);\n\nconsole.log(`Input rows: ${input.length}`);\nconsole.log(`Output rows: ${output.length}`);\nconsole.log(`IDs match: ${JSON.stringify(inputIds) === JSON.stringify(outputIds)}`);\nconsole.log(`All IDs: ${outputIds.join(', ')}`);\n\n// Validate JSON structure\nconst requiredFields = ['id', 'e_a_relation', 'e_b_relation', 'x_a_relation', 'x_b_relation', 'source_valid', 'faithful', 'natural', 'accept', 'reason'];\nlet allValid = true;\noutput.forEach((line, i) => {\n  const obj = JSON.parse(line);\n  const missing = requiredFields.filter(f => !(f in obj));\n  if (missing.length > 0) {\n    console.log(`Row ${i+1} (${obj.id}): missing fields: ${missing.join(', ')}`);\n    allValid = false;\n  }\n});\nconsole.log(`All rows have required fields: ${allValid}`);"} 
> build · longcat-2.5-preview-free
[0m$ [0mpython3 -c "
import json

with open('/home/xiang/research_hun/try_clone/data/items/g33_final/review_24.jsonl') as f:
    input_lines = [l.strip() for l in f if l.strip()]
with open('/home/xiang/research_hun/try_clone/data/items/g33_final/audit_24_attempt1.jsonl') as f:
    output_lines = [l.strip() for l in f if l.strip()]

input_ids = [json.loads(l)['id'] for l in input_lines]
output_ids = [json.loads(l)['id'] for l in output_lines]

print(f'Input rows: {len(input_lines)}')
print(f'Output rows: {len(output_lines)}')
print(f'IDs match: {input_ids == output_ids}')
print(f'All IDs: {output_ids}')

required = ['id','e_a_relation','e_b_relation','x_a_relation','x_b_relation','source_valid','faithful','natural','accept','reason']
all_valid = True
for i, line in enumerate(output_lines):
    obj = json.loads(line)
    missing = [f for f in required if f not in obj]
    if missing:
        print(f'Row {i+1} ({obj.get(\"id\",\"?\")}): missing fields: {missing}')
        all_valid = False
print(f'All rows have required fields: {all_valid}')
"

Input rows: 20
Output rows: 20
IDs match: True
All IDs: ['g33_0460', 'g33_0461', 'g33_0462', 'g33_0463', 'g33_0464', 'g33_0465', 'g33_0466', 'g33_0467', 'g33_0468', 'g33_0469', 'g33_0470', 'g33_0471', 'g33_0472', 'g33_0473', 'g33_0474', 'g33_0475', 'g33_0476', 'g33_0477', 'g33_0478', 'g33_0479']
All rows have required fields: True
> build · longcat-2.5-preview-free
Verification complete. The audit output file `data/items/g33_final/audit_24_attempt1.jsonl` has been written and validated:

- **Row count**: 20 input rows → 20 output rows (match)
- **IDs**: All 20 IDs match exactly between input and output
- **JSON validity**: All rows are valid JSON with all required fields present

**Summary of audit decisions:**

| ID | E_A | E_B | X_A | X_B | Accept | Key Issue |
|---|---|---|---|---|---|---|
| g33_0460 | support | refute | support | refute | **true** | Clean item |
| g33_0461 | refute | support | refute | support | **true** | Clean item |
| g33_0462 | refute | unclear | unclear | unclear | **false** | E_B corrupted ("two" but lists 3 songs); X empty |
| g33_0463 | support | refute | unclear | unclear | **false** | X empty |
| g33_0464 | support | refute | unclear | unclear | **false** | X empty |
| g33_0465 | support | support | unclear | unclear | **false** | No refute E; X empty |
| g33_0466 | support | support | unclear | unclear | **false** | No refute E; X empty |
| g33_0467 | support | unclear | unclear | unclear | **false** | E_B corrupted; X empty |
| g33_0468 | refute | support | refute | support | **true** | Clean item |
| g33_0469 | support | refute | support | refute | **true** | Clean item |
| g33_0470 | support | support | unclear | unclear | **false** | No refute E; X empty |
| g33_0471 | support | support | unclear | unclear | **false** | No refute E; X empty |
| g33_0472 | support | refute | unclear | unclear | **false** | X empty |
| g33_0473 | refute | support | refute | support | **true** | Clean item |
| g33_0474 | support | support | unclear | unclear | **false** | No refute E; X empty |
| g33_0475 | support | refute | unclear | unclear | **false** | X empty |
| g33_0476 | refute | support | refute | support | **true** | Clean item |
| g33_0477 | refute | support | refute | support | **true** | Clean item |
| g33_0478 | support | refute | support | refute | **true** | Clean item |
| g33_0479 | refute | support | unclear | unclear | **false** | X empty |

**8 accepted, 12 rejected.** The primary rejection reasons are: (1) empty X_A/X_B strings (10 rows), (2) both E sides supporting with no refute (5 rows), and (3) corrupted source text (2 rows).
