[0m
> build · longcat-2.5-preview-free
[0m→ [0mRead data/items/g33_final/review_12.jsonl 
[0m→ [0mRead data/items/g33_final/AUDIT.md 
> build · longcat-2.5-preview-free
Now I'll process each row according to the audit instructions and write the output.
[0m← [0mWrite data/items/g33_final/audit_12_recovery1.jsonl
Created file successfully: data/items/g33_final/audit_12_recovery1.jsonl
> build · longcat-2.5-preview-free
Now let me verify the JSON row count and IDs:
[0m⚙ [0mexecute {"code":"const fs = require('fs');\nconst input = fs.readFileSync('/home/xiang/research_hun/try_clone/data/items/g33_final/review_12.jsonl', 'utf8').trim().split('\\n');\nconst output = fs.readFileSync('/home/xiang/research_hun/try_clone/data/items/g33_final/audit_12_recovery1.jsonl', 'utf8').trim().split('\\n');\n\nconst inputIds = input.map(l => JSON.parse(l).id);\nconst outputIds = output.map(l => JSON.parse(l).id);\n\nconsole.log('Input rows:', input.length);\nconsole.log('Output rows:', output.length);\nconsole.log('IDs match:', JSON.stringify(inputIds) === JSON.stringify(outputIds));\nconsole.log('All output IDs:', outputIds.join(', '));\n\n// Validate each output row has required fields\nconst required = ['id','e_a_relation','e_b_relation','x_a_relation','x_b_relation','source_valid','faithful','natural','accept','reason'];\noutput.forEach((line, i) => {\n  const obj = JSON.parse(line);\n  const missing = required.filter(k => !(k in obj));\n  if (missing.length) console.log(`Row ${i} (${obj.id}) missing:`, missing);\n});\nconsole.log('All rows have required fields.');\n"} 
> build · longcat-2.5-preview-free
[0m$ [0mpython3 -c "
import json

with open('data/items/g33_final/review_12.jsonl') as f:
    input_ids = [json.loads(line)['id'] for line in f if line.strip()]

with open('data/items/g33_final/audit_12_recovery1.jsonl') as f:
    output_lines = [line for line in f if line.strip()]
    output_ids = [json.loads(line)['id'] for line in output_lines]

required = ['id','e_a_relation','e_b_relation','x_a_relation','x_b_relation','source_valid','faithful','natural','accept','reason']

print(f'Input rows: {len(input_ids)}')
print(f'Output rows: {len(output_ids)}')
print(f'IDs match: {input_ids == output_ids}')
print(f'All output IDs: {output_ids}')

for i, line in enumerate(output_lines):
    obj = json.loads(line)
    missing = [k for k in required if k not in obj]
    if missing:
        print(f'Row {i} ({obj.get(\"id\",\"?\")}) missing: {missing}')

print('Validation complete.')
"

Input rows: 20
Output rows: 20
IDs match: True
All output IDs: ['g33_0220', 'g33_0221', 'g33_0222', 'g33_0223', 'g33_0224', 'g33_0225', 'g33_0226', 'g33_0227', 'g33_0228', 'g33_0229', 'g33_0230', 'g33_0231', 'g33_0232', 'g33_0233', 'g33_0234', 'g33_0235', 'g33_0236', 'g33_0237', 'g33_0238', 'g33_0239']
Validation complete.
> build · longcat-2.5-preview-free
Audit complete. `data/items/g33_final/audit_12_recovery1.jsonl` written with 20 rows matching all 20 input IDs.

**Summary:**

| Result | Count | IDs |
|--------|-------|-----|
| **Accepted** | 14 | g33_0221–0227, g33_0229–0230, g33_0232–0235, g33_0237, g33_0239 |
| **Rejected** | 6 | g33_0220, g33_0228, g33_0231, g33_0236, g33_0238 |

**Rejection reasons:**

- **g33_0220, g33_0231** — X_A/X_B are empty strings; no paraphrase role alignment possible.
- **g33_0228** — E_B uses "punk rock" (overlapping genre label, not necessarily contradictory to "pop punk") → unclear rather than refute; also empty X fields.
- **g33_0236** — E_A refers to "Deal" not "Mars" (serious corrupted source text / wrong subject); also empty X fields.
- **g33_0238** — E_A says "four alcoholic beverages" which is ambiguous relative to "four major ingredients" → unclear rather than refute; also empty X fields.
