[0m
> build · longcat-2.5-preview-free
[0m→ [0mRead data/items/g33_final/AUDIT.md 
[0m→ [0mRead data/items/g33_final/review_22.jsonl 
> build · longcat-2.5-preview-free
Now I'll process each row according to the audit instructions and write the output.
[0m← [0mWrite data/items/g33_final/audit_22_attempt1.jsonl
Created file successfully: data/items/g33_final/audit_22_attempt1.jsonl
> build · longcat-2.5-preview-free
Now let me verify the JSON row count and IDs:
[0m$ [0mpython3 -c "
import json

with open('data/items/g33_final/review_22.jsonl') as f:
    input_ids = [json.loads(line)['id'] for line in f if line.strip()]

with open('data/items/g33_final/audit_22_attempt1.jsonl') as f:
    output_rows = [json.loads(line) for line in f if line.strip()]

output_ids = [row['id'] for row in output_rows]

print(f'Input rows: {len(input_ids)}')
print(f'Output rows: {len(output_rows)}')
print(f'IDs match: {input_ids == output_ids}')
print(f'All IDs unique: {len(output_ids) == len(set(output_ids))}')

required_fields = ['id', 'e_a_relation', 'e_b_relation', 'x_a_relation', 'x_b_relation', 'source_valid', 'faithful', 'natural', 'accept', 'reason']
for row in output_rows:
    missing = [f for f in required_fields if f not in row]
    if missing:
        print(f'Row {row[\"id\"]} missing fields: {missing}')

print('All rows have required fields: True')
print(f'Accepted rows: {sum(1 for r in output_rows if r[\"accept\"])}')
print(f'Rejected rows: {sum(1 for r in output_rows if not r[\"accept\"])}')
"

Input rows: 20
Output rows: 20
IDs match: True
All IDs unique: True
All rows have required fields: True
Accepted rows: 12
Rejected rows: 8
[91m[1mError: [0mTransport: The socket connection was closed unexpectedly. For more information, pass `verbose: true` in the second argument to fetch()
