[0m
> build · mimo-v2.6-flash-free
[0m→ [0mRead data/items/g33_final/AUDIT.md 
[0m→ [0mRead data/items/g33_final/review_10.jsonl 
> build · mimo-v2.6-flash-free
[0m$ [0mwc -l /home/xiang/research_hun/try_clone/data/items/g33_final/review_10.jsonl; ls /home/xiang/research_hun/try_clone/data/items/g33_final/
20 /home/xiang/research_hun/try_clone/data/items/g33_final/review_10.jsonl
AUDIT.md
CONSTRUCTION.md
audit_01.jsonl
audit_01_attempt1.jsonl
audit_01_attempt1.log
audit_01_provenance.json
audit_02_attempt1.jsonl
audit_02_attempt1.log
audit_02_attempt2.jsonl
audit_02_attempt2.log
audit_02_secondary.log
audit_03_attempt1.jsonl
audit_03_attempt1.log
audit_03_attempt2.log
audit_04.jsonl
audit_04_attempt1.jsonl
audit_04_attempt1.log
audit_04_provenance.json
audit_05_attempt1.jsonl
audit_05_attempt1.log
audit_05_attempt2.log
audit_06.jsonl
audit_06_attempt1.jsonl
audit_06_attempt1.log
audit_06_provenance.json
audit_07.jsonl
audit_07_attempt1.jsonl
audit_07_attempt1.log
audit_07_provenance.json
audit_08.jsonl
audit_08_attempt1.jsonl
audit_08_attempt1.log
audit_08_provenance.json
audit_09_attempt1.log
audit_10_attempt1.log
audit_21.jsonl
audit_21_attempt1.jsonl
audit_21_attempt1.log
audit_21_provenance.json
audit_22.jsonl
audit_22_attempt1.jsonl
audit_22_attempt1.log
audit_22_provenance.json
audit_23.jsonl
audit_23_attempt1.jsonl
audit_23_attempt1.log
audit_23_provenance.json
audit_24.jsonl
audit_24_attempt1.jsonl
audit_24_attempt1.log
audit_24_provenance.json
audit_27_attempt1.log
candidates.jsonl
construct_01_provenance.json
construct_02_attempt1.log
construct_02_attempt2.log
construct_02_provenance.json
construct_03_attempt1.log
construct_03_attempt2.log
construct_03_provenance.json
construct_04_attempt1.log
construct_04_provenance.json
construct_05_attempt1.log
construct_05_attempt2.log
construct_05_provenance.json
construct_06_attempt1.log
construct_06_provenance.json
construct_07_attempt1.log
construct_07_provenance.json
construct_08_attempt1.log
construct_08_provenance.json
construct_09_attempt1.log
construct_09_attempt2.log
construct_09_provenance.json
construct_10_attempt1.log
construct_10_attempt2.log
construct_10_provenance.json
construct_11_attempt1.log
construct_11_attempt2.log
construct_12_attempt1.log
construct_12_attempt2.log
construct_13_attempt1.log
construct_14_attempt1.log
construct_15_attempt1.log
construct_16_attempt1.log
construct_21_attempt1.log
construct_21_provenance.json
construct_22_attempt1.log
construct_22_provenance.json
construct_23_attempt1.log
construct_23_provenance.json
construct_24_attempt1.log
construct_24_provenance.json
construct_25_attempt1.log
construct_25_attempt2.log
construct_26_attempt1.log
construct_26_attempt2.log
construct_27_attempt1.log
construct_27_provenance.json
construct_28_attempt1.log
construct_28_attempt2.log
construct_29_attempt1.log
construct_29_attempt2.log
construct_30_attempt1.log
format_smoke_item.jsonl
generated_01.jsonl
generated_02.jsonl
generated_02_attempt1.jsonl
generated_02_attempt2.jsonl
generated_03.jsonl
generated_03_attempt1.jsonl
generated_03_attempt2.jsonl
generated_04.jsonl
generated_04_attempt1.jsonl
generated_05.jsonl
generated_05_attempt1.jsonl
generated_05_attempt2.jsonl
generated_06.jsonl
generated_06_attempt1.jsonl
generated_07.jsonl
generated_07_attempt1.jsonl
generated_08.jsonl
generated_08_attempt1.jsonl
generated_09.jsonl
generated_09_attempt1.jsonl
generated_09_attempt2.jsonl
generated_10.jsonl
generated_10_attempt2.jsonl
generated_11_attempt1.jsonl
generated_12_attempt1.jsonl
generated_21.jsonl
generated_21_attempt1.jsonl
generated_22.jsonl
generated_22_attempt1.jsonl
generated_23.jsonl
generated_23_attempt1.jsonl
generated_24.jsonl
generated_24_attempt1.jsonl
generated_27.jsonl
generated_27_attempt1.jsonl
input_01.jsonl
input_02.jsonl
input_03.jsonl
input_04.jsonl
input_05.jsonl
input_06.jsonl
input_07.jsonl
input_08.jsonl
input_09.jsonl
input_10.jsonl
input_11.jsonl
input_12.jsonl
input_13.jsonl
input_14.jsonl
input_15.jsonl
input_16.jsonl
input_17.jsonl
input_18.jsonl
input_19.jsonl
input_20.jsonl
input_21.jsonl
input_22.jsonl
input_23.jsonl
input_24.jsonl
input_25.jsonl
input_26.jsonl
input_27.jsonl
input_28.jsonl
input_29.jsonl
input_30.jsonl
review_01.jsonl
review_02.jsonl
review_03.jsonl
review_04.jsonl
review_05.jsonl
review_06.jsonl
review_07.jsonl
review_08.jsonl
review_09.jsonl
review_10.jsonl
review_21.jsonl
review_22.jsonl
review_23.jsonl
review_24.jsonl
review_27.jsonl
selection_ledger.jsonl
selection_report.json
source_report.json
> build · mimo-v2.6-flash-free
I've read both files. Now writing the audit output.
[0m← [0mWrite data/items/g33_final/audit_10_attempt1.jsonl
Created file successfully: data/items/g33_final/audit_10_attempt1.jsonl
> build · mimo-v2.6-flash-free
[0m$ [0mcd /home/xiang/research_hun/try_clone/data/items/g33_final && python3 -c "
import json
inp=[json.loads(l) for l in open('review_10.jsonl')]
out=[json.loads(l) for l in open('audit_10_attempt1.jsonl')]
print('input rows', len(inp), 'output rows', len(out))
print('ids match order:', [r['id'] for r in inp]==[r['id'] for r in out])
print('unique ids:', len({r['id'] for r in out})==len(out))
keys=['id','e_a_relation','e_b_relation','x_a_relation','x_b_relation','source_valid','faithful','natural','accept','reason']
print('keys ok:', all(list(r.keys())==keys for r in out))
vals={'support','refute','unclear'}
print('relations ok:', all(r[k] in vals for r in out for k in ['e_a_relation','e_b_relation','x_a_relation','x_b_relation']))
print('bools ok:', all(isinstance(r[k],bool) for r in out for k in ['source_valid','faithful','natural','accept']))
print('reasons nonempty:', all(len(r['reason'])>40 for r in out))
print('accepted:', [r['id'] for r in out if r['accept']])
print('rejected:', [r['id'] for r in out if not r['accept']])
"

input rows 20 output rows 20
ids match order: True
unique ids: True
keys ok: True
relations ok: True
bools ok: True
reasons nonempty: True
accepted: ['g33_0180', 'g33_0182', 'g33_0185', 'g33_0191', 'g33_0196', 'g33_0198']
rejected: ['g33_0181', 'g33_0183', 'g33_0184', 'g33_0186', 'g33_0187', 'g33_0188', 'g33_0189', 'g33_0190', 'g33_0192', 'g33_0193', 'g33_0194', 'g33_0195', 'g33_0197', 'g33_0199']
> build · mimo-v2.6-flash-free
[0m← [0mEdit data/items/g33_final/audit_10_attempt1.jsonl
Index: data/items/g33_final/audit_10_attempt1.jsonl
===================================================================
--- data/items/g33_final/audit_10_attempt1.jsonl
+++ data/items/g33_final/audit_10_attempt1.jsonl
@@ -5,9 +5,9 @@
 {"id": "g33_0184", "e_a_relation": "support", "e_b_relation": "support", "x_a_relation": "unclear", "x_b_relation": "unclear", "source_valid": true, "faithful": false, "natural": false, "accept": false, "reason": "E_A says EMU's three stages culminate in adoption of the euro, supporting the causal claim; its 'European Monetary Union' wording versus the claim's 'European Economic and Monetary Union' is a label variant of the same EMU, not a factual contrast. E_B uses the claim's full name and states the same euro-culmination, so it also supports. There is no refute side and x_a/x_b are empty. Source sentences are grammatical (the spaced parentheses are tokenization artifacts, not corruption). Reject."}
 {"id": "g33_0185", "e_a_relation": "support", "e_b_relation": "refute", "x_a_relation": "support", "x_b_relation": "refute", "source_valid": true, "faithful": true, "natural": true, "accept": true, "reason": "E_A says that after independence the state came to be known as the Kingdom of New Spain (support); E_B says the same post-independence territory came to be known as the State of Mexico instead, contradicting the asserted name (refute). X_A keeps independence plus Kingdom of New Spain (support) and X_B keeps independence plus State of Mexico (refute), aligning with their E rows. Neither paraphrase adds facts beyond its source (dropping the naming-after-the-capital clause is omission, not distortion); X_B's 'the territory' is a loose but recoverable referent. Sources are grammatical, with 'said territory' stiff but legible. Accept."}
 {"id": "g33_0186", "e_a_relation": "support", "e_b_relation": "support", "x_a_relation": "unclear", "x_b_relation": "unclear", "source_valid": true, "faithful": false, "natural": false, "accept": false, "reason": "E_A says Soyuz carried cosmonauts to Salyut and Mir and now transports crews to and from the ISS; cosmonauts fall within the astronaut category and the sentence never denies astronaut transport, so it supports rather than refutes. E_B says 'astronauts' outright (support). Two supports means no refute side, and x_a/x_b are empty so there is nothing faithful or natural to score. Source sentences are complete and grammatical. Reject."}
 {"id": "g33_0187", "e_a_relation": "support", "e_b_relation": "unclear", "x_a_relation": "unclear", "x_b_relation": "unclear", "source_valid": false, "faithful": false, "natural": false, "accept": false, "reason": "E_A places the historical centre of 'Angelo' on the left bank of the Arga, supporting the claim exactly as worded (left bank matches 'left boundary'). E_B is about Pamplona, not the claim's Angelo, so it neither supports nor refutes an Angelo claim; the entity mismatch also conflicts with the row's own page (Pamplona), indicating an entity substitution in the claim/E_A rather than a genuine contrast, so source_valid=false. x_a/x_b are empty, leaving no summaries to judge. Reject."}
-{"id": "g33_0188", "e_a_relation": "refute", "e_b_relation": "support", "x_a_relation": "refute", "x_b_relation": "support", "source_valid": false, "faithful": true, "natural": true, "accept": false, "reason": "E_A's headline count of 'four children' contradicts the claim's three (refute), but the same sentence then enumerates only Daniel, Emily and Daisy - three names for the stated four - so the source is internally inconsistent about the very number in dispute and cannot be relied on (source_valid=false; reject rather than repair). E_B states three children with the same three names (support). X_A and X_b restate the four- and three-child versions faithfully and naturally with no added facts, and the E/X roles align, but source validity is a precondition for accept. Reject."}
+{"id": "g33_0188", "e_a_relation": "refute", "e_b_relation": "support", "x_a_relation": "refute", "x_b_relation": "support", "source_valid": false, "faithful": true, "natural": true, "accept": false, "reason": "E_A's headline count of 'four children' contradicts the claim's three (refute), but the same sentence then enumerates only Daniel, Emily and Daisy - three names for the stated four - so the source is internally inconsistent about the very number in dispute and cannot be relied on (source_valid=false; reject rather than repair). E_B states three children with the same three names (support). X_A and X_B restate the four- and three-child versions faithfully and naturally with no added facts, and the E/X roles align, but source validity is a precondition for accept. Reject."}
 {"id": "g33_0189", "e_a_relation": "support", "e_b_relation": "support", "x_a_relation": "unclear", "x_b_relation": "unclear", "source_valid": true, "faithful": false, "natural": false, "accept": false, "reason": "E_A identifies Alex (Evan Peters) as the manager she works with at Adult World; it labels the store a 'small sex shop' rather than an 'adult book store', an overlapping retail label that does not contradict the claim, and it supports the actor/character/manager facts. E_B states manager of an adult book store with Alex (Evan Peters) directly (support). Two supports means no refute side, and x_a/x_b are empty. Both source sentences are grammatical with clear referents. Reject."}
 {"id": "g33_0190", "e_a_relation": "unclear", "e_b_relation": "support", "x_a_relation": "unclear", "x_b_relation": "support", "source_valid": true, "faithful": true, "natural": true, "accept": false, "reason": "E_A gives Lionel's fate as 'killed by Ruber'; being killed does not deny torture and the sentence omits it entirely, so it neither supports nor refutes the torture claim (omission is not refutation). E_B says he is 'tortured by Ruber' (support). X_A faithfully restates the killed-by-Ruber content (unclear) and X_B the tortured content (support); both are natural, non-verbatim, and add no facts beyond their sources. The cast-list text with a stray footnote asterisk is legible. Reject because there is no refute E or refute X."}
 {"id": "g33_0191", "e_a_relation": "refute", "e_b_relation": "support", "x_a_relation": "refute", "x_b_relation": "support", "source_valid": true, "faithful": true, "natural": true, "accept": true, "reason": "E_A places Martinsburg in the upper Shenandoah Valley, directly contradicting 'lower' (refute); E_B places it in the lower Shenandoah Valley (support). X_A and X_B restate the upper and lower localities respectively, matching their E counterparts (refute/support), preserving the decisive fact with no added credentials or motives, and reading as natural, similarly styled sentences that are not copies. Both source sentences are complete and grammatical. Accept."}
 {"id": "g33_0192", "e_a_relation": "support", "e_b_relation": "refute", "x_a_relation": "unclear", "x_b_relation": "unclear", "source_valid": true, "faithful": false, "natural": false, "accept": false, "reason": "Read as 'not yet owned by Viacom', E_A denies that Paramount Network is an American cable/satellite channel owned by Viacom, which matches the claim's exception of Paramount Network (support); the negation word order is awkward but its meaning is recoverable, so the source is usable. E_B affirms it is an upcoming American channel owned by Viacom, contradicting the exception (refute). x_a and x_b are empty, so there are no summaries to judge for faithfulness or naturalness. Reject for missing X summaries."}

> build · mimo-v2.6-flash-free
[0m$ [0mcd /home/xiang/research_hun/try_clone/data/items/g33_final && python3 -c "
import json
inp=[json.loads(l)['id'] for l in open('review_10.jsonl')]
out=[json.loads(l) for l in open('audit_10_attempt1.jsonl')]
print('rows:', len(out), '| ids identical & ordered:', [r['id'] for r in out]==inp)
"

rows: 20 | ids identical & ordered: True
> build · mimo-v2.6-flash-free
Done. Wrote `data/items/g33_final/audit_10_attempt1.jsonl`.

**Verification:** 20 JSON rows (parse-clean), IDs exactly match the 20 input IDs in order, all 10 required keys present per row, relations limited to `support`/`refute`/`unclear`, booleans typed correctly, every row has a concrete item-specific reason.

**Accepts (6):**
- `g33_0180` Twelve Forever (Hill vs Vickerman pilot), `g33_0182` Analyze This (Crystal vs Thornton), `g33_0185` Mexico (Kingdom of New Spain vs State of Mexico), `g33_0191` Martinsburg (upper vs lower Shenandoah), `g33_0196` Mkhitaryan (Londesborough vs Yerevan), `g33_0198` Jordon Ibe (Wrexham vs Liverpool in one match)

**Rejects (14), with reasons flagged rather than fixed:**
- Missing `x_a`/`x_b` summaries (10 rows): `0181`, `0183`, `0184`, `0186`, `0189`, `0192`, `0193`, `0194`, `0197`, `0199` — several also fail the support/refute pairing (e.g., metal/rock and wuxia/martial-arts are overlapping labels, not contrasts; cosmonaut/astronaut is not a contradiction).
- Source validity failures: `0187` (claim/E_A say "Angelo" but page and E_B say Pamplona — entity substitution), `0188` ("four children" followed by only three names — internally inconsistent decisive fact), `0195` (unresolved competing "his" pronouns).
- No refute side: `0190` (killed vs tortured — omission is not refutation).

Only `AUDIT.md` and `review_10.jsonl` were read; no other file contents were opened.
