[0m
> build · muse-spark-1.3-contributor-free
Fixing your audit file — reading only the two allowed sources.
[0m→ [0mRead data/items/g33_final/AUDIT.md 
[0m→ [0mRead data/items/g33_final/review_28.jsonl 
> build · muse-spark-1.3-contributor-free
Audited all 20 rows — now writing the recovery file.
[0m← [0mWrite data/items/g33_final/audit_28_recovery1.jsonl
Created file successfully: data/items/g33_final/audit_28_recovery1.jsonl
> build · muse-spark-1.3-contributor-free
[0m$ [0mpython3 -c "import json; p='data/items/g33_final/audit_28_recovery1.jsonl'; rows=[json.loads(l) for l in open(p) if l.strip()]; print('count',len(rows)); print('ids', [r['id'] for r in rows]); inp=[json.loads(l)['id'] for l in open('data/items/g33_final/review_28.jsonl') if l.strip()]; print('match_input', [r['id'] for r in rows]==inp); print('required_keys_ok', all(set(r)=={'id','e_a_relation','e_b_relation','x_a_relation','x_b_relation','source_valid','faithful','natural','accept','reason'} for r in rows)); print('relations_ok', all(r[k] in ('support','refute','unclear') for r in rows for k in ('e_a_relation','e_b_relation','x_a_relation','x_b_relation')))"
wc -l data/items/g33_final/audit_28_recovery1.jsonl data/items/g33_final/review_28.jsonl
count 20
ids ['g33_0540', 'g33_0541', 'g33_0542', 'g33_0543', 'g33_0544', 'g33_0545', 'g33_0546', 'g33_0547', 'g33_0548', 'g33_0549', 'g33_0550', 'g33_0551', 'g33_0552', 'g33_0553', 'g33_0554', 'g33_0555', 'g33_0556', 'g33_0557', 'g33_0558', 'g33_0559']
match_input True
required_keys_ok True
relations_ok True
   20 data/items/g33_final/audit_28_recovery1.jsonl
   20 data/items/g33_final/review_28.jsonl
   40 total
> build · muse-spark-1.3-contributor-free
Wrote `data/items/g33_final/audit_28_recovery1.jsonl` with 20 rows, IDs `g33_0540`–`g33_0559` matching `review_28.jsonl` in order. All rows have required keys and valid relation labels.
