[0m
> build · longcat-2.5-preview-free
[0m→ [0mRead data/items/g33_final/AUDIT.md 
[0m→ [0mRead data/items/g33_final/review_36.jsonl 
> build · longcat-2.5-preview-free
Now I'll process each row according to the audit instructions and write the output.
[0m← [0mWrite data/items/g33_final/audit_36_recovery1.jsonl
Created file successfully: data/items/g33_final/audit_36_recovery1.jsonl
> build · longcat-2.5-preview-free
Now let me verify the JSON row count and IDs:
[0m$ [0mcd /home/xiang/research_hun/try_clone && echo "Row count:" && wc -l < data/items/g33_final/audit_36_recovery1.jsonl && echo "IDs:" && python3 -c "
import json
with open('data/items/g33_final/audit_36_recovery1.jsonl') as f:
    ids = []
    for i, line in enumerate(f, 1):
        row = json.loads(line)
        ids.append(row['id'])
        # Verify all required fields exist
        required = ['id','e_a_relation','e_b_relation','x_a_relation','x_b_relation','source_valid','faithful','natural','accept','reason']
        missing = [k for k in required if k not in row]
        if missing:
            print(f'Row {i} ({row[\"id\"]}): MISSING fields: {missing}')
    print(f'Total rows: {len(ids)}')
    print(f'IDs: {ids}')
    # Check uniqueness
    if len(ids) != len(set(ids)):
        print('WARNING: Duplicate IDs found!')
    else:
        print('All IDs unique.')
    # Check against input
    with open('data/items/g33_final/review_36.jsonl') as f:
        input_ids = [json.loads(line)['id'] for line in f]
    if ids == input_ids:
        print('IDs match input order exactly.')
    else:
        print('ID MISMATCH with input!')
        print(f'Input IDs: {input_ids}')
"

Row count:
20
IDs:
Total rows: 20
IDs: ['g33_0700', 'g33_0701', 'g33_0702', 'g33_0703', 'g33_0704', 'g33_0705', 'g33_0706', 'g33_0707', 'g33_0708', 'g33_0709', 'g33_0710', 'g33_0711', 'g33_0712', 'g33_0713', 'g33_0714', 'g33_0715', 'g33_0716', 'g33_0717', 'g33_0718', 'g33_0719']
All IDs unique.
IDs match input order exactly.
> build · longcat-2.5-preview-free
Verification complete. The output file `data/items/g33_final/audit_36_recovery1.jsonl` has been written with:

- **20 rows** — matching the 20 input rows exactly
- **All IDs unique** and in the same order as the input (`g33_0700` through `g33_0719`)
- **All required fields present** in every row: `id`, `e_a_relation`, `e_b_relation`, `x_a_relation`, `x_b_relation`, `source_valid`, `faithful`, `natural`, `accept`, `reason`

**Summary of audit results:**

| Row | ID | E_A | E_B | X_A | X_B | Accept |
|-----|-----|-----|-----|-----|-----|--------|
| g33_0700 | Jon Pardi | refute | support | refute | support | true |
| g33_0701 | B-Real | support | refute | support | refute | true |
| g33_0702 | T.I. | support | refute | support | refute | true |
| g33_0703 | Chelsea | support | unclear | unclear | unclear | false |
| g33_0704 | Eazy-E | unclear | support | unclear | unclear | false |
| g33_0705 | Oseguera Cervantes | support | support | unclear | unclear | false |
| g33_0706 | Almaz | unclear | support | unclear | unclear | false |
| g33_0707 | Happy Feet | support | unclear | unclear | unclear | false |
| g33_0708 | Aaron Judge | support | refute | support | refute | true |
| g33_0709 | Flower Boy | refute | support | refute | support | true |
| g33_0710 | Qatar coronavirus | support | unclear | unclear | unclear | false |
| g33_0711 | Soodhu Kavvum | support | refute | support | refute | true |
| g33_0712 | Putrajaya | unclear | support | unclear | unclear | false |
| g33_0713 | Ice Age | refute | support | refute | support | true |
| g33_0714 | Street Survivors | support | refute | support | refute | true |
| g33_0715 | Pritam | support | support | unclear | unclear | false |
| g33_0716 | Cedric Benson | support | support | unclear | unclear | false |
| g33_0717 | Dreamcast | support | refute | support | refute | true |
| g33_0718 | Breda | unclear | support | unclear | unclear | false |
| g33_0719 | The Water Diviner | unclear | support | unclear | unclear | false |

**8 rows accepted, 12 rows rejected.** The primary rejection reasons were: empty X summaries (missing constructed stimuli), both E sides supporting with no refute present, or E_B being unclear rather than a clear refute.
