[0m
> build · longcat-2.5-preview-free
[0m→ [0mRead data/items/g33_final/AUDIT.md 
[0m→ [0mRead data/items/g33_final/review_20.jsonl 
> build · longcat-2.5-preview-free
I'll read both files and process each row according to the audit instructions.
[0m← [0mWrite data/items/g33_final/audit_20_recovery1.jsonl
Created file successfully: data/items/g33_final/audit_20_recovery1.jsonl
> build · longcat-2.5-preview-free
Now let me verify the JSON row count and IDs:
[0m⚙ [0mexecute {"code":"const fs = require('fs');\nconst input = fs.readFileSync('/home/xiang/research_hun/try_clone/data/items/g33_final/review_20.jsonl', 'utf8').trim().split('\\n');\nconst output = fs.readFileSync('/home/xiang/research_hun/try_clone/data/items/g33_final/audit_20_recovery1.jsonl', 'utf8').trim().split('\\n');\n\nconst inputIds = input.map(l => JSON.parse(l).id);\nconst outputIds = output.map(l => JSON.parse(l).id);\n\nconsole.log(`Input rows: ${input.length}`);\nconsole.log(`Output rows: ${output.length}`);\nconsole.log(`IDs match: ${JSON.stringify(inputIds) === JSON.stringify(outputIds)}`);\nconsole.log(`All JSON valid: ${output.every(l => { try { JSON.parse(l); return true; } catch { return false; } })}`);\nconsole.log(`IDs: ${outputIds.join(', ')}`);\n"} 
> build · longcat-2.5-preview-free
[0m$ [0mpython3 -c "
import json

with open('data/items/g33_final/review_20.jsonl') as f:
    input_lines = [l for l in f.read().strip().split('\n') if l.strip()]
with open('data/items/g33_final/audit_20_recovery1.jsonl') as f:
    output_lines = [l for l in f.read().strip().split('\n') if l.strip()]

input_ids = [json.loads(l)['id'] for l in input_lines]
output_ids = [json.loads(l)['id'] for l in output_lines]

print(f'Input rows: {len(input_lines)}')
print(f'Output rows: {len(output_lines)}')
print(f'IDs match: {input_ids == output_ids}')
print(f'All JSON valid: {all(True for _ in output_lines)}')
print(f'IDs: {output_ids}')
"

Input rows: 20
Output rows: 20
IDs match: True
All JSON valid: True
IDs: ['g33_0380', 'g33_0381', 'g33_0382', 'g33_0383', 'g33_0384', 'g33_0385', 'g33_0386', 'g33_0387', 'g33_0388', 'g33_0389', 'g33_0390', 'g33_0391', 'g33_0392', 'g33_0393', 'g33_0394', 'g33_0395', 'g33_0396', 'g33_0397', 'g33_0398', 'g33_0399']
> build · longcat-2.5-preview-free
Verification complete:

- **Input rows:** 20
- **Output rows:** 20
- **IDs match:** Yes (g33_0380 through g33_0399, all present and in order)
- **All JSON valid:** Yes

The audit output has been written to `data/items/g33_final/audit_20_recovery1.jsonl` with exactly one JSONL row per input, each containing the required fields (`id`, `e_a_relation`, `e_b_relation`, `x_a_relation`, `x_b_relation`, `source_valid`, `faithful`, `natural`, `accept`, `reason`).
