[0m
> build · longcat-2.5-preview-free
[0m→ [0mRead data/items/g33_final/AUDIT.md 
[0m→ [0mRead data/items/g33_final/review_23.jsonl 
> build · longcat-2.5-preview-free
[0m← [0mWrite data/items/g33_final/audit_23_attempt1.jsonl
Created file successfully: data/items/g33_final/audit_23_attempt1.jsonl
> build · longcat-2.5-preview-free
[0m⚙ [0mexecute {"code":"import json\n\noutput_path = \"/home/xiang/research_hun/try_clone/data/items/g33_final/audit_23_attempt1.jsonl\"\ninput_path = \"/home/xiang/research_hun/try_clone/data/items/g33_final/review_23.jsonl\"\n\n# Read and validate output\nwith open(output_path, 'r') as f:\n    output_lines = [line.strip() for line in f if line.strip()]\n\noutput_ids = []\nfor i, line in enumerate(output_lines):\n    try:\n        row = json.loads(line)\n        output_ids.append(row['id'])\n    except json.JSONDecodeError as e:\n        print(f\"INVALID JSON at line {i+1}: {e}\")\n\n# Read input IDs\nwith open(input_path, 'r') as f:\n    input_ids = [json.loads(line.strip())['id'] for line in f if line.strip()]\n\nprint(f\"Output row count: {len(output_lines)}\")\nprint(f\"Input row count: {len(input_ids)}\")\nprint(f\"Counts match: {len(output_lines) == len(input_ids)}\")\nprint(f\"IDs match: {output_ids == input_ids}\")\nprint(f\"Output IDs: {output_ids}\")\n"} 
> build · longcat-2.5-preview-free
[0m$ [0mpython3 -c "
import json

output_path = '/home/xiang/research_hun/try_clone/data/items/g33_final/audit_23_attempt1.jsonl'
input_path = '/home/xiang/research_hun/try_clone/data/items/g33_final/review_23.jsonl'

with open(output_path, 'r') as f:
    output_lines = [line.strip() for line in f if line.strip()]

output_ids = []
for i, line in enumerate(output_lines):
    try:
        row = json.loads(line)
        output_ids.append(row['id'])
    except json.JSONDecodeError as e:
        print(f'INVALID JSON at line {i+1}: {e}')

with open(input_path, 'r') as f:
    input_ids = [json.loads(line.strip())['id'] for line in f if line.strip()]

print(f'Output row count: {len(output_lines)}')
print(f'Input row count: {len(input_ids)}')
print(f'Counts match: {len(output_lines) == len(input_ids)}')
print(f'IDs match: {output_ids == input_ids}')
if output_ids != input_ids:
    print(f'Output IDs: {output_ids}')
    print(f'Input IDs:  {input_ids}')
"

Output row count: 20
Input row count: 20
Counts match: True
IDs match: True
> build · longcat-2.5-preview-free
Done. `data/items/g33_final/audit_23_attempt1.jsonl` has been written with exactly 20 rows — one per input row. Verification confirms:

- **Row count**: 20 output rows = 20 input rows
- **IDs**: All 20 IDs match the input exactly (g33_0440 through g33_0459)
- **JSON validity**: Every row is valid JSON

**Summary of audit results:**

| Row | accept | Key finding |
|-----|--------|-------------|
| g33_0440 | true | Banks vs. Deschanel — clean support/refute pair |
| g33_0441 | false | Both E's support; X's empty |
| g33_0442 | false | E_A corrupted ("Mafuka" for "Guam"); X's empty |
| g33_0443 | false | E_B corrupted ("POLISH" replacing surname) |
| g33_0444 | false | E_B unclear (omits "BAFTA"); X's empty |
| g33_0445 | false | E_B unclear ("British" ≠ refute "Welsh"); X's empty |
| g33_0446 | true | Nathan/Marilynne vs. Scott/Sara — clean pair |
| g33_0447 | false | Both E's support; X's empty |
| g33_0448 | true | Doctorate vs. master's/bachelor's — clean pair |
| g33_0449 | true | American vs. English — clean pair |
| g33_0450 | true | Wisconsin vs. Arlington — clean pair |
| g33_0451 | true | April–October vs. April–July — clean pair |
| g33_0452 | true | St. George vs. Royal George — clean pair |
| g33_0453 | true | Singh & Chopra vs. Padukone — clean pair |
| g33_0454 | false | Both E's support; X's empty |
| g33_0455 | true | AC Milan vs. Sevilla FC — clean pair |
| g33_0456 | false | E_A unclear ("entertainment reporter" ≠ "YouTube personality"); X's empty |
| g33_0457 | true | Twelve vs. thirteen — clean pair |
| g33_0458 | true | James Herbert Keenan vs. Joe Dale LaFon III — clean pair |
| g33_0459 | false | X_B is an awkward, unnatural cleft construction |

**11 accepted, 9 rejected.** Rejections were due to: empty X summaries (7 rows), corrupted source text (2 rows), unclear E relations (3 rows), and one unnatural X summary.
