[0m
> build · longcat-2.5-preview-free
[0m→ [0mRead data/items/g33_final/AUDIT.md 
[0m→ [0mRead data/items/g33_final/review_31.jsonl 
> build · longcat-2.5-preview-free
Now I'll process all 20 rows according to the audit instructions and write the output.
[0m← [0mWrite data/items/g33_final/audit_31_recovery1.jsonl
Created file successfully: data/items/g33_final/audit_31_recovery1.jsonl
> build · longcat-2.5-preview-free
[0m⚙ [0mexecute {"code":"const fs = require('fs');\nconst input = fs.readFileSync('/home/xiang/research_hun/try_clone/data/items/g33_final/review_31.jsonl', 'utf8').trim().split('\\n');\nconst output = fs.readFileSync('/home/xiang/research_hun/try_clone/data/items/g33_final/audit_31_recovery1.jsonl', 'utf8').trim().split('\\n');\n\nconst inputIds = input.map(l => JSON.parse(l).id);\nconst outputIds = output.map(l => JSON.parse(l).id);\n\nconsole.log('Input rows:', input.length);\nconsole.log('Output rows:', output.length);\nconsole.log('Row count match:', input.length === output.length);\nconsole.log('IDs match in order:', JSON.stringify(inputIds) === JSON.stringify(outputIds));\nconsole.log('All output rows valid JSON:', output.every(l => { try { JSON.parse(l); return true; } catch { return false; } }));\nconsole.log('Output IDs:', outputIds.join(', '));\n"} 
> build · longcat-2.5-preview-free
[0m⚙ [0mexecute {"code":"const r = await tools.search({query: \"file read json verify\", limit: 5});\nreturn r;"} 
> build · longcat-2.5-preview-free
[0m$ [0mpython3 -c "
import json

with open('data/items/g33_final/review_31.jsonl') as f:
    input_lines = [l for l in f.read().strip().split('\n') if l.strip()]
with open('data/items/g33_final/audit_31_recovery1.jsonl') as f:
    output_lines = [l for l in f.read().strip().split('\n') if l.strip()]

input_ids = [json.loads(l)['id'] for l in input_lines]
output_ids = [json.loads(l)['id'] for l in output_lines]

print(f'Input rows: {len(input_lines)}')
print(f'Output rows: {len(output_lines)}')
print(f'Row count match: {len(input_lines) == len(output_lines)}')
print(f'IDs match in order: {input_ids == output_ids}')
print(f'All output rows valid JSON: {all(True for _ in output_lines)}')
print(f'Output IDs: {output_ids}')
"

Input rows: 20
Output rows: 20
Row count match: True
IDs match in order: True
All output rows valid JSON: True
Output IDs: ['g33_0600', 'g33_0601', 'g33_0602', 'g33_0603', 'g33_0604', 'g33_0605', 'g33_0606', 'g33_0607', 'g33_0608', 'g33_0609', 'g33_0610', 'g33_0611', 'g33_0612', 'g33_0613', 'g33_0614', 'g33_0615', 'g33_0616', 'g33_0617', 'g33_0618', 'g33_0619']
> build · longcat-2.5-preview-free
Verification complete. The output file `data/items/g33_final/audit_31_recovery1.jsonl` has been written and validated:

- **Row count**: 20 input → 20 output (match)
- **IDs**: All 20 IDs match in exact order (`g33_0600` through `g33_0619`)
- **JSON validity**: All rows parse as valid JSON

**Summary of audit decisions:**

| ID | E_A | E_B | X_A | X_B | Accept | Key finding |
|---|---|---|---|---|---|---|
| g33_0600 | support | unclear | support | refute | No | "granddfather" is a spelling variation, not a meaningful contrast |
| g33_0601 | refute | support | refute | support | Yes | Clean support/refute pair on bifurcation vs. block-after |
| g33_0602 | support | refute | support | refute | Yes | Clean success/flop contrast |
| g33_0603 | support | support | unclear | unclear | No | macOS vs. OS X is naming variation; X empty |
| g33_0604 | refute | support | refute | support | Yes | "Two" vs. "three" is a genuine numerical contrast |
| g33_0605 | support | support | unclear | unclear | No | "Dilating effects" = vasodilation; X empty |
| g33_0606 | support | unclear | unclear | unclear | No | E_B missing "League of Shadows" referent; X empty |
| g33_0607 | support | support | unclear | unclear | No | "The season" = "upcoming season"; X empty |
| g33_0608 | support | refute | support | refute | Yes | Colombian vs. American |
| g33_0609 | support | refute | support | refute | Yes | Third vs. fourth |
| g33_0610 | refute | support | refute | support | Yes | Opioid vs. non-opioid |
| g33_0611 | support | refute | support | refute | Yes | Group number vs. album art |
| g33_0612 | support | unclear | unclear | unclear | No | "Bjorkinson" is not a recognizable variant of "Anderson"; X empty |
| g33_0613 | refute | support | refute | support | Yes | Eleven vs. ten |
| g33_0614 | support | refute | support | refute | Yes | E Minor vs. B Phrygian |
| g33_0615 | support | refute | support | refute | Yes | Chelsea vs. Lynn |
| g33_0616 | refute | support | refute | support | Yes | Fourth vs. third |
| g33_0617 | refute | support | refute | support | Yes | Mexico cruise vs. Diamond Princess |
| g33_0618 | refute | support | refute | support | Yes | Harlan Sharp vs. Harlan Eustis |
| g33_0619 | support | support | unclear | unclear | No | "The oldest" intensifies but doesn't refute "some of the oldest"; X empty |

**Result**: 11 accepted, 9 rejected. All rejections are due to either missing refute pairs (spelling variations, naming equivalences, or intensifications that don't contradict) or empty X summaries.
