[0m
> build · muse-spark-1.3-contributor-free
Challenging each pair on its own — building your attempt file.
[0m→ [0mRead data/items/g33_final/SOURCE_CHALLENGE.md 
[0m→ [0mRead data/items/g33_final/challenge_input_04.jsonl 
> build · muse-spark-1.3-contributor-free
[0m← [0mWrite data/items/g33_final/challenge_04_attempt1.jsonl
Created file successfully: data/items/g33_final/challenge_04_attempt1.jsonl
> build · muse-spark-1.3-contributor-free
Draft written — now verifying IDs and counts.
[0m$ [0mpython3 -c "import json; p='data/items/g33_final/challenge_04_attempt1.jsonl'; rows=[json.loads(l) for l in open(p)]; print('count',len(rows)); print('ids',sorted(r['id'] for r in rows)); exp=['g33_0114','g33_0115','g33_0116','g33_0118','g33_0119','g33_0120','g33_0122','g33_0123','g33_0125','g33_0126','g33_0128','g33_0129','g33_0133','g33_0135','g33_0137','g33_0138','g33_0139','g33_0140','g33_0142','g33_0148']; print('match',sorted(r['id'] for r in rows)==sorted(exp)); print('keys_ok',all(set(r)=={'id','a_relation','b_relation','decisive','clear_scope','readable','reason'} for r in rows)); print('rels_ok',all(r['a_relation'] in ('support','refute','unclear') and r['b_relation'] in ('support','refute','unclear') for r in rows))"
count 20
ids ['g33_0114', 'g33_0115', 'g33_0116', 'g33_0118', 'g33_0119', 'g33_0120', 'g33_0122', 'g33_0123', 'g33_0125', 'g33_0126', 'g33_0128', 'g33_0129', 'g33_0133', 'g33_0135', 'g33_0137', 'g33_0138', 'g33_0139', 'g33_0140', 'g33_0142', 'g33_0148']
match True
keys_ok True
rels_ok True
> build · muse-spark-1.3-contributor-free
Wrote `data/items/g33_final/challenge_04_attempt1.jsonl` with 20 rows.

Verified: count 20, IDs match input (`g33_0114`–`g33_0148` set), keys exactly `id,a_relation,b_relation,decisive,clear_scope,readable,reason`, relations valid.

Challenged pairs independently; marked non-decisive where different shooter/nationality/genre/review/quantifier or ever-vs-current scope allows both true: `g33_0119,0123,0125,0126,0128,0135,0137,0139`.
