[0m
> build · muse-spark-1.3-contributor-free
Challenging each pair on its own — building your attempt file.
[0m→ [0mRead data/items/g33_final/challenge_input_06.jsonl 
[0m→ [0mRead data/items/g33_final/SOURCE_CHALLENGE.md 
> build · muse-spark-1.3-contributor-free
[0m← [0mWrite data/items/g33_final/challenge_06_attempt1.jsonl
Created file successfully: data/items/g33_final/challenge_06_attempt1.jsonl
> build · muse-spark-1.3-contributor-free
Draft complete — now verifying the IDs and counts.
[0m$ [0mpython3 -c "import json; inp=[json.loads(l)['id'] for l in open('data/items/g33_final/challenge_input_06.jsonl')]; out=[json.loads(l) for l in open('data/items/g33_final/challenge_06_attempt1.jsonl')]; oids=[r['id'] for r in out]; print('in:',len(inp),'out:',len(out)); print('id_match:',inp==oids); print('missing:',set(inp)-set(oids),'extra:',set(oids)-set(inp)); keys=set(['id','a_relation','b_relation','decisive','clear_scope','readable','reason']); print('keys_ok:',all(set(r)==keys for r in out)); print('rels_ok:',all(r['a_relation'] in ('support','refute','unclear') and r['b_relation'] in ('support','refute','unclear') for r in out)); print('bools_ok:',all(isinstance(r[k],bool) for r in out for k in ('decisive','clear_scope','readable')))"
in: 20 out: 20
id_match: True
missing: set() extra: set()
keys_ok: True
rels_ok: True
bools_ok: True
> build · muse-spark-1.3-contributor-free
Wrote `data/items/g33_final/challenge_06_attempt1.jsonl`: 20/20 rows, IDs match input order, keys and relation/boolean values valid.

12 decisive true, 8 false on source-only challenge: non-decisive are g33_0202, 0204, 0207, 0211, 0222, 0225, 0226, 0227 due to overlapping review categories, region/broad description, or alias/exclusivity gaps.
