[0m
> build · longcat-2.5-preview-free
[0m→ [0mRead data/items/g33_final/SOURCE_CHALLENGE.md 
[0m→ [0mRead data/items/g33_final/challenge_input_18.jsonl 
> build · longcat-2.5-preview-free
Now I'll analyze each pair independently and write the output file.
[0m← [0mWrite data/items/g33_final/challenge_18_attempt2.jsonl
Created file successfully: data/items/g33_final/challenge_18_attempt2.jsonl
> build · longcat-2.5-preview-free
[0m→ [0mRead data/items/g33_final/challenge_input_18.jsonl 
[0m→ [0mRead data/items/g33_final/challenge_18_attempt2.jsonl 
> build · longcat-2.5-preview-free
**Verification complete.**

- **Input file**: `data/items/g33_final/challenge_input_18.jsonl` — 20 lines
- **Output file**: `data/items/g33_final/challenge_18_attempt2.jsonl` — 20 lines
- **IDs match**: All 20 IDs (g33_0635 through g33_0673) are present in the same order in both files
- **Count**: 20 input → 20 output ✓

**Summary of judgments:**

| ID | A relation | B relation | Decisive |
|---|---|---|---|
| g33_0635 | refute | support | ✓ |
| g33_0640 | support | refute | ✓ |
| g33_0641 | refute | support | ✓ |
| g33_0642 | support | unclear | — |
| g33_0643 | support | refute | ✓ |
| g33_0644 | support | refute | ✓ |
| g33_0646 | support | refute | ✓ |
| g33_0649 | refute | support | ✓ |
| g33_0650 | support | refute | ✓ |
| g33_0651 | refute | support | ✓ |
| g33_0653 | support | refute | ✓ |
| g33_0656 | refute | support | ✓ |
| g33_0657 | refute | support | ✓ |
| g33_0658 | refute | support | ✓ |
| g33_0662 | support | refute | ✓ |
| g33_0664 | refute | support | ✓ |
| g33_0667 | support | refute | ✓ |
| g33_0671 | refute | support | ✓ |
| g33_0672 | support | refute | ✓ |
| g33_0673 | refute | support | ✓ |

19 of 20 items are decisive (exactly one support + one refute). The sole non-decisive item is **g33_0642** (Boateng/Sassuolo), where E_B's "plays for FC Barcelona on loan from Sassuolo" is compatible with the claim rather than refuting it.
