[0m
> build · longcat-2.5-preview-free
[0m→ [0mRead data/items/g33_final/challenge_input_17.jsonl 
[0m→ [0mRead data/items/g33_final/SOURCE_CHALLENGE.md 
> build · longcat-2.5-preview-free
Now I'll analyze each pair independently and write the results.
[0m← [0mWrite data/items/g33_final/challenge_17_attempt2.jsonl
Created file successfully: data/items/g33_final/challenge_17_attempt2.jsonl
> build · longcat-2.5-preview-free
Now let me verify the IDs and count match the input:
[0m$ [0mecho "Input IDs:"; cat data/items/g33_final/challenge_input_17.jsonl | python3 -c "import sys,json; [print(json.loads(l)['id']) for l in sys.stdin]" | sort > /tmp/opencode/input_ids.txt; wc -l < /tmp/opencode/input_ids.txt; cat /tmp/opencode/input_ids.txt; echo "---"; echo "Output IDs:"; cat data/items/g33_final/challenge_17_attempt2.jsonl | python3 -c "import sys,json; [print(json.loads(l)['id']) for l in sys.stdin]" | sort > /tmp/opencode/output_ids.txt; wc -l < /tmp/opencode/output_ids.txt; cat /tmp/opencode/output_ids.txt; echo "---"; echo "Diff:"; diff /tmp/opencode/input_ids.txt /tmp/opencode/output_ids.txt && echo "IDs MATCH"
Input IDs:
20
g33_0601
g33_0602
g33_0604
g33_0608
g33_0609
g33_0610
g33_0611
g33_0613
g33_0614
g33_0615
g33_0616
g33_0617
g33_0618
g33_0620
g33_0623
g33_0625
g33_0627
g33_0628
g33_0629
g33_0633
---
Output IDs:
20
g33_0601
g33_0602
g33_0604
g33_0608
g33_0609
g33_0610
g33_0611
g33_0613
g33_0614
g33_0615
g33_0616
g33_0617
g33_0618
g33_0620
g33_0623
g33_0625
g33_0627
g33_0628
g33_0629
g33_0633
---
Diff:
IDs MATCH
> build · longcat-2.5-preview-free
Verification complete. The output file `data/items/g33_final/challenge_17_attempt2.jsonl` has been written with:

- **Count**: 20 items (matches input)
- **IDs**: All 20 match exactly (g33_0601 through g33_0633)

**Summary of judgments:**

| ID | A relation | B relation | Decisive | Clear scope |
|---|---|---|---|---|
| g33_0601 | refute | support | ✓ | ✓ |
| g33_0602 | support | refute | ✓ | ✓ |
| g33_0604 | refute | support | ✓ | ✓ |
| g33_0608 | support | unclear | — | ✓ |
| g33_0609 | support | refute | ✓ | ✓ |
| g33_0610 | refute | support | ✓ | ✓ |
| g33_0611 | support | refute | ✓ | ✓ |
| g33_0613 | refute | support | ✓ | ✓ |
| g33_0614 | support | refute | ✓ | ✓ |
| g33_0615 | support | refute | ✓ | ✓ |
| g33_0616 | refute | support | ✓ | ✓ |
| g33_0617 | refute | support | ✓ | ✓ |
| g33_0618 | unclear | support | — | — |
| g33_0620 | support | refute | ✓ | ✓ |
| g33_0623 | support | refute | ✓ | ✓ |
| g33_0625 | refute | support | ✓ | ✓ |
| g33_0627 | refute | support | ✓ | ✓ |
| g33_0628 | refute | support | ✓ | ✓ |
| g33_0629 | refute | support | ✓ | ✓ |
| g33_0633 | support | refute | ✓ | ✓ |

**Key decisions:**
- **g33_0608** (Kali Uchis): E_B says "American" but dual nationality is ordinary — doesn't cleanly refute "Colombian." Marked unclear.
- **g33_0618** (Molly's Game): E_A refers to "Harlan Sharp" (different person) — a compatible fact about someone else, not a refutation. Clear scope is false since E_A concerns a different referent.
- **g33_0611** (Ghosts I-IV): E_B's "identified **only** by track listing, position, and album art" excludes group number — refutes.
- **g33_0613** (Death Magnetic): E_A says "eleven" vs. claim's "ten" — different total count, refutes.
- **g33_0627** (Caleb Followill): E_A swaps the brother/cousin roles and instruments — incompatible with the claim's specific assignments.
