[0m
> build · longcat-2.5-preview-free
[0m→ [0mRead data/items/g33_final/challenge_input_19.jsonl 
[0m→ [0mRead data/items/g33_final/SOURCE_CHALLENGE.md 
> build · longcat-2.5-preview-free
[0m← [0mWrite data/items/g33_final/challenge_19_attempt2.jsonl
Created file successfully: data/items/g33_final/challenge_19_attempt2.jsonl
> build · longcat-2.5-preview-free
[0m$ [0mwc -l data/items/g33_final/challenge_19_attempt2.jsonl && python3 -c "
import json
with open('data/items/g33_final/challenge_19_attempt2.jsonl') as f:
    lines = [l for l in f if l.strip()]
print(f'Line count: {len(lines)}')
for i, line in enumerate(lines, 1):
    obj = json.loads(line)
    print(f'Line {i}: id={obj[\"id\"]}, a_relation={obj[\"a_relation\"]}, b_relation={obj[\"b_relation\"]}, decisive={obj[\"decisive\"]}, clear_scope={obj[\"clear_scope\"]}, readable={obj[\"readable\"]}')
"
1 data/items/g33_final/challenge_19_attempt2.jsonl
Line count: 1
Line 1: id=g33_0679, a_relation=support, b_relation=refute, decisive=True, clear_scope=True, readable=True
> build · longcat-2.5-preview-free
**Done.** Wrote `data/items/g33_final/challenge_19_attempt2.jsonl`.

### Verification

| Field | Value |
|---|---|
| **Line count** | 1 (matches input) |
| **ID** | `g33_0679` (matches input) |

### Judgment

| Key | Value |
|---|---|
| `a_relation` | `support` |
| `b_relation` | `refute` |
| `decisive` | `true` |
| `clear_scope` | `true` |
| `readable` | `true` |

**Reasoning:**
- **Evidence A** → `support`: Directly states the club is "based in Harrison, New Jersey," exactly matching the claim.
- **Evidence B** → `refute`: States the club is "based in Newark, New Jersey." Harrison and Newark are distinct NJ municipalities; a professional club has a single base location, so the two records are incompatible under the ordinary same-subject/same-time interpretation.
- **decisive** = `true`: Exactly one support and one genuine refute.
- **clear_scope** = `true`: Same entity (New York Red Bulls), same attribute (base location), same time frame; no alias or scope ambiguity.
- **readable** = `true`: The claim is a natural, unambiguous proposition.
