[0m
> build · muse-spark-1.3-contributor-free
Doing exactly that — reading only your two files and processing all rows.
[0m→ [0mRead data/items/g33_final/CONSTRUCTION.md 
[0m→ [0mRead data/items/g33_final/input_19.jsonl 
> build · muse-spark-1.3-contributor-free
[0m← [0mWrite data/items/g33_final/generated_19_recovery1.jsonl
Created file successfully: data/items/g33_final/generated_19_recovery1.jsonl
> build · muse-spark-1.3-contributor-free
[0m$ [0mpython3 -c "import json; inp=[json.loads(l) for l in open('data/items/g33_final/input_19.jsonl')]; out=[json.loads(l) for l in open('data/items/g33_final/generated_19_recovery1.jsonl')]; print('in',len(inp),'out',len(out)); print('ids_match', [r['id'] for r in inp]==[r['id'] for r in out]); print('keys', sorted(out[0].keys())); bad=[r for r in out if set(r.keys())!={'id','a_relation','b_relation','source_valid','x_a','x_b','reason'} or r['a_relation'] not in ('support','refute','unclear') or r['b_relation'] not in ('support','refute','unclear') or not isinstance(r['source_valid'],bool)]; print('bad_rows',len(bad)); print('valid_true',sum(1 for r in out if r['source_valid'])); print('empty_x_for_invalid',all((r['x_a']=='' and r['x_b']=='') for r in out if not r['source_valid'])); print('nonempty_x_for_valid',all((r['x_a']!='' and r['x_b']!='') for r in out if r['source_valid']))"
in 20 out 20
ids_match True
keys ['a_relation', 'b_relation', 'id', 'reason', 'source_valid', 'x_a', 'x_b']
bad_rows 0
valid_true 13
empty_x_for_invalid True
nonempty_x_for_valid True
> build · muse-spark-1.3-contributor-free
Wrote `data/items/g33_final/generated_19_recovery1.jsonl` with 20 rows, IDs match `input_19.jsonl` in order, all rows parse with required keys.

13 valid, 7 rejected (g33_0362, 0367, 0369, 0370, 0373, 0374, 0379). Invalid rows have empty `x_a`/`x_b`; valid rows have paraphrased single-sentence `x_a`/`x_b`.
