[0m
> build · longcat-2.5-preview-free
[0m→ [0mRead data/items/g33_final/CONSTRUCTION.md 
[0m→ [0mRead data/items/g33_final/input_29.jsonl 
> build · longcat-2.5-preview-free
Now I'll process all 20 rows according to the instructions and write the output file.
[0m← [0mWrite data/items/g33_final/generated_29_attempt2.jsonl
Created file successfully: data/items/g33_final/generated_29_attempt2.jsonl
> build · longcat-2.5-preview-free
[0m⚙ [0mexecute {"code":"import json\n\ninput_path = '/home/xiang/research_hun/try_clone/data/items/g33_final/input_29.jsonl'\noutput_path = '/home/xiang/research_hun/try_clone/data/items/g33_final/generated_29_attempt2.jsonl'\n\nwith open(input_path) as f:\n    input_rows = [json.loads(line) for line in f if line.strip()]\n\nwith open(output_path) as f:\n    output_rows = [json.loads(line) for line in f if line.strip()]\n\ninput_ids = [r['id'] for r in input_rows]\noutput_ids = [r['id'] for r in output_rows]\n\nprint(f\"Input rows: {len(input_rows)}\")\nprint(f\"Output rows: {len(output_rows)}\")\nprint(f\"Row count match: {len(input_rows) == len(output_rows)}\")\nprint(f\"IDs match: {input_ids == output_ids}\")\nprint(f\"All output rows have required keys: {all(set(r.keys()) == {'id','a_relation','b_relation','source_valid','x_a','x_b','reason'} for r in output_rows)}\")\nprint(f\"Valid pairs: {sum(1 for r in output_rows if r['source_valid'])}\")\nprint(f\"Invalid pairs: {sum(1 for r in output_rows if not r['source_valid'])}\")\n"} 
> build · longcat-2.5-preview-free
[0m$ [0mpython3 -c "
import json

input_path = '/home/xiang/research_hun/try_clone/data/items/g33_final/input_29.jsonl'
output_path = '/home/xiang/research_hun/try_clone/data/items/g33_final/generated_29_attempt2.jsonl'

with open(input_path) as f:
    input_rows = [json.loads(line) for line in f if line.strip()]

with open(output_path) as f:
    output_rows = [json.loads(line) for line in f if line.strip()]

input_ids = [r['id'] for r in input_rows]
output_ids = [r['id'] for r in output_rows]

print(f'Input rows: {len(input_rows)}')
print(f'Output rows: {len(output_rows)}')
print(f'Row count match: {len(input_rows) == len(output_rows)}')
print(f'IDs match: {input_ids == output_ids}')
print(f'All output rows have required keys: {all(set(r.keys()) == {\"id\",\"a_relation\",\"b_relation\",\"source_valid\",\"x_a\",\"x_b\",\"reason\"} for r in output_rows)}')
print(f'Valid pairs: {sum(1 for r in output_rows if r[\"source_valid\"])}')
print(f'Invalid pairs: {sum(1 for r in output_rows if not r[\"source_valid\"])}')
"

Input rows: 20
Output rows: 20
Row count match: True
IDs match: True
All output rows have required keys: True
Valid pairs: 11
Invalid pairs: 9
> build · longcat-2.5-preview-free
Done. The output file `data/items/g33_final/generated_29_attempt2.jsonl` has been written and verified.

**Verification summary:**
- Input rows: 20
- Output rows: 20
- Row count match: ✓
- IDs match: ✓
- All rows have required keys (`id`, `a_relation`, `b_relation`, `source_valid`, `x_a`, `x_b`, `reason`): ✓
- Valid pairs: 11
- Invalid pairs: 9

**Valid pairs** (one sentence clearly supports, the other clearly refutes the exact claim): g33_0560, g33_0561, g33_0565, g33_0568, g33_0569, g33_0570, g33_0571, g33_0572, g33_0575, g33_0577, g33_0579

**Invalid pairs** (both support, both unclear, or one unclear without a clear refutation): g33_0562, g33_0563, g33_0564, g33_0566, g33_0567, g33_0573, g33_0574, g33_0576, g33_0578
