[0m
> build · mimo-v2.6-flash-free
[0m→ [0mRead data/items/g33_final/input_22.jsonl 
[0m→ [0mRead data/items/g33_final/CONSTRUCTION.md 
> build · mimo-v2.6-flash-free
[0m✗ [0mRead data/items/g33_final/input_22.jsonl failed
[91m[1mError: [0mOffset 21 is out of range for this file (20 lines)
> build · mimo-v2.6-flash-free
I've read both files. Now writing the output with per-row judgments.
[0m← [0mWrite data/items/g33_final/generated_22_attempt1.jsonl
Created file successfully: data/items/g33_final/generated_22_attempt1.jsonl
> build · mimo-v2.6-flash-free
[0m⚙ [0mexecute {"code":"const r = await tools.shell({command: \"python3 -c \\\"\\nimport json\\ninp=[json.loads(l) for l in open('data/items/g33_final/input_22.jsonl')]\\nout=[json.loads(l) for l in open('data/items/g33_final/generated_22_attempt1.jsonl')]\\nprint('input rows', len(inp), 'output rows', len(out))\\nprint('ids match order:', [r['id'] for r in inp]==[r['id'] for r in out])\\nprint('id set equal:', set(r['id'] for r in inp)==set(r['id'] for r in out))\\nkeys={'id','a_relation','b_relation','source_valid','x_a','x_b','reason'}\\nprint('key order/complete:', all(list(r.keys())==['id','a_relation','b_relation','source_valid','x_a','x_b','reason'] for r in out))\\nprint('valid rows:', sum(1 for r in out if r['source_valid']), 'rejected:', sum(1 for r in out if not r['source_valid']))\\nprint('empty x on invalid:', all(r['x_a']=='' and r['x_b']=='' for r in out if not r['source_valid']))\\nprint('nonempty x on valid:', all(r['x_a'] and r['x_b'] for r in out if r['source_valid']))\\nprint('relations ok:', all(r['a_relation'] in ('support','refute','unclear') and r['b_relation'] in ('support','refute','unclear') for r in out))\\nprint('valid pairs have one support one refute:', all({r['a_relation'],r['b_relation']}=={'support','refute'} for r in out if r['source_valid']))\\nprint('reasons nonempty:', all(r['reason'].strip() for r in out))\\n\\\"\"}); text(r.output);"} 
> build · mimo-v2.6-flash-free
[0m⚙ [0mexecute {"code":"const s = search({query: \"run shell command\", limit: 5}); text(s);"} 
> build · mimo-v2.6-flash-free
[0m⚙ [0mexecute {"code":"const s = search({query: \"run shell command\", limit: 5});\nreturn s;"} 
> build · mimo-v2.6-flash-free
[0m⚙ [0mexecute {"code":"const a = search({query: \"execute bash command file system\", limit: 8});\nconst b = search({namespace: \"filesystem\", query: \"read file\", limit: 8});\nreturn {a, b};"} 
> build · mimo-v2.6-flash-free
[0m$ [0mpython3 - <<'EOF'
import json
inp=[json.loads(l) for l in open('data/items/g33_final/input_22.jsonl')]
out=[json.loads(l) for l in open('data/items/g33_final/generated_22_attempt1.jsonl')]
print('input rows', len(inp), '| output rows', len(out))
print('ids match in order:', [r['id'] for r in inp]==[r['id'] for r in out])
print('key order correct:', all(list(r.keys())==['id','a_relation','b_relation','source_valid','x_a','x_b','reason'] for r in out))
print('valid:', sum(r['source_valid'] for r in out), 'rejected:', sum(not r['source_valid'] for r in out))
print('empty x on rejected:', all(r['x_a']=='' and r['x_b']=='' for r in out if not r['source_valid']))
print('nonempty x on valid:', all(r['x_a'].strip() and r['x_b'].strip() for r in out if r['source_valid']))
print('relations valid:', all(r['a_relation'] in ('support','refute','unclear') and r['b_relation'] in ('support','refute','unclear') for r in out))
print('valid rows are support+refute:', all({r['a_relation'],r['b_relation']}=={'support','refute'} for r in out if r['source_valid']))
print('reasons present:', all(r['reason'].strip() for r in out))
print('ids:', [r['id'] for r in out])
EOF
input rows 20 | output rows 20
ids match in order: True
key order correct: True
valid: 12 rejected: 8
empty x on rejected: True
nonempty x on valid: True
relations valid: True
valid rows are support+refute: True
reasons present: True
ids: ['g33_0420', 'g33_0421', 'g33_0422', 'g33_0423', 'g33_0424', 'g33_0425', 'g33_0426', 'g33_0427', 'g33_0428', 'g33_0429', 'g33_0430', 'g33_0431', 'g33_0432', 'g33_0433', 'g33_0434', 'g33_0435', 'g33_0436', 'g33_0437', 'g33_0438', 'g33_0439']
> build · mimo-v2.6-flash-free
Done. Wrote `data/items/g33_final/generated_22_attempt1.jsonl`.

**Verification (file exists, parses, matches input):**
- 20 input rows → 20 output rows; IDs `g33_0420`–`g33_0439` match the input exactly, in order
- Every line parses as JSON with keys in order: `id`, `a_relation`, `b_relation`, `source_valid`, `x_a`, `x_b`, `reason`
- All relations ∈ {support, refute, unclear}; every row has an item-specific reason
- Valid rows (12) all have one support + one refute and non-empty `x_a`/`x_b`; rejected rows (8) have both x strings empty

**Judgments:**

| Verdict | IDs |
|---|---|
| Valid | 0423, 0424, 0425, 0426, 0429, 0430, 0431, 0432, 0435, 0436, 0437, 0439 |
| Rejected | 0420, 0421, 0422, 0427, 0428, 0433, 0434, 0438 |

Rejection rationales, briefly: omitted/substituted details rather than contradictions (0420 priest vs cultists, 0421 fellatio vs rape listing, 0433 missing film title from a list, 0438 Darren Hayes never addresses Blake Henry); both sentences supporting (0422 both list Nexus Player as available, 0427 Miller/McCormick same person); no clear refutation of the exact criterion (0428 "generally negative" doesn't address review diversity, 0434 "Israeli" nationality doesn't exclude Palestinian origin).

I read only `CONSTRUCTION.md` and `input_22.jsonl` as instructed — no results, judgments, hypotheses, or other batch outputs.
