[0m
> build · mimo-v2.6-flash-free
[0m→ [0mRead data/items/g33_final/input_15.jsonl 
[0m→ [0mRead data/items/g33_final/CONSTRUCTION.md 
> build · mimo-v2.6-flash-free
[0m$ [0mwc -l /home/xiang/research_hun/try_clone/data/items/g33_final/input_15.jsonl; ls -la /home/xiang/research_hun/try_clone/data/items/g33_final/
20 /home/xiang/research_hun/try_clone/data/items/g33_final/input_15.jsonl
total 2232
drwxr-xr-x 2 xiang cr   8192 Sep 30 18:43 .
drwxr-xr-x 7 xiang cr   4096 Sep 30 18:00 ..
-rw-r--r-- 1 xiang cr   1695 Sep 30 18:02 AUDIT.md
-rw-r--r-- 1 xiang cr   2145 Sep 30 18:02 CONSTRUCTION.md
-rw-r--r-- 1 xiang cr  11452 Sep 30 18:18 audit_01.jsonl
-rw-r--r-- 1 xiang cr  11452 Sep 30 18:17 audit_01_attempt1.jsonl
-rw-r--r-- 1 xiang cr   2897 Sep 30 18:18 audit_01_attempt1.log
-rw-r--r-- 1 xiang cr    125 Sep 30 18:18 audit_01_provenance.json
-rw-r--r-- 1 xiang cr  14508 Sep 30 18:33 audit_02_attempt1.jsonl
-rw-r--r-- 1 xiang cr   1796 Sep 30 18:23 audit_02_attempt1.log
-rw-r--r-- 1 xiang cr   1633 Sep 30 18:40 audit_02_attempt2.jsonl
-rw-r--r-- 1 xiang cr    501 Sep 30 18:40 audit_02_attempt2.log
-rw-r--r-- 1 xiang cr    302 Sep 30 18:43 audit_02_secondary.log
-rw-r--r-- 1 xiang cr  17868 Sep 30 18:40 audit_03_attempt1.jsonl
-rw-r--r-- 1 xiang cr    297 Sep 30 18:24 audit_03_attempt1.log
-rw-r--r-- 1 xiang cr    327 Sep 30 18:43 audit_03_attempt2.log
-rw-r--r-- 1 xiang cr  10073 Sep 30 18:19 audit_04.jsonl
-rw-r--r-- 1 xiang cr  10073 Sep 30 18:18 audit_04_attempt1.jsonl
-rw-r--r-- 1 xiang cr   7650 Sep 30 18:19 audit_04_attempt1.log
-rw-r--r-- 1 xiang cr    125 Sep 30 18:19 audit_04_provenance.json
-rw-r--r-- 1 xiang cr  14660 Sep 30 18:39 audit_05_attempt1.jsonl
-rw-r--r-- 1 xiang cr    297 Sep 30 18:24 audit_05_attempt1.log
-rw-r--r-- 1 xiang cr    538 Sep 30 18:43 audit_05_attempt2.log
-rw-r--r-- 1 xiang cr   8631 Sep 30 18:22 audit_06.jsonl
-rw-r--r-- 1 xiang cr   8631 Sep 30 18:22 audit_06_attempt1.jsonl
-rw-r--r-- 1 xiang cr   2330 Sep 30 18:22 audit_06_attempt1.log
-rw-r--r-- 1 xiang cr    125 Sep 30 18:22 audit_06_provenance.json
-rw-r--r-- 1 xiang cr  11046 Sep 30 18:31 audit_07.jsonl
-rw-r--r-- 1 xiang cr  11046 Sep 30 18:31 audit_07_attempt1.jsonl
-rw-r--r-- 1 xiang cr   2968 Sep 30 18:31 audit_07_attempt1.log
-rw-r--r-- 1 xiang cr    125 Sep 30 18:31 audit_07_provenance.json
-rw-r--r-- 1 xiang cr   9857 Sep 30 18:34 audit_08.jsonl
-rw-r--r-- 1 xiang cr   9857 Sep 30 18:34 audit_08_attempt1.jsonl
-rw-r--r-- 1 xiang cr   2332 Sep 30 18:34 audit_08_attempt1.log
-rw-r--r-- 1 xiang cr    125 Sep 30 18:34 audit_08_provenance.json
-rw-r--r-- 1 xiang cr      0 Sep 30 18:43 audit_09_attempt1.log
-rw-r--r-- 1 xiang cr    140 Sep 30 18:43 audit_10_attempt1.log
-rw-r--r-- 1 xiang cr  11726 Sep 30 18:42 audit_21.jsonl
-rw-r--r-- 1 xiang cr  11726 Sep 30 18:36 audit_21_attempt1.jsonl
-rw-r--r-- 1 xiang cr    315 Sep 30 18:37 audit_21_attempt1.log
-rw-r--r-- 1 xiang cr    133 Sep 30 18:42 audit_21_provenance.json
-rw-r--r-- 1 xiang cr  10154 Sep 30 18:43 audit_22.jsonl
-rw-r--r-- 1 xiang cr  10154 Sep 30 18:37 audit_22_attempt1.jsonl
-rw-r--r-- 1 xiang cr   1823 Sep 30 18:43 audit_22_attempt1.log
-rw-r--r-- 1 xiang cr    125 Sep 30 18:43 audit_22_provenance.json
-rw-r--r-- 1 xiang cr   9360 Sep 30 18:32 audit_23.jsonl
-rw-r--r-- 1 xiang cr   9360 Sep 30 18:32 audit_23_attempt1.jsonl
-rw-r--r-- 1 xiang cr   4348 Sep 30 18:32 audit_23_attempt1.log
-rw-r--r-- 1 xiang cr    125 Sep 30 18:32 audit_23_provenance.json
-rw-r--r-- 1 xiang cr   9049 Sep 30 18:42 audit_24.jsonl
-rw-r--r-- 1 xiang cr   9049 Sep 30 18:34 audit_24_attempt1.jsonl
-rw-r--r-- 1 xiang cr   5410 Sep 30 18:41 audit_24_attempt1.log
-rw-r--r-- 1 xiang cr    133 Sep 30 18:42 audit_24_provenance.json
-rw-r--r-- 1 xiang cr    144 Sep 30 18:43 audit_27_attempt1.log
-rw-r--r-- 1 xiang cr 643807 Sep 30 18:02 candidates.jsonl
-rw-r--r-- 1 xiang cr    220 Sep 30 18:16 construct_01_provenance.json
-rw-r--r-- 1 xiang cr    178 Sep 30 18:10 construct_02_attempt1.log
-rw-r--r-- 1 xiang cr   2448 Sep 30 18:22 construct_02_attempt2.log
-rw-r--r-- 1 xiang cr    129 Sep 30 18:22 construct_02_provenance.json
-rw-r--r-- 1 xiang cr    366 Sep 30 18:19 construct_03_attempt1.log
-rw-r--r-- 1 xiang cr   4517 Sep 30 18:23 construct_03_attempt2.log
-rw-r--r-- 1 xiang cr    129 Sep 30 18:23 construct_03_provenance.json
-rw-r--r-- 1 xiang cr   3988 Sep 30 18:13 construct_04_attempt1.log
-rw-r--r-- 1 xiang cr    125 Sep 30 18:13 construct_04_provenance.json
-rw-r--r-- 1 xiang cr    301 Sep 30 18:10 construct_05_attempt1.log
-rw-r--r-- 1 xiang cr  12537 Sep 30 18:23 construct_05_attempt2.log
-rw-r--r-- 1 xiang cr    129 Sep 30 18:23 construct_05_provenance.json
-rw-r--r-- 1 xiang cr   4570 Sep 30 18:18 construct_06_attempt1.log
-rw-r--r-- 1 xiang cr    125 Sep 30 18:18 construct_06_provenance.json
-rw-r--r-- 1 xiang cr   2092 Sep 30 18:28 construct_07_attempt1.log
-rw-r--r-- 1 xiang cr    133 Sep 30 18:28 construct_07_provenance.json
-rw-r--r-- 1 xiang cr   2832 Sep 30 18:29 construct_08_attempt1.log
-rw-r--r-- 1 xiang cr    125 Sep 30 18:29 construct_08_provenance.json
-rw-r--r-- 1 xiang cr    178 Sep 30 18:23 construct_09_attempt1.log
-rw-r--r-- 1 xiang cr   1890 Sep 30 18:43 construct_09_attempt2.log
-rw-r--r-- 1 xiang cr    129 Sep 30 18:43 construct_09_provenance.json
-rw-r--r-- 1 xiang cr    178 Sep 30 18:24 construct_10_attempt1.log
-rw-r--r-- 1 xiang cr    567 Sep 30 18:43 construct_10_attempt2.log
-rw-r--r-- 1 xiang cr    129 Sep 30 18:43 construct_10_provenance.json
-rw-r--r-- 1 xiang cr    178 Sep 30 18:28 construct_11_attempt1.log
-rw-r--r-- 1 xiang cr    305 Sep 30 18:43 construct_11_attempt2.log
-rw-r--r-- 1 xiang cr    301 Sep 30 18:29 construct_12_attempt1.log
-rw-r--r-- 1 xiang cr    155 Sep 30 18:43 construct_12_attempt2.log
-rw-r--r-- 1 xiang cr    178 Sep 30 18:43 construct_13_attempt1.log
-rw-r--r-- 1 xiang cr    178 Sep 30 18:43 construct_14_attempt1.log
-rw-r--r-- 1 xiang cr    178 Sep 30 18:43 construct_15_attempt1.log
-rw-r--r-- 1 xiang cr    178 Sep 30 18:43 construct_16_attempt1.log
-rw-r--r-- 1 xiang cr   3030 Sep 30 18:32 construct_21_attempt1.log
-rw-r--r-- 1 xiang cr    125 Sep 30 18:32 construct_21_provenance.json
-rw-r--r-- 1 xiang cr   5580 Sep 30 18:33 construct_22_attempt1.log
-rw-r--r-- 1 xiang cr    125 Sep 30 18:33 construct_22_provenance.json
-rw-r--r-- 1 xiang cr   5651 Sep 30 18:28 construct_23_attempt1.log
-rw-r--r-- 1 xiang cr    125 Sep 30 18:28 construct_23_provenance.json
-rw-r--r-- 1 xiang cr   5231 Sep 30 18:32 construct_24_attempt1.log
-rw-r--r-- 1 xiang cr    125 Sep 30 18:32 construct_24_provenance.json
-rw-r--r-- 1 xiang cr    440 Sep 30 18:35 construct_25_attempt1.log
-rw-r--r-- 1 xiang cr    155 Sep 30 18:43 construct_25_attempt2.log
-rw-r--r-- 1 xiang cr    341 Sep 30 18:32 construct_26_attempt1.log
-rw-r--r-- 1 xiang cr    155 Sep 30 18:43 construct_26_attempt2.log
-rw-r--r-- 1 xiang cr    539 Sep 30 18:41 construct_27_attempt1.log
-rw-r--r-- 1 xiang cr    133 Sep 30 18:42 construct_27_provenance.json
-rw-r--r-- 1 xiang cr    456 Sep 30 18:43 construct_28_attempt1.log
-rw-r--r-- 1 xiang cr      0 Sep 30 18:43 construct_28_attempt2.log
-rw-r--r-- 1 xiang cr    155 Sep 30 18:43 construct_29_attempt1.log
-rw-r--r-- 1 xiang cr    186 Sep 30 18:43 construct_29_attempt2.log
-rw-r--r-- 1 xiang cr    309 Sep 30 18:43 construct_30_attempt1.log
-rw-r--r-- 1 xiang cr    977 Sep 30 18:21 format_smoke_item.jsonl
-rw-r--r-- 1 xiang cr   9650 Sep 30 18:13 generated_01.jsonl
-rw-r--r-- 1 xiang cr   8554 Sep 30 18:22 generated_02.jsonl
-rw-r--r-- 1 xiang cr  13454 Sep 30 18:21 generated_02_attempt1.jsonl
-rw-r--r-- 1 xiang cr   8554 Sep 30 18:22 generated_02_attempt2.jsonl
-rw-r--r-- 1 xiang cr   7955 Sep 30 18:23 generated_03.jsonl
-rw-r--r-- 1 xiang cr   9634 Sep 30 18:21 generated_03_attempt1.jsonl
-rw-r--r-- 1 xiang cr   7955 Sep 30 18:23 generated_03_attempt2.jsonl
-rw-r--r-- 1 xiang cr   8757 Sep 30 18:13 generated_04.jsonl
-rw-r--r-- 1 xiang cr   8757 Sep 30 18:12 generated_04_attempt1.jsonl
-rw-r--r-- 1 xiang cr   7691 Sep 30 18:23 generated_05.jsonl
-rw-r--r-- 1 xiang cr  10632 Sep 30 18:28 generated_05_attempt1.jsonl
-rw-r--r-- 1 xiang cr   7691 Sep 30 18:23 generated_05_attempt2.jsonl
-rw-r--r-- 1 xiang cr  10894 Sep 30 18:18 generated_06.jsonl
-rw-r--r-- 1 xiang cr  10894 Sep 30 18:17 generated_06_attempt1.jsonl
-rw-r--r-- 1 xiang cr  11117 Sep 30 18:28 generated_07.jsonl
-rw-r--r-- 1 xiang cr  11117 Sep 30 18:27 generated_07_attempt1.jsonl
-rw-r--r-- 1 xiang cr  10719 Sep 30 18:29 generated_08.jsonl
-rw-r--r-- 1 xiang cr  10719 Sep 30 18:29 generated_08_attempt1.jsonl
-rw-r--r-- 1 xiang cr   7052 Sep 30 18:43 generated_09.jsonl
-rw-r--r-- 1 xiang cr   9528 Sep 30 18:41 generated_09_attempt1.jsonl
-rw-r--r-- 1 xiang cr   7052 Sep 30 18:35 generated_09_attempt2.jsonl
-rw-r--r-- 1 xiang cr   6874 Sep 30 18:43 generated_10.jsonl
-rw-r--r-- 1 xiang cr   6874 Sep 30 18:37 generated_10_attempt2.jsonl
-rw-r--r-- 1 xiang cr  11766 Sep 30 18:40 generated_11_attempt1.jsonl
-rw-r--r-- 1 xiang cr  10516 Sep 30 18:41 generated_12_attempt1.jsonl
-rw-r--r-- 1 xiang cr   9185 Sep 30 18:32 generated_21.jsonl
-rw-r--r-- 1 xiang cr   9185 Sep 30 18:32 generated_21_attempt1.jsonl
-rw-r--r-- 1 xiang cr  10160 Sep 30 18:33 generated_22.jsonl
-rw-r--r-- 1 xiang cr  10160 Sep 30 18:32 generated_22_attempt1.jsonl
-rw-r--r-- 1 xiang cr   8800 Sep 30 18:28 generated_23.jsonl
-rw-r--r-- 1 xiang cr   8800 Sep 30 18:27 generated_23_attempt1.jsonl
-rw-r--r-- 1 xiang cr   9046 Sep 30 18:32 generated_24.jsonl
-rw-r--r-- 1 xiang cr   9046 Sep 30 18:30 generated_24_attempt1.jsonl
-rw-r--r-- 1 xiang cr  11032 Sep 30 18:42 generated_27.jsonl
-rw-r--r-- 1 xiang cr  11032 Sep 30 18:41 generated_27_attempt1.jsonl
-rw-r--r-- 1 xiang cr   7572 Sep 30 18:02 input_01.jsonl
-rw-r--r-- 1 xiang cr   8911 Sep 30 18:02 input_02.jsonl
-rw-r--r-- 1 xiang cr   8741 Sep 30 18:02 input_03.jsonl
-rw-r--r-- 1 xiang cr   7676 Sep 30 18:02 input_04.jsonl
-rw-r--r-- 1 xiang cr   9851 Sep 30 18:02 input_05.jsonl
-rw-r--r-- 1 xiang cr   8005 Sep 30 18:02 input_06.jsonl
-rw-r--r-- 1 xiang cr   9332 Sep 30 18:02 input_07.jsonl
-rw-r--r-- 1 xiang cr   9515 Sep 30 18:02 input_08.jsonl
-rw-r--r-- 1 xiang cr  10350 Sep 30 18:02 input_09.jsonl
-rw-r--r-- 1 xiang cr   9373 Sep 30 18:02 input_10.jsonl
-rw-r--r-- 1 xiang cr   8570 Sep 30 18:02 input_11.jsonl
-rw-r--r-- 1 xiang cr   8266 Sep 30 18:02 input_12.jsonl
-rw-r--r-- 1 xiang cr   9082 Sep 30 18:02 input_13.jsonl
-rw-r--r-- 1 xiang cr   9206 Sep 30 18:02 input_14.jsonl
-rw-r--r-- 1 xiang cr   9256 Sep 30 18:02 input_15.jsonl
-rw-r--r-- 1 xiang cr   8656 Sep 30 18:02 input_16.jsonl
-rw-r--r-- 1 xiang cr   9029 Sep 30 18:02 input_17.jsonl
-rw-r--r-- 1 xiang cr   8534 Sep 30 18:02 input_18.jsonl
-rw-r--r-- 1 xiang cr   9149 Sep 30 18:02 input_19.jsonl
-rw-r--r-- 1 xiang cr   9460 Sep 30 18:02 input_20.jsonl
-rw-r--r-- 1 xiang cr   8239 Sep 30 18:02 input_21.jsonl
-rw-r--r-- 1 xiang cr   8308 Sep 30 18:02 input_22.jsonl
-rw-r--r-- 1 xiang cr  10356 Sep 30 18:02 input_23.jsonl
-rw-r--r-- 1 xiang cr   7862 Sep 30 18:02 input_24.jsonl
-rw-r--r-- 1 xiang cr   8484 Sep 30 18:02 input_25.jsonl
-rw-r--r-- 1 xiang cr   8099 Sep 30 18:02 input_26.jsonl
-rw-r--r-- 1 xiang cr   8676 Sep 30 18:02 input_27.jsonl
-rw-r--r-- 1 xiang cr   9059 Sep 30 18:02 input_28.jsonl
-rw-r--r-- 1 xiang cr   8567 Sep 30 18:02 input_29.jsonl
-rw-r--r-- 1 xiang cr   8642 Sep 30 18:02 input_30.jsonl
-rw-r--r-- 1 xiang cr   9935 Sep 30 18:14 review_01.jsonl
-rw-r--r-- 1 xiang cr  11735 Sep 30 18:22 review_02.jsonl
-rw-r--r-- 1 xiang cr  11259 Sep 30 18:23 review_03.jsonl
-rw-r--r-- 1 xiang cr  10522 Sep 30 18:16 review_04.jsonl
-rw-r--r-- 1 xiang cr  12227 Sep 30 18:23 review_05.jsonl
-rw-r--r-- 1 xiang cr  11023 Sep 30 18:19 review_06.jsonl
-rw-r--r-- 1 xiang cr  12344 Sep 30 18:28 review_07.jsonl
-rw-r--r-- 1 xiang cr  11818 Sep 30 18:31 review_08.jsonl
-rw-r--r-- 1 xiang cr  12078 Sep 30 18:43 review_09.jsonl
-rw-r--r-- 1 xiang cr  10809 Sep 30 18:43 review_10.jsonl
-rw-r--r-- 1 xiang cr  10571 Sep 30 18:32 review_21.jsonl
-rw-r--r-- 1 xiang cr  11238 Sep 30 18:33 review_22.jsonl
-rw-r--r-- 1 xiang cr  13185 Sep 30 18:29 review_23.jsonl
-rw-r--r-- 1 xiang cr   9896 Sep 30 18:32 review_24.jsonl
-rw-r--r-- 1 xiang cr  12207 Sep 30 18:42 review_27.jsonl
-rw-r--r-- 1 xiang cr  18927 Sep 30 18:30 selection_ledger.jsonl
-rw-r--r-- 1 xiang cr    444 Sep 30 18:30 selection_report.json
-rw-r--r-- 1 xiang cr    484 Sep 30 18:02 source_report.json
> build · mimo-v2.6-flash-free
