[0m
> build · muse-spark-1.3-contributor-free
Processing every row per your instructions — reading only the allowed inputs.
[0m→ [0mRead data/items/g33_final/input_33.jsonl 
[0m→ [0mRead data/items/g33_final/CONSTRUCTION.md 
> build · muse-spark-1.3-contributor-free
I've mapped the claim-evidence relations for all 20 rows — now writing the output file.
[0m$ [0mls -R data/items/g33_final | head -n 100; wc -l data/items/g33_final/input_33.jsonl
data/items/g33_final:
AUDIT.md
CONSTRUCTION.md
SOURCE_CHALLENGE.md
audit_01.jsonl
audit_01_attempt1.jsonl
audit_01_attempt1.log
audit_01_provenance.json
audit_02.jsonl
audit_02_attempt1.jsonl
audit_02_attempt1.log
audit_02_attempt2.jsonl
audit_02_attempt2.log
audit_02_provenance.json
audit_02_recovery1.jsonl
audit_02_recovery1.log
audit_02_secondary.log
audit_03.jsonl
audit_03_attempt1.jsonl
audit_03_attempt1.log
audit_03_attempt2.log
audit_03_provenance.json
audit_03_recovery1.jsonl
audit_03_recovery1.log
audit_04.jsonl
audit_04_attempt1.jsonl
audit_04_attempt1.log
audit_04_provenance.json
audit_05.jsonl
audit_05_attempt1.jsonl
audit_05_attempt1.log
audit_05_attempt2.log
audit_05_provenance.json
audit_05_recovery1.jsonl
audit_05_recovery1.log
audit_06.jsonl
audit_06_attempt1.jsonl
audit_06_attempt1.log
audit_06_provenance.json
audit_07.jsonl
audit_07_attempt1.jsonl
audit_07_attempt1.log
audit_07_provenance.json
audit_08.jsonl
audit_08_attempt1.jsonl
audit_08_attempt1.log
audit_08_provenance.json
audit_09.jsonl
audit_09_attempt1.jsonl
audit_09_attempt1.log
audit_09_attempt2.jsonl
audit_09_attempt2.log
audit_09_provenance.json
audit_09_recovery1.jsonl
audit_09_recovery1.log
audit_10.jsonl
audit_10_attempt1.jsonl
audit_10_attempt1.log
audit_10_provenance.json
audit_11.jsonl
audit_11_attempt1.jsonl
audit_11_attempt1.log
audit_11_provenance.json
audit_11_recovery1.jsonl
audit_11_recovery1.log
audit_12.jsonl
audit_12_attempt1.jsonl
audit_12_attempt1.log
audit_12_provenance.json
audit_12_recovery1.jsonl
audit_12_recovery1.log
audit_13.jsonl
audit_13_attempt1.jsonl
audit_13_attempt1.log
audit_13_provenance.json
audit_14.jsonl
audit_14_provenance.json
audit_14_recovery1.jsonl
audit_14_recovery1.log
audit_15.jsonl
audit_15_provenance.json
audit_15_recovery1.jsonl
audit_15_recovery1.log
audit_16.jsonl
audit_16_provenance.json
audit_16_recovery1.jsonl
audit_16_recovery1.log
audit_17.jsonl
audit_17_provenance.json
audit_17_recovery1.jsonl
audit_17_recovery1.log
audit_18.jsonl
audit_18_provenance.json
audit_18_recovery1.jsonl
audit_18_recovery1.log
audit_19.jsonl
audit_19_provenance.json
audit_19_recovery1.jsonl
audit_19_recovery1.log
audit_20.jsonl
20 data/items/g33_final/input_33.jsonl
> build · muse-spark-1.3-contributor-free
[0m$ [0mpython3 -c "
import json
rows=[
{'id':'g33_0640','a_relation':'support','b_relation':'refute','source_valid':True,'x_a':'Malcolm Mitchell was reading at only a third-grade level when he began college.','x_b':'Malcolm Mitchell was reading at only a junior-high level when he began college.','reason':'E_A affirms third-grade reading level, directly supporting the claim; E_B affirms junior-high level, a clearly different level that refutes the exact third-grade claim; both are comprehensible and standalone with claim/page.'},
{'id':'g33_0641','a_relation':'refute','b_relation':'support','source_valid':True,'x_a':'John Williams composed the music for all but three of Steven Spielberg films, with The Color Purple, Bridge of Spies and Ready Player One as the exceptions.','x_b':'John Williams composed the music for all of Steven Spielberg films except The Color Purple and Bridge of Spies.','reason':'E_B states exactly two exceptions matching the claim, supporting it; E_A states three exceptions including Ready Player One, directly refuting the except-two claim.'},
{'id':'g33_0642','a_relation':'support','b_relation':'refute','source_valid':True,'x_a':'Kevin-Prince Boateng plays for the Italian club Sassuolo.','x_b':'Kevin-Prince Boateng plays for FC Barcelona on loan from the Italian club Sassuolo.','reason':'E_A states current club as Sassuolo, supporting the claim; E_B states current playing club as FC Barcelona, with Sassuolo only as loan source, refuting that he plays for Sassuolo.'},
{'id':'g33_0643','a_relation':'support','b_relation':'refute','source_valid':True,'x_a':'Rotherham is a small town in South Yorkshire, England.','x_b':'Rotherham is a large town in South Yorkshire, England.','reason':'E_A calls Rotherham a small town, supporting small-size claim; E_B calls it a large town, directly refuting the same size claim.'},
{'id':'g33_0644','a_relation':'support','b_relation':'refute','source_valid':True,'x_a':'In Going in Style, Al is near death from total renal failure until Willie agrees to donate a kidney.','x_b':'In Going in Style, Willie is near death from total renal failure until Al agrees to donate a kidney.','reason':'E_A has Al as the dying patient and Willie as donor, supporting the claim; E_B swaps roles with Willie dying and Al donating, refuting the exact claim.'},
{'id':'g33_0645','a_relation':'unclear','b_relation':'unclear','source_valid':False,'x_a':'','x_b':'','reason':'E_A says Richrath is originally from East Peoria, which states origin not birth and does not clearly establish the born-in claim; E_B concerns Gary, not Richrath, and omission about Richrath is not refutation; no clear support/refute pair.'},
{'id':'g33_0646','a_relation':'support','b_relation':'refute','source_valid':True,'x_a':'The Edge has two children, daughter Sian and son Levi.','x_b':'The Edge has three children, daughter Sian and sons Levi and Gavin.','reason':'E_A lists one daughter and one son totaling two, supporting the two-children claim; E_B lists one daughter and two sons totaling three, refuting it.'},
{'id':'g33_0647','a_relation':'support','b_relation':'support','source_valid':False,'x_a':'','x_b':'','reason':'Both sentences affirm Gibraltar as a small British Territory near the southern tip; Overseas Territory versus colonial Territory wording is a naming variant, not a clear factual contradiction, so there is no refute to pair with support.'},
{'id':'g33_0648','a_relation':'support','b_relation':'support','source_valid':False,'x_a':'','x_b':'','reason':'Both sentences affirm that members of a Dallas-area band became friends with Stars members in the 90s; E_B adds Arlington detail and Cup-win detail but neither refutes the friendship claim, so no support/refute contrast.'},
{'id':'g33_0649','a_relation':'refute','b_relation':'support','source_valid':True,'x_a':'Mira Sorvino is of Korean descent on her father side.','x_b':'Mira Sorvino is of Italian descent on her father side.','reason':'E_B states Italian descent on father side, supporting the claim; E_A states Korean descent on father side, a clearly different ethnicity that refutes it.'},
{'id':'g33_0650','a_relation':'support','b_relation':'refute','source_valid':True,'x_a':'The show centers on the Sarabhais, an upper-middle-class Gujarati family living in Cuffe Parade in South Mumbai.','x_b':'The show centers on the Sarabhais, an upper-class Gujarati family living in Cuffe Parade in South Mumbai.','reason':'E_A states upper middle class, supporting the claim; E_B states upper class, a distinct class category that refutes the exact upper-middle-class claim.'},
{'id':'g33_0651','a_relation':'refute','b_relation':'support','source_valid':True,'x_a':'The Sacramento metropolitan area is the fifth largest in California after Los Angeles, the Bay Area, the Inland Empire and San Diego.','x_b':'The Sacramento metropolitan area is the fourth largest in California after Greater Los Angeles, the Bay Area and San Diego.','reason':'E_B states fourth largest after the three listed areas, supporting the claim; E_A states fifth largest with an additional Inland Empire ahead, refuting the fourth-largest claim.'},
{'id':'g33_0652','a_relation':'support','b_relation':'support','source_valid':False,'x_a':'','x_b':'','reason':'Both sentences affirm the same joining-OGC-Nice-on-free-transfer fact with no refuting counterpart; E_A also omits the explicit Mendy subject, leaving no clear support/refute contrast.'},
{'id':'g33_0653','a_relation':'support','b_relation':'refute','source_valid':True,'x_a':'Phyno, the Nigerian rapper and record producer, was born Azaronye Chinonso Abuoma.','x_b':'Phyno, the Nigerian rapper and record producer, was born Azubuike Chibuzo Nelson.','reason':'E_A gives birth name Azaronye Chinonso Abuoma matching the claim, supporting it; E_B gives a completely different birth name Azubuike Chibuzo Nelson, refuting it.'},
{'id':'g33_0654','a_relation':'unclear','b_relation':'support','source_valid':False,'x_a':'','x_b':'','reason':'E_B explicitly says the man achieves dismissal, supporting the man-achieved claim; E_A says the shooter achieves dismissal without stating man, which is compatible but not explicit, and neither sentence refutes man involvement.'},
{'id':'g33_0655','a_relation':'support','b_relation':'support','source_valid':False,'x_a':'','x_b':'','reason':'Both affirm Shion shelters another boy on his 12th birthday; RAT with Rat gloss is the English translation of Nezumi, not a different name, so there is no clear refutation of the Nezumi-name claim.'},
{'id':'g33_0656','a_relation':'refute','b_relation':'support','source_valid':True,'x_a':'A Momentary Lapse of Reason is the twelfth studio album by the English progressive rock group Pink Floyd.','x_b':'A Momentary Lapse of Reason is the thirteenth studio album by the English progressive rock group Pink Floyd.','reason':'E_B states thirteenth album, supporting the claim; E_A states twelfth album, a mutually exclusive ordinal that refutes it.'},
{'id':'g33_0657','a_relation':'refute','b_relation':'support','source_valid':True,'x_a':'When Mike asks if she was faking it, Abby answers No.','x_b':'When Mike asks if she was faking it, Abby smirks and answers You will never know.','reason':'E_B has Abby telling Mike he will never know, supporting the claim; E_A has her answering No, a direct denial and different reply that refutes the never-know claim.'},
{'id':'g33_0658','a_relation':'refute','b_relation':'support','source_valid':True,'x_a':'As part of Oregon Senate District 3, Ashland is represented by Republican Alan DeBoer.','x_b':'As part of Oregon Senate District 3, Ashland is represented by Democrat Jeff Golden.','reason':'E_B names Democrat Jeff Golden as representative, supporting the claim; E_A names Republican Alan DeBoer, a different person and party that refutes it.'},
{'id':'g33_0659','a_relation':'support','b_relation':'unclear','source_valid':False,'x_a':'','x_b':'','reason':'E_A explicitly says initially introduced as a supervillain, supporting the claim; E_B says depicted for many years as a supervillain without addressing initial introduction, and omission of timing is not contradiction, so no refute.'},
]
with open('data/items/g33_final/generated_33_recovery1.jsonl','w') as f:
    for r in rows:
        f.write(json.dumps(r, ensure_ascii=False)+'\n')
print('wrote', len(rows))
"

wrote 20
> build · muse-spark-1.3-contributor-free
[0m$ [0mpython3 -c "
import json
inp=[json.loads(l) for l in open('data/items/g33_final/input_33.jsonl')]
out=[json.loads(l) for l in open('data/items/g33_final/generated_33_recovery1.jsonl')]
print('input count', len(inp), 'output count', len(out))
print('input IDs', [r['id'] for r in inp])
print('output IDs', [r['id'] for r in out])
print('IDs match:', [r['id'] for r in inp]==[r['id'] for r in out])
# keys check
for r in out:
    assert set(r.keys())=={'id','a_relation','b_relation','source_valid','x_a','x_b','reason'}, r
    assert r['a_relation'] in ('support','refute','unclear')
    assert r['b_relation'] in ('support','refute','unclear')
    assert isinstance(r['source_valid'], bool)
    if not r['source_valid']:
        assert r['x_a']=='' and r['x_b']=='', r['id']
    else:
        assert r['x_a'] and r['x_b'], r['id']
print('keys/values OK')
print('valid count', sum(1 for r in out if r['source_valid']), 'invalid', sum(1 for r in out if not r['source_valid']))
"

input count 20 output count 20
input IDs ['g33_0640', 'g33_0641', 'g33_0642', 'g33_0643', 'g33_0644', 'g33_0645', 'g33_0646', 'g33_0647', 'g33_0648', 'g33_0649', 'g33_0650', 'g33_0651', 'g33_0652', 'g33_0653', 'g33_0654', 'g33_0655', 'g33_0656', 'g33_0657', 'g33_0658', 'g33_0659']
output IDs ['g33_0640', 'g33_0641', 'g33_0642', 'g33_0643', 'g33_0644', 'g33_0645', 'g33_0646', 'g33_0647', 'g33_0648', 'g33_0649', 'g33_0650', 'g33_0651', 'g33_0652', 'g33_0653', 'g33_0654', 'g33_0655', 'g33_0656', 'g33_0657', 'g33_0658', 'g33_0659']
IDs match: True
keys/values OK
valid count 13 invalid 7
> build · muse-spark-1.3-contributor-free
Wrote `data/items/g33_final/generated_33_recovery1.jsonl`: 20/20 rows, IDs match input order `g33_0640`–`g33_0659`.

13 valid, 7 invalid (0645, 0647, 0648, 0652, 0654, 0655, 0659 with empty `x_a`/`x_b`). All rows have required keys with item-specific reasons; JSON parses.
