[0m
> build · muse-spark-1.3-contributor-free
Processing every row for recovery — building your output file now.
[0m→ [0mRead data/items/g33_final/CONSTRUCTION.md 
[0m→ [0mRead data/items/g33_final/input_32.jsonl 
> build · muse-spark-1.3-contributor-free
[0m← [0mWrite data/items/g33_final/generated_32_recovery1.jsonl
Created file successfully: data/items/g33_final/generated_32_recovery1.jsonl
> build · muse-spark-1.3-contributor-free
Draft complete — verifying row counts and IDs now.
[0m$ [0mpython3 -c "import json; inp=[json.loads(l) for l in open('data/items/g33_final/input_32.jsonl')]; out=[json.loads(l) for l in open('data/items/g33_final/generated_32_recovery1.jsonl')]; print('input_rows',len(inp)); print('output_rows',len(out)); print('input_ids',[r['id'] for r in inp]); print('output_ids',[r['id'] for r in out]); print('ids_match',[r['id'] for r in inp]==[r['id'] for r in out]); print('keys_ok',all(set(r.keys())=={'id','a_relation','b_relation','source_valid','x_a','x_b','reason'} for r in out)); print('relations_ok',all(r['a_relation'] in ('support','refute','unclear') and r['b_relation'] in ('support','refute','unclear') for r in out)); print('valid_count',sum(1 for r in out if r['source_valid'])); print('empty_x_for_invalid',all((r['x_a']=='' and r['x_b']=='') for r in out if not r['source_valid'])); print('nonempty_x_for_valid',all((r['x_a']!='' and r['x_b']!='') for r in out if r['source_valid']))"
input_rows 20
output_rows 20
input_ids ['g33_0620', 'g33_0621', 'g33_0622', 'g33_0623', 'g33_0624', 'g33_0625', 'g33_0626', 'g33_0627', 'g33_0628', 'g33_0629', 'g33_0630', 'g33_0631', 'g33_0632', 'g33_0633', 'g33_0634', 'g33_0635', 'g33_0636', 'g33_0637', 'g33_0638', 'g33_0639']
output_ids ['g33_0620', 'g33_0621', 'g33_0622', 'g33_0623', 'g33_0624', 'g33_0625', 'g33_0626', 'g33_0627', 'g33_0628', 'g33_0629', 'g33_0630', 'g33_0631', 'g33_0632', 'g33_0633', 'g33_0634', 'g33_0635', 'g33_0636', 'g33_0637', 'g33_0638', 'g33_0639']
ids_match True
keys_ok True
relations_ok True
valid_count 8
empty_x_for_invalid True
nonempty_x_for_valid True
> build · muse-spark-1.3-contributor-free
Wrote `data/items/g33_final/generated_32_recovery1.jsonl` with 20 rows.

Verification: input rows 20, output rows 20, IDs match in order `g33_0620`–`g33_0639`, required keys present, relations valid, 8 valid pairs with non-empty `x_a`/`x_b`, 12 invalid pairs with empty `x_a`/`x_b`.
