[0m
> build · longcat-2.5-preview-free
[0m→ [0mRead data/items/g33_final/CONSTRUCTION.md 
[0m→ [0mRead data/items/g33_final/input_38.jsonl 
> build · longcat-2.5-preview-free
Now I'll process each row according to the instructions and write the output file.
[0m← [0mWrite data/items/g33_final/generated_38_recovery2.jsonl
Created file successfully: data/items/g33_final/generated_38_recovery2.jsonl
> build · longcat-2.5-preview-free
Now let me verify the output file's JSON validity, row count, and IDs.
[0m⚙ [0mexecute {"code":"const fs = require('fs');\n\nconst inputPath = '/home/xiang/research_hun/try_clone/data/items/g33_final/input_38.jsonl';\nconst outputPath = '/home/xiang/research_hun/try_clone/data/items/g33_final/generated_38_recovery2.jsonl';\n\nconst inputLines = fs.readFileSync(inputPath, 'utf8').trim().split('\\n');\nconst outputLines = fs.readFileSync(outputPath, 'utf8').trim().split('\\n');\n\nconsole.log(`Input rows: ${inputLines.length}`);\nconsole.log(`Output rows: ${outputLines.length}`);\n\nlet allValid = true;\nconst inputIds = [];\nconst outputIds = [];\n\nfor (let i = 0; i < inputLines.length; i++) {\n  try {\n    const obj = JSON.parse(inputLines[i]);\n    inputIds.push(obj.id);\n  } catch (e) {\n    console.log(`Input row ${i+1} JSON parse error: ${e.message}`);\n    allValid = false;\n  }\n}\n\nfor (let i = 0; i < outputLines.length; i++) {\n  try {\n    const obj = JSON.parse(outputLines[i]);\n    outputIds.push(obj.id);\n    // Check required keys\n    const required = ['id', 'a_relation', 'b_relation', 'source_valid', 'x_a', 'x_b', 'reason'];\n    for (const key of required) {\n      if (!(key in obj)) {\n        console.log(`Output row ${i+1} missing key: ${key}`);\n        allValid = false;\n      }\n    }\n  } catch (e) {\n    console.log(`Output row ${i+1} JSON parse error: ${e.message}`);\n    allValid = false;\n  }\n}\n\n// Check ID match\nconst idsMatch = JSON.stringify(inputIds) === JSON.stringify(outputIds);\nconsole.log(`IDs match: ${idsMatch}`);\n\nif (!idsMatch) {\n  console.log('Input IDs:', inputIds);\n  console.log('Output IDs:', outputIds);\n}\n\nconsole.log(`All JSON valid: ${allValid}`);\nconsole.log(`Row count match: ${inputLines.length === outputLines.length}`);\n"} 
> build · longcat-2.5-preview-free
[0m$ [0mpython3 -c "
import json

input_path = 'data/items/g33_final/input_38.jsonl'
output_path = 'data/items/g33_final/generated_38_recovery2.jsonl'

with open(input_path) as f:
    input_lines = [l for l in f.read().strip().split('\n') if l.strip()]
with open(output_path) as f:
    output_lines = [l for l in f.read().strip().split('\n') if l.strip()]

print(f'Input rows: {len(input_lines)}')
print(f'Output rows: {len(output_lines)}')

all_valid = True
input_ids = []
output_ids = []

for i, line in enumerate(input_lines):
    try:
        obj = json.loads(line)
        input_ids.append(obj['id'])
    except Exception as e:
        print(f'Input row {i+1} JSON parse error: {e}')
        all_valid = False

for i, line in enumerate(output_lines):
    try:
        obj = json.loads(line)
        output_ids.append(obj['id'])
        required = ['id', 'a_relation', 'b_relation', 'source_valid', 'x_a', 'x_b', 'reason']
        for key in required:
            if key not in obj:
                print(f'Output row {i+1} missing key: {key}')
                all_valid = False
    except Exception as e:
        print(f'Output row {i+1} JSON parse error: {e}')
        all_valid = False

ids_match = input_ids == output_ids
print(f'IDs match: {ids_match}')
if not ids_match:
    print('Input IDs:', input_ids)
    print('Output IDs:', output_ids)

print(f'All JSON valid: {all_valid}')
print(f'Row count match: {len(input_lines) == len(output_lines)}')
"

Input rows: 20
Output rows: 20
IDs match: True
All JSON valid: True
Row count match: True
> build · longcat-2.5-preview-free
Verification complete. The output file `data/items/g33_final/generated_38_recovery2.jsonl` has been written and validated:

- **Row count**: 20 input rows → 20 output rows (match)
- **JSON validity**: All rows parse correctly
- **IDs**: All 20 IDs match the input exactly
- **Required keys**: All rows contain `id`, `a_relation`, `b_relation`, `source_valid`, `x_a`, `x_b`, `reason`

**Summary of judgments:**
- **Valid pairs (source_valid=true)**: 13 rows — g33_0740, 0741, 0744, 0746, 0747, 0749, 0750, 0751, 0753, 0755, 0756, 0757, 0759
- **Invalid pairs (source_valid=false)**: 7 rows — g33_0742 (both support), 0743 (unclear/support), 0745 (unclear/support), 0748 (unclear/support), 0752 (both support), 0754 (support/unclear), 0758 (both refute)
