[0m
> build · mimo-v2.6-flash-free
[0m→ [0mRead data/items/g33_final/CONSTRUCTION.md 
[0m→ [0mRead data/items/g33_final/input_04.jsonl 
> build · mimo-v2.6-flash-free
[0m← [0mWrite data/items/g33_final/generated_04_attempt1.jsonl
Created file successfully: data/items/g33_final/generated_04_attempt1.jsonl
> build · mimo-v2.6-flash-free
[0m⚙ [0mexecute {"code":"const r = await tools.shell({command: \"python3 - <<'EOF'\\nimport json\\ninp='/home/xiang/research_hun/try_clone/data/items/g33_final/input_04.jsonl'\\nout='/home/xiang/research_hun/try_clone/data/items/g33_final/generated_04_attempt1.jsonl'\\nins=[json.loads(l) for l in open(inp) if l.strip()]\\nrows=[json.loads(l) for l in open(out) if l.strip()]\\nkeys=['id','a_relation','b_relation','source_valid','x_a','x_b','reason']\\nprint('input rows', len(ins), 'output rows', len(rows))\\nprint('ids match:', [r['id'] for r in rows]==[r['id'] for r in ins])\\nprint('keys ok:', all(list(r.keys())==keys for r in rows))\\nprint('bool ok:', all(isinstance(r['source_valid'],bool) for r in rows))\\nprint('empty x for invalid:', all(r['x_a']=='' and r['x_b']=='' for r in rows if not r['source_valid']))\\nprint('nonempty x for valid:', all(r['x_a'] and r['x_b'] for r in rows if r['source_valid']))\\nprint('relations valid:', all(r['a_relation'] in ('support','refute','unclear') and r['b_relation'] in ('support','refute','unclear') for r in rows))\\nprint('reasons nonempty:', all(r['reason'] for r in rows))\\nprint('valid count:', sum(r['source_valid'] for r in rows))\\nEOF\"}); r;\n"} 
> build · mimo-v2.6-flash-free
[0m⚙ [0mexecute {"code":"const hits = search({query: \"run shell command execute bash\", limit: 10});\nreturn hits;\n"} 
> build · mimo-v2.6-flash-free
[0m$ [0mpython3 - <<'EOF'
import json
inp='/home/xiang/research_hun/try_clone/data/items/g33_final/input_04.jsonl'
out='/home/xiang/research_hun/try_clone/data/items/g33_final/generated_04_attempt1.jsonl'
ins=[json.loads(l) for l in open(inp) if l.strip()]
rows=[json.loads(l) for l in open(out) if l.strip()]
keys=['id','a_relation','b_relation','source_valid','x_a','x_b','reason']
print('input rows', len(ins), 'output rows', len(rows))
print('ids match:', [r['id'] for r in rows]==[r['id'] for r in ins])
print('keys ok:', all(list(r.keys())==keys for r in rows))
print('bool ok:', all(isinstance(r['source_valid'],bool) for r in rows))
print('empty x for invalid:', all(r['x_a']=='' and r['x_b']=='' for r in rows if not r['source_valid']))
print('nonempty x for valid:', all(r['x_a'] and r['x_b'] for r in rows if r['source_valid']))
print('relations valid:', all(r['a_relation'] in ('support','refute','unclear') and r['b_relation'] in ('support','refute','unclear') for r in rows))
print('reasons nonempty:', all(r['reason'] for r in rows))
print('valid count:', sum(r['source_valid'] for r in rows))
EOF
input rows 20 output rows 20
ids match: True
keys ok: True
bool ok: True
empty x for invalid: True
nonempty x for valid: True
relations valid: True
reasons nonempty: True
valid count: 12
> build · mimo-v2.6-flash-free
Done. Wrote `data/items/g33_final/generated_04_attempt1.jsonl` using only `CONSTRUCTION.md` and `input_04.jsonl`.

**Verification (all passed):**
- JSON parses for all rows; 20 input rows → 20 output rows
- IDs match input order exactly (`g33_0060`–`g33_0079`)
- Exact key set per row: `id, a_relation, b_relation, source_valid, x_a, x_b, reason`
- 12 valid pairs with non-empty `x_a`/`x_b`; 8 rejected with both `x` strings empty; every row has an item-specific reason

**Rejected items (no clear refute):**
- `g33_0061` mixed vs mixed-to-positive (both compatible)
- `g33_0063` "British" does not refute "English"
- `g33_0066` "drama film" does not refute "tragic film"
- `g33_0070` narrower region list is omission, not contradiction
- `g33_0071` alternate-history framing not a clear refute + both texts cut off mid-sentence
- `g33_0072`, `g33_0078`, `g33_0079` both sentences support
