[0m
> build · mimo-v2.6-flash-free
[0m→ [0mRead data/items/g33_final/CONSTRUCTION.md 
[0m✱ [0mGlob "data/items/g33_final/*" [90m91 matches[0m
> build · mimo-v2.6-flash-free
[0m→ [0mRead data/items/g33_final/input_24.jsonl 
> build · mimo-v2.6-flash-free
I've read both files. Now writing the output.
[0m← [0mWrite data/items/g33_final/generated_24_attempt1.jsonl
Created file successfully: data/items/g33_final/generated_24_attempt1.jsonl
> build · mimo-v2.6-flash-free
[0m⚙ [0mexecute {"code":"const r = await tools.execute(\"shell\", {command: \"python3 - <<'PY'\\nimport json\\nbase='/home/xiang/research_hun/try_clone/data/items/g33_final/'\\ninrows=[json.loads(l) for l in open(base+'input_24.jsonl') if l.strip()]\\nout=[json.loads(l) for l in open(base+'generated_24_attempt1.jsonl') if l.strip()]\\nprint('input rows:', len(inrows), 'output rows:', len(out))\\niids=[r['id'] for r in inrows]; oids=[r['id'] for r in out]\\nprint('ids match in order:', iids==oids)\\nprint('missing:', set(iids)-set(oids), 'extra:', set(oids)-set(iids))\\nkeys={'id','a_relation','b_relation','source_valid','x_a','x_b','reason'}\\nbad=[r['id'] for r in out if set(r.keys())!=keys]\\nprint('key mismatches:', bad)\\nprint('bad relations:', [r['id'] for r in out if r['a_relation'] not in ('support','refute','unclear') or r['b_relation'] not in ('support','refute','unclear')])\\nprint('bool issues:', [r['id'] for r in out if not isinstance(r['source_valid'], bool)])\\nprint('empty-x mismatches:', [r['id'] for r in out if (r['source_valid'] and (not r['x_a'] or not r['x_b'])) or (not r['source_valid'] and (r['x_a'] or r['x_b']))])\\nprint('empty reason:', [r['id'] for r in out if not r['reason'].strip()])\\nprint('valid count:', sum(r['source_valid'] for r in out))\\nprint('ids:', oids)\\nPY\", workdir: \"/home/xiang/research_hun/try_clone\"}); return r;"} 
> build · mimo-v2.6-flash-free
[0m⚙ [0mexecute {"code":"const r = await tools.shell({command: \"python3 - <<'PY'\\nimport json\\nbase='/home/xiang/research_hun/try_clone/data/items/g33_final/'\\ninrows=[json.loads(l) for l in open(base+'input_24.jsonl') if l.strip()]\\nout=[json.loads(l) for l in open(base+'generated_24_attempt1.jsonl') if l.strip()]\\nprint('input rows:', len(inrows), 'output rows:', len(out))\\niids=[r['id'] for r in inrows]; oids=[r['id'] for r in out]\\nprint('ids match in order:', iids==oids)\\nprint('missing:', set(iids)-set(oids), 'extra:', set(oids)-set(iids))\\nkeys={'id','a_relation','b_relation','source_valid','x_a','x_b','reason'}\\nprint('key mismatches:', [r['id'] for r in out if set(r.keys())!=keys])\\nprint('bad relations:', [r['id'] for r in out if r['a_relation'] not in ('support','refute','unclear') or r['b_relation'] not in ('support','refute','unclear')])\\nprint('non-bool source_valid:', [r['id'] for r in out if not isinstance(r['source_valid'], bool)])\\nprint('x-empty mismatches:', [r['id'] for r in out if (r['source_valid'] and (not r['x_a'] or not r['x_b'])) or (not r['source_valid'] and (r['x_a'] or r['x_b']))])\\nprint('empty reason:', [r['id'] for r in out if not r['reason'].strip()])\\nprint('valid count:', sum(1 for r in out if r['source_valid']))\\nprint('invalid count:', sum(1 for r in out if not r['source_valid']))\\nprint('ids:', oids)\\nPY\", workdir: \"/home/xiang/research_hun/try_clone\"}); return r;"} 
> build · mimo-v2.6-flash-free
[0m⚙ [0mexecute {"code":"const r = search({query: \"run shell command\", limit: 10}); return r;"} 
> build · mimo-v2.6-flash-free
[0m⚙ [0mexecute {"code":"const r = search({query: \"read write file system\", limit: 20}); return r;"} 
> build · mimo-v2.6-flash-free
[0m→ [0mRead data/items/g33_final/generated_24_attempt1.jsonl 
> build · mimo-v2.6-flash-free
Output written and verified.

**File:** `data/items/g33_final/generated_24_attempt1.jsonl`

**Verification**
- JSON structure: all 20 lines are single well-formed objects with exactly the keys `id, a_relation, b_relation, source_valid, x_a, x_b, reason` (no stray/escaping issues; verified by reading the file back).
- Row count: 20 output rows = 20 input rows.
- IDs: exact match with `input_24.jsonl`, in order — `g33_0460` … `g33_0479`; no missing or extra IDs.
- `x_a`/`x_b` are empty exactly when `source_valid` is false; every row has an item-specific reason.

**Results (8 valid, 12 rejected)**

| Verdict | IDs |
|---|---|
| valid (a/b support+refute) | 0460, 0461, 0468, 0469, 0473, 0476, 0477, 0478 |
| rejected | 0462, 0463, 0464, 0465, 0466, 0467, 0470, 0471, 0472, 0474, 0475, 0479 |

Key rejection grounds: spelling/abbreviation variants (Toshia/Toshio, A.F.C./F.C.), equivalent rewordings where both sentences support (Marvel/MCU film; enemy/hostile state), sentences that never address the claim's decisive detail (fibers, Sloane McCarthy, character name), omission rather than contradiction (British/Canadians), genre relabeling (Rock and Roll/alternative rock), non-establishing detail (birthplace vs upbringing, English vs British-American), and one internally inconsistent, quote-corrupted sentence (0462).

I read only `CONSTRUCTION.md` and `input_24.jsonl`; no other batch outputs, logs, reviews, or research files were opened.
