[0m
> build · mimo-v2.6-flash-free
[0m→ [0mRead data/items/g33_final/CONSTRUCTION.md 
[0m→ [0mRead data/items/g33_final/input_23.jsonl 
> build · mimo-v2.6-flash-free
I've read both files. Now writing the output.
[0m← [0mWrite data/items/g33_final/generated_23_attempt1.jsonl
Created file successfully: data/items/g33_final/generated_23_attempt1.jsonl
> build · mimo-v2.6-flash-free
[0m⚙ [0mexecute {"code":"const r = await tools.shell({command: `python3 - <<'EOF'\nimport json\ninp = [json.loads(l) for l in open('data/items/g33_final/input_23.jsonl')]\nout = [json.loads(l) for l in open('data/items/g33_final/generated_23_attempt1.jsonl')]\nprint(\"input rows:\", len(inp), \"output rows:\", len(out))\nprint(\"ids match in order:\", [r['id'] for r in inp] == [r['id'] for r in out])\nkeys = ['id','a_relation','b_relation','source_valid','x_a','x_b','reason']\nprint(\"all keys correct:\", all(list(r.keys())==keys for r in out))\nprint(\"valid pairs with empty x:\", [r['id'] for r in out if r['source_valid'] and (not r['x_a'] or not r['x_b'])])\nprint(\"invalid pairs with nonempty x:\", [r['id'] for r in out if not r['source_valid'] and (r['x_a'] or r['x_b'])])\nprint(\"empty reasons:\", [r['id'] for r in out if not r['reason'].strip()])\nprint(\"relations:\", [(r['id'], r['a_relation'], r['b_relation'], r['source_valid']) for r in out])\nEOF`, workdir: \"/home/xiang/research_hun/try_clone\"});\nreturn r.output;"} 
> build · mimo-v2.6-flash-free
[0m⚙ [0mexecute {"code":"const hits = search({query: \"run shell command execute command in workspace\", limit: 10});\nreturn hits;"} 
> build · mimo-v2.6-flash-free
[0m⚙ [0mexecute {"code":"const a = search({query: \"read file contents from filesystem\", limit: 10});\nconst b = search({query: \"execute python script\", limit: 10});\nreturn {a, b};"} 
> build · mimo-v2.6-flash-free
[0m⚙ [0mexecute {"code":"const qs = [\"read local file text\", \"list directory files\", \"write file\", \"bash\"];\nreturn qs.map(q => ({q, r: search({query: q, limit: 8})}));"} 
> build · mimo-v2.6-flash-free
[0m⚙ [0mexecute {"code":"const qs = [\"run a process command line tool\", \"terminal stdout\", \"exec system command\", \"node child_process\"];\nconst out = {};\nfor (const q of qs) out[q] = search({query: q, limit: 6}).items.map(i => i.path);\nreturn out;"} 
> build · mimo-v2.6-flash-free
[0m⚙ [0mexecute {"code":"try {\n  const r = await fetch(\"file:///home/xiang/research_hun/try_clone/data/items/g33_final/generated_23_attempt1.jsonl\");\n  return {ok: r.ok, status: r.status, len: (await r.text()).length};\n} catch (e) {\n  return {error: String(e)};\n}"} 
> build · mimo-v2.6-flash-free
[0m⚙ [0mexecute {"code":"const base = \"file:///home/xiang/research_hun/try_clone/data/items/\";\nconst [inpTxt, outTxt] = await Promise.all([\n  fetch(base + \"g33_final/input_23.jsonl\").then(r => r.text()),\n  fetch(base + \"g33_final/generated_23_attempt1.jsonl\").then(r => r.text()),\n]);\nconst parse = (t) => t.split(\"\\n\").filter(l => l.trim() !== \"\").map((l, i) => {\n  try { return {ok: true, row: JSON.parse(l)}; }\n  catch (e) { return {ok: false, line: i + 1, err: String(e)}; }\n});\nconst I = parse(inpTxt), O = parse(outTxt);\nconst keys = [\"id\",\"a_relation\",\"b_relation\",\"source_valid\",\"x_a\",\"x_b\",\"reason\"];\nconst outRows = O.filter(x => x.ok).map(x => x.row);\nconst inRows = I.filter(x => x.ok).map(x => x.row);\nreturn {\n  input_rows: inRows.length,\n  output_rows: outRows.length,\n  parse_errors: O.filter(x => !x.ok),\n  ids_match_in_order: JSON.stringify(inRows.map(r => r.id)) === JSON.stringify(outRows.map(r => r.id)),\n  missing_ids: inRows.map(r => r.id).filter(id => !outRows.some(o => o.id === id)),\n  extra_ids: outRows.map(r => r.id).filter(id => !inRows.some(i => i.id === id)),\n  keys_ok: outRows.every(r => JSON.stringify(Object.keys(r)) === JSON.stringify(keys)),\n  types_ok: outRows.every(r => typeof r.source_valid === \"boolean\" && [\"support\",\"refute\",\"unclear\"].includes(r.a_relation) && [\"support\",\"refute\",\"unclear\"].includes(r.b_relation)),\n  valid_with_empty_x: outRows.filter(r => r.source_valid && (!r.x_a || !r.x_b)).map(r => r.id),\n  invalid_with_nonempty_x: outRows.filter(r => !r.source_valid && (r.x_a || r.x_b)).map(r => r.id),\n  missing_reason: outRows.filter(r => !r.reason || !r.reason.trim()).map(r => r.id),\n  summary: outRows.map(r => `${r.id} ${r.a_relation}/${r.b_relation} valid=${r.source_valid}`)\n};"} 
> build · mimo-v2.6-flash-free
Done. I read only `data/items/g33_final/CONSTRUCTION.md` and `data/items/g33_final/input_23.jsonl`, judged all 20 rows, and wrote `data/items/g33_final/generated_23_attempt1.jsonl`.

**Verification (actual file parsed):**
- JSON parses cleanly: 20 input rows → 20 output rows, 0 parse errors
- IDs match input exactly, in order (`g33_0440`–`g33_0459`), none missing/extra
- All rows have the exact 7 keys with correct types (`source_valid` boolean, relations from `support|refute|unclear`)
- Valid pairs all have non-empty `x_a`/`x_b`; invalid pairs all have empty `x` strings; every row has an item-specific `reason`

**Judgments:** 14 valid pairs, 6 rejected — `0441` (both say Army→Air Force, no contradiction, plus garbled "15 His"), `0442` (Guam omitted from a list rather than denied, nested-quote corruption), `0444` (B drops "BAFTA" — omission only), `0445` ("British" is broader than "Welsh"), `0447` (B omits national-team level but still affirms club levels), `0454` ("another"/"a second" are synonymous), `0456` (A calls her an entertainment reporter, doesn't deny YouTube persona).
