[0m
> build · mimo-v2.6-flash-free
[0m→ [0mRead data/items/g33_final/CONSTRUCTION.md 
[0m→ [0mRead data/items/g33_final/input_08.jsonl 
> build · mimo-v2.6-flash-free
[0m$ [0mwc -l /home/xiang/research_hun/try_clone/data/items/g33_final/input_08.jsonl
20 /home/xiang/research_hun/try_clone/data/items/g33_final/input_08.jsonl
> build · mimo-v2.6-flash-free
[0m← [0mWrite data/items/g33_final/generated_08_attempt1.jsonl
Created file successfully: data/items/g33_final/generated_08_attempt1.jsonl
> build · mimo-v2.6-flash-free
[0m$ [0mpython3 - <<'EOF'
import json
inp=[json.loads(l) for l in open('/home/xiang/research_hun/try_clone/data/items/g33_final/input_08.jsonl')]
out=[json.loads(l) for l in open('/home/xiang/research_hun/try_clone/data/items/g33_final/generated_08_attempt1.jsonl')]
print("input rows", len(inp), "output rows", len(out))
print("ids match:", [r["id"] for r in inp]==[r["id"] for r in out])
keys=["id","a_relation","b_relation","source_valid","x_a","x_b","reason"]
print("keys ok:", all(list(r.keys())==keys for r in out))
print("valid:", sum(r["source_valid"] for r in out))
print("empty x pairs on valid:", all(r["x_a"] and r["x_b"] for r in out if r["source_valid"]))
print("empty x pairs on invalid:", all(r["x_a"]=="" and r["x_b"]=="" for r in out if not r["source_valid"]))
print("relations:", set(r["a_relation"] for r in out)|set(r["b_relation"] for r in out))
print("reasons non-empty:", all(r["reason"].strip() for r in out))
EOF
input rows 20 output rows 20
ids match: True
keys ok: True
valid: 8
empty x pairs on valid: True
empty x pairs on invalid: True
relations: {'support', 'refute', 'unclear'}
reasons non-empty: True
> build · mimo-v2.6-flash-free
Wrote `data/items/g33_final/generated_08_attempt1.jsonl`.

**Verification**
- JSON parses for all rows: ✅ 20 rows in, 20 rows out
- IDs match input exactly and in order (`g33_0140`–`g33_0159`): ✅
- Keys per row: `id, a_relation, b_relation, source_valid, x_a, x_b, reason`: ✅
- Non-empty `x_a`/`x_b` only on `source_valid=true` rows; both empty otherwise: ✅
- Every row has an item-specific reason: ✅

**Summary:** 8 valid pairs (`g33_0140`, `g33_0142`, `g33_0148`, `g33_0152`, `g33_0153`, `g33_0155`, `g33_0158`, `g33_0159`) — each with one clear support and one clear refutation (e.g., Vivendi/Comcast, Brandt/Williamson, one/two albums, third/fourth album, Variety/Vulture, mixed/panned, mixed/positive, sixth/fifth largest). 12 rejected: both-sentence support (`g33_0143`, `g33_0146`, `g33_0149`), both refute (`g33_0157`), or an unclear side where the other sentence only omits/retitles a detail (`g33_0141`, `g33_0144`, `g33_0145`, `g33_0147`, `g33_0150`, `g33_0151`, `g33_0154`, `g33_0156`), including corrupted/truncated evidence. Original inputs were not modified and no other files were read.
