[0m
> build · muse-spark-1.3-contributor-free
Processing every row per your spec — building the recovery file now.
[0m→ [0mRead data/items/g33_final/CONSTRUCTION.md 
> build · muse-spark-1.3-contributor-free
[0m→ [0mRead data/items/g33_final/input_18.jsonl 
> build · muse-spark-1.3-contributor-free
[0m$ [0mls data/items/g33_final/ | head -n 50; wc -l data/items/g33_final/input_18.jsonl
AUDIT.md
CONSTRUCTION.md
audit_01.jsonl
audit_01_attempt1.jsonl
audit_01_attempt1.log
audit_01_provenance.json
audit_02.jsonl
audit_02_attempt1.jsonl
audit_02_attempt1.log
audit_02_attempt2.jsonl
audit_02_attempt2.log
audit_02_provenance.json
audit_02_recovery1.jsonl
audit_02_recovery1.log
audit_02_secondary.log
audit_03.jsonl
audit_03_attempt1.jsonl
audit_03_attempt1.log
audit_03_attempt2.log
audit_03_provenance.json
audit_03_recovery1.jsonl
audit_03_recovery1.log
audit_04.jsonl
audit_04_attempt1.jsonl
audit_04_attempt1.log
audit_04_provenance.json
audit_05.jsonl
audit_05_attempt1.jsonl
audit_05_attempt1.log
audit_05_attempt2.log
audit_05_provenance.json
audit_05_recovery1.jsonl
audit_05_recovery1.log
audit_06.jsonl
audit_06_attempt1.jsonl
audit_06_attempt1.log
audit_06_provenance.json
audit_07.jsonl
audit_07_attempt1.jsonl
audit_07_attempt1.log
audit_07_provenance.json
audit_08.jsonl
audit_08_attempt1.jsonl
audit_08_attempt1.log
audit_08_provenance.json
audit_09.jsonl
audit_09_attempt1.jsonl
audit_09_attempt1.log
audit_09_attempt2.jsonl
audit_09_attempt2.log
20 data/items/g33_final/input_18.jsonl
> build · muse-spark-1.3-contributor-free
Confirmed 20 inputs — now writing your judgments.
[0m← [0mWrite data/items/g33_final/generated_18_recovery1.jsonl
Created file successfully: data/items/g33_final/generated_18_recovery1.jsonl
> build · muse-spark-1.3-contributor-free
[0m$ [0mpython3 -c "
import json
inp='data/items/g33_final/input_18.jsonl'
out='data/items/g33_final/generated_18_recovery1.jsonl'
ids_in=[json.loads(l)['id'] for l in open(inp) if l.strip()]
rows=[json.loads(l) for l in open(out) if l.strip()]
ids_out=[r['id'] for r in rows]
print('input_count', len(ids_in))
print('output_count', len(rows))
print('ids_match', ids_in==ids_out)
print('missing', set(ids_in)-set(ids_out))
print('extra', set(ids_out)-set(ids_in))
# check keys
req={'id','a_relation','b_relation','source_valid','x_a','x_b','reason'}
for r in rows:
  assert set(r.keys())==req, r
  assert r['a_relation'] in ('support','refute','unclear')
  assert r['b_relation'] in ('support','refute','unclear')
  assert isinstance(r['source_valid'], bool)
  assert isinstance(r['x_a'], str) and isinstance(r['x_b'], str)
  if not r['source_valid']:
    assert r['x_a']=='' and r['x_b']=='', r['id']
  else:
    assert r['x_a']!='' and r['x_b']!='', r['id']
print('schema_ok True')
print('valid_true', sum(1 for r in rows if r['source_valid']))
print('valid_false', sum(1 for r in rows if not r['source_valid']))
"

input_count 20
output_count 20
ids_match True
missing set()
extra set()
schema_ok True
valid_true 11
valid_false 9
> build · muse-spark-1.3-contributor-free
Wrote `data/items/g33_final/generated_18_recovery1.jsonl`.

Verification:
- Input rows: 20, output rows: 20
- IDs match in order: True
- All rows parse as JSON with keys `id,a_relation,b_relation,source_valid,x_a,x_b,reason`
- `source_valid` true: 11, false: 9; invalid rows have empty `x_a`/`x_b`.
