[0m
> build · longcat-2.5-preview-free
[0m→ [0mRead data/items/g33_final/CONSTRUCTION.md 
[0m→ [0mRead data/items/g33_final/input_40.jsonl 
> build · longcat-2.5-preview-free
Now I'll process all 20 rows according to the instructions and write the output file.
[0m← [0mWrite data/items/g33_final/generated_40_recovery2.jsonl
Created file successfully: data/items/g33_final/generated_40_recovery2.jsonl
> build · longcat-2.5-preview-free
[0m$ [0mpython3 -c "
import json

with open('data/items/g33_final/input_40.jsonl') as f:
    input_ids = [json.loads(line)['id'] for line in f if line.strip()]

with open('data/items/g33_final/generated_40_recovery2.jsonl') as f:
    output_rows = [json.loads(line) for line in f if line.strip()]

output_ids = [row['id'] for row in output_rows]

print(f'Input rows: {len(input_ids)}')
print(f'Output rows: {len(output_ids)}')
print(f'IDs match: {input_ids == output_ids}')
print(f'All IDs unique: {len(output_ids) == len(set(output_ids))}')

required_keys = {'id', 'a_relation', 'b_relation', 'source_valid', 'x_a', 'x_b', 'reason'}
for row in output_rows:
    assert set(row.keys()) == required_keys, f'Key mismatch in {row[\"id\"]}: {set(row.keys())}'
print('All rows have correct keys.')

valid_count = sum(1 for r in output_rows if r['source_valid'])
print(f'Valid pairs: {valid_count}, Invalid pairs: {len(output_rows) - valid_count}')
"

Input rows: 20
Output rows: 20
IDs match: True
All IDs unique: True
All rows have correct keys.
Valid pairs: 13, Invalid pairs: 7
> build · longcat-2.5-preview-free
Done. The output file `data/items/g33_final/generated_40_recovery2.jsonl` has been written and verified.

**Verification summary:**
- Input rows: 20
- Output rows: 20
- IDs match input order exactly
- All rows contain the required keys (`id`, `a_relation`, `b_relation`, `source_valid`, `x_a`, `x_b`, `reason`)
- Valid pairs: 13 | Invalid/rejected pairs: 7

**Rejected items and reasons:**

| ID | Reason |
|---|---|
| `g33_0786` | "Mixed reviews" does not clearly refute "positive reviews" |
| `g33_0789` | Both evidences cite multiple factors (not barrel length alone); gunpowder vs. blackpowder is a terminology variant |
| `g33_0790` | E_B states an actual cousin relationship, which doesn't clearly refute "considered a cousin since meeting" |
| `g33_0792` | "Mixed reviews" does not clearly refute "negative reviews" |
| `g33_0793` | E_B uses singular "he" with ambiguous reference — unclear if both characters reunite |
| `g33_0795` | E_B is self-referential nonsense (Two-Face as adversary of himself) |
| `g33_0796` | "Then cold case" (2005) doesn't clearly refute "still a cold case" now |
