[0m
> build · mimo-v2.6-flash-free
[0m→ [0mRead data/items/g33_final/CONSTRUCTION.md 
[0m→ [0mRead data/items/g33_final/input_06.jsonl 
> build · mimo-v2.6-flash-free
Both files read. Now writing the output.
[0m← [0mWrite data/items/g33_final/generated_06_attempt1.jsonl
Created file successfully: data/items/g33_final/generated_06_attempt1.jsonl
> build · mimo-v2.6-flash-free
[0m⚙ [0mexecute {"code":"const r = await tools.shell({command: `python3 - <<'PY'\nimport json\ninp=[json.loads(l) for l in open('data/items/g33_final/input_06.jsonl') if l.strip()]\nout=[json.loads(l) for l in open('data/items/g33_final/generated_06_attempt1.jsonl') if l.strip()]\nprint('input rows', len(inp), 'output rows', len(out))\nprint('ids match in order:', [r['id'] for r in inp]==[r['id'] for r in out])\nkeys=['id','a_relation','b_relation','source_valid','x_a','x_b','reason']\nprint('keys ok:', all(list(r.keys())==keys for r in out))\nbad=[]\nfor r in out:\n    if not isinstance(r['source_valid'],bool): bad.append((r['id'],'bool'))\n    if r['a_relation'] not in ('support','refute','unclear') or r['b_relation'] not in ('support','refute','unclear'): bad.append((r['id'],'rel'))\n    if r['source_valid'] and not (r['x_a'].strip() and r['x_b'].strip()): bad.append((r['id'],'empty x on valid'))\n    if not r['source_valid'] and (r['x_a'] or r['x_b']): bad.append((r['id'],'nonempty x on invalid'))\n    if not r['reason'].strip(): bad.append((r['id'],'no reason'))\nprint('problems:', bad)\nprint('valid count:', sum(r['source_valid'] for r in out), '/', len(out))\nPY`, workdir:\"/home/xiang/research_hun/try_clone\"});\nreturn r.output;"} 
> build · mimo-v2.6-flash-free
[0m⚙ [0mexecute {"code":"const s = search({query:\"run shell command terminal exec\", limit:5});\nreturn s;"} 
> build · mimo-v2.6-flash-free
[0m$ [0mpython3 - <<'PY'
import json
inp=[json.loads(l) for l in open('data/items/g33_final/input_06.jsonl') if l.strip()]
out=[json.loads(l) for l in open('data/items/g33_final/generated_06_attempt1.jsonl') if l.strip()]
print('input rows', len(inp), 'output rows', len(out))
print('ids match in order:', [r['id'] for r in inp]==[r['id'] for r in out])
keys=['id','a_relation','b_relation','source_valid','x_a','x_b','reason']
print('keys ok:', all(list(r.keys())==keys for r in out))
bad=[]
for r in out:
    if not isinstance(r['source_valid'],bool): bad.append((r['id'],'bool'))
    if r['a_relation'] not in ('support','refute','unclear') or r['b_relation'] not in ('support','refute','unclear'): bad.append((r['id'],'rel'))
    if r['source_valid'] and not (r['x_a'].strip() and r['x_b'].strip()): bad.append((r['id'],'empty x on valid'))
    if not r['source_valid'] and (r['x_a'] or r['x_b']): bad.append((r['id'],'nonempty x on invalid'))
    if not r['reason'].strip(): bad.append((r['id'],'no reason'))
print('problems:', bad)
print('valid:', sum(r['source_valid'] for r in out), 'invalid:', sum(not r['source_valid'] for r in out))
print('missing ids:', set(r['id'] for r in inp) ^ set(r['id'] for r in out))
PY
input rows 20 output rows 20
ids match in order: True
keys ok: True
problems: []
valid: 12 invalid: 8
missing ids: set()
> build · mimo-v2.6-flash-free
Done. `data/items/g33_final/generated_06_attempt1.jsonl` written and verified.

**Verification:** 20 JSON rows parse cleanly, IDs match input exactly in order (`g33_0100`–`g33_0119`), keys are exactly `id, a_relation, b_relation, source_valid, x_a, x_b, reason`, every row has an item-specific reason, valid rows have non-empty x strings, rejected rows have empty x strings. 12 valid pairs / 8 rejected.

**Judgments (only CONSTRUCTION.md + input_06 read):**
- **Valid (12):** g33_0103 (McJagger vs Ronaldinho), 0104 (eighth vs sixth), 0105 (PSG vs Dortmund), 0106 (Gann vs Covert), 0107 (husband Nick vs wife Nicola), 0110 (dismiss vs increased support), 0111 (Norm vs Woody Harrelson), 0114 (British India vs Dominion of Pakistan), 0115 (beetles vs scorpions), 0116 (detained vs escaped), 0118 (Central vs South), 0119 (nurse vs Gringo).
- **Rejected (8):** g33_0100 (A gives only Orange County — omission of Newport Beach), 0101 (B never mentions Coupeville), 0102 ("rock" does not refute "heavy metal"), 0108 (Anaheim does not deny LA metro area), 0109 (community outreach neither confirms nor denies communal violence), 0112 (Waltham Forest name omitted), 0113 ("friends" does not refute "cousins"), 0117 (publisher role omitted, not contradicted).

No model results, historical judgments, other batch outputs, or research files were accessed.
