[0m
> build · longcat-2.5-preview-free
[0m→ [0mRead data/items/g33_final/CONSTRUCTION.md 
[0m→ [0mRead data/items/g33_final/input_17.jsonl 
> build · longcat-2.5-preview-free
[0m← [0mWrite data/items/g33_final/generated_17_attempt2.jsonl
Created file successfully: data/items/g33_final/generated_17_attempt2.jsonl
> build · longcat-2.5-preview-free
[0m$ [0mpython3 -c "
import json

with open('data/items/g33_final/input_17.jsonl') as f:
    input_ids = [json.loads(line)['id'] for line in f if line.strip()]

with open('data/items/g33_final/generated_17_attempt2.jsonl') as f:
    output_rows = [json.loads(line) for line in f if line.strip()]

output_ids = [row['id'] for row in output_rows]

print(f'Input rows: {len(input_ids)}')
print(f'Output rows: {len(output_rows)}')
print(f'IDs match: {input_ids == output_ids}')
print(f'All IDs unique: {len(output_ids) == len(set(output_ids))}')

required_keys = {'id', 'a_relation', 'b_relation', 'source_valid', 'x_a', 'x_b', 'reason'}
for row in output_rows:
    if set(row.keys()) != required_keys:
        print(f'Key mismatch in {row[\"id\"]}: {set(row.keys())}')
    if row['source_valid'] and (not row['x_a'] or not row['x_b']):
        print(f'Empty x strings for valid pair {row[\"id\"]}')
    if not row['source_valid'] and (row['x_a'] or row['x_b']):
        print(f'Non-empty x strings for invalid pair {row[\"id\"]}')
    if row['a_relation'] not in ('support', 'refute', 'unclear'):
        print(f'Bad a_relation in {row[\"id\"]}: {row[\"a_relation\"]}')
    if row['b_relation'] not in ('support', 'refute', 'unclear'):
        print(f'Bad b_relation in {row[\"id\"]}: {row[\"b_relation\"]}')

print('Validation complete.')
"

Input rows: 20
Output rows: 20
IDs match: True
All IDs unique: True
Validation complete.
> build · longcat-2.5-preview-free
The file `data/items/g33_final/generated_17_attempt2.jsonl` has been written and verified:

- **Row count**: 20 (matches input)
- **IDs**: All 20 IDs match the input exactly, no duplicates
- **Keys**: All rows contain exactly `id`, `a_relation`, `b_relation`, `source_valid`, `x_a`, `x_b`, `reason`
- **Consistency**: Valid pairs have non-empty `x_a`/`x_b`; invalid pairs have empty strings

**Summary of judgments:**

| ID | A relation | B relation | Valid | Key issue |
|---|---|---|---|---|
| g33_0320 | support | refute | yes | Ethan Hunt vs Nitin Yadav |
| g33_0321 | refute | support | yes | Dwayne Smith vs Luke Ronchi |
| g33_0322 | support | unclear | no | E_B omits "body" — omission ≠ contradiction |
| g33_0323 | unclear | support | no | West Riding vs South Yorkshire — period ambiguity |
| g33_0324 | support | support | no | Both support; no refuting sentence |
| g33_0325 | support | refute | yes | "the world" vs "machines and programs" |
| g33_0326 | support | unclear | no | E_B doesn't mention football — omission ≠ contradiction |
| g33_0327 | support | refute | yes | minister of justice vs head |
| g33_0328 | support | refute | yes | Pakistan vs Princeton, New Jersey |
| g33_0329 | unclear | support | no | E_A past performance doesn't confirm/deny plans |
| g33_0330 | support | refute | yes | December 8 vs September 8 |
| g33_0331 | support | refute | yes | romance vs masks |
| g33_0332 | refute | support | yes | positive vs negative reviews |
| g33_0333 | refute | support | yes | Pakistani vs Persian |
| g33_0334 | unclear | support | no | "in India" encompasses Mumbai — omission ≠ contradiction |
| g33_0335 | support | refute | yes | Josiah vs Jonathan |
| g33_0336 | refute | support | yes | musical comedy vs action-drama |
| g33_0337 | unclear | support | no | E_A says "income equality" — likely text corruption |
| g33_0338 | refute | support | yes | 6th vs 7th safest |
| g33_0339 | refute | support | yes | Queen's University vs University of Dundee |

12 valid pairs, 8 rejected.
