[0m
> build · longcat-2.5-preview-free
[0m→ [0mRead data/items/g33_final/input_14.jsonl 
[0m→ [0mRead data/items/g33_final/CONSTRUCTION.md 
> build · longcat-2.5-preview-free
Now I'll process each row according to the instructions and write the output file.
[0m← [0mWrite data/items/g33_final/generated_14_attempt2.jsonl
Created file successfully: data/items/g33_final/generated_14_attempt2.jsonl
> build · longcat-2.5-preview-free
[0m$ [0mpython3 -c "
import json

with open('data/items/g33_final/input_14.jsonl') as f:
    input_ids = [json.loads(line)['id'] for line in f if line.strip()]

with open('data/items/g33_final/generated_14_attempt2.jsonl') as f:
    output_rows = [json.loads(line) for line in f if line.strip()]

output_ids = [row['id'] for row in output_rows]

print(f'Input rows: {len(input_ids)}')
print(f'Output rows: {len(output_rows)}')
print(f'IDs match: {input_ids == output_ids}')
print(f'All IDs unique: {len(output_ids) == len(set(output_ids))}')

# Check all required keys present
required_keys = {'id', 'a_relation', 'b_relation', 'source_valid', 'x_a', 'x_b', 'reason'}
for row in output_rows:
    missing = required_keys - set(row.keys())
    if missing:
        print(f'Row {row[\"id\"]} missing keys: {missing}')

# Check valid pairs have non-empty x_a/x_b and invalid have empty
for row in output_rows:
    if row['source_valid']:
        if not row['x_a'] or not row['x_b']:
            print(f'Row {row[\"id\"]}: valid but empty x strings')
    else:
        if row['x_a'] or row['x_b']:
            print(f'Row {row[\"id\"]}: invalid but non-empty x strings')

print('Validation complete.')
"

Input rows: 20
Output rows: 20
IDs match: True
All IDs unique: True
Validation complete.
> build · longcat-2.5-preview-free
The file `data/items/g33_final/generated_14_attempt2.jsonl` has been written and verified:

- **Row count**: 20 output rows matching 20 input rows
- **IDs**: All match the input exactly, all unique
- **Keys**: All required keys present (`id`, `a_relation`, `b_relation`, `source_valid`, `x_a`, `x_b`, `reason`)
- **Valid pairs**: 13 rows with non-empty `x_a`/`x_b` paraphrases
- **Invalid pairs**: 7 rows with empty `x_a`/`x_b` (g33_0263, g33_0264, g33_0268, g33_0271, g33_0277, g33_0278, g33_0279)
