[0m
> build · mimo-v2.6-flash-free
[0m→ [0mRead data/items/g33_final/CONSTRUCTION.md 
[0m→ [0mRead data/items/g33_final/input_13.jsonl 
> build · mimo-v2.6-flash-free
I've read both files. Now writing the output:
[0m← [0mWrite data/items/g33_final/generated_13_attempt1.jsonl
Created file successfully: data/items/g33_final/generated_13_attempt1.jsonl
> build · mimo-v2.6-flash-free
[0m⚙ [0mexecute {"code":"const r = await tools.shell({command: \"python3 - <<'PY'\\nimport json\\ninp=[json.loads(l) for l in open('data/items/g33_final/input_13.jsonl') if l.strip()]\\nout=[json.loads(l) for l in open('data/items/g33_final/generated_13_attempt1.jsonl') if l.strip()]\\nprint('input rows', len(inp), 'output rows', len(out))\\nprint('IDs match order:', [x['id'] for x in inp]==[x['id'] for x in out])\\nkeys={'id','a_relation','b_relation','source_valid','x_a','x_b','reason'}\\nprint('keys ok:', all(set(x)==keys for x in out))\\nprint('relations ok:', all(x['a_relation'] in ('support','refute','unclear') and x['b_relation'] in ('support','refute','unclear') for x in out))\\nprint('bool/type ok:', all(isinstance(x['source_valid'],bool) and isinstance(x['x_a'],str) and isinstance(x['x_b'],str) and x['reason'] for x in out))\\nprint('empty-x iff invalid:', all((x['x_a']=='' and x['x_b']=='')== (not x['source_valid']) for x in out))\\nprint('valid count', sum(x['source_valid'] for x in out), 'invalid', sum(not x['source_valid'] for x in out))\\nprint('duplicates:', len(set(x['id'] for x in out))!=len(out))\\nPY\", workdir: \"/home/xiang/research_hun/try_clone\"});\nreturn r;"} 
> build · mimo-v2.6-flash-free
[0m⚙ [0mexecute {"code":"const s = search({query: \"run shell command execute in working directory\", limit: 5});\nreturn s;"} 
> build · mimo-v2.6-flash-free
[0m→ [0mRead data/items/g33_final/generated_13_attempt1.jsonl 
> build · mimo-v2.6-flash-free
[0m⚙ [0mexecute {"code":"const s = search({query: \"shell bash run command file system\", limit: 8});\nconst s2 = search({query: \"read file contents parse json\", limit: 8});\nreturn {s, s2};"} 
> build · mimo-v2.6-flash-free
[0m$ [0mpython3 - <<'PY'
import json
inp=[json.loads(l) for l in open('data/items/g33_final/input_13.jsonl') if l.strip()]
out=[json.loads(l) for l in open('data/items/g33_final/generated_13_attempt1.jsonl') if l.strip()]
print('input rows:', len(inp), 'output rows:', len(out))
print('IDs identical & in order:', [x['id'] for x in inp]==[x['id'] for x in out])
keys={'id','a_relation','b_relation','source_valid','x_a','x_b','reason'}
print('exact keys each row:', all(set(x)==keys for x in out))
print('relations valid:', all(x['a_relation'] in ('support','refute','unclear') and x['b_relation'] in ('support','refute','unclear') for x in out))
print('source_valid bool:', all(isinstance(x['source_valid'],bool) for x in out))
print('x empty iff invalid:', all((x['x_a']=='' and x['x_b']=='')==(not x['source_valid']) for x in out))
print('reasons non-empty:', all(x['reason'].strip() for x in out))
print('valid:', sum(x['source_valid'] for x in out), 'invalid:', sum(not x['source_valid'] for x in out))
print('no duplicate ids:', len({x['id'] for x in out})==len(out))
PY
input rows: 20 output rows: 20
IDs identical & in order: True
exact keys each row: True
relations valid: True
source_valid bool: True
x empty iff invalid: True
reasons non-empty: True
valid: 14 invalid: 6
no duplicate ids: True
> build · mimo-v2.6-flash-free
Done. `data/items/g33_final/generated_13_attempt1.jsonl` written and verified.

**Verification**
- JSON parses for all 20 rows; row count = 20, matching input
- IDs identical and in order: `g33_0240`–`g33_0259`, no duplicates
- Exact key set per row: `id, a_relation, b_relation, source_valid, x_a, x_b, reason`
- Relations all in {support, refute, unclear}; `source_valid` boolean; empty `x` strings iff invalid; every row has an item-specific reason

**Judgments: 14 valid / 6 rejected**

Rejected (no clear support+refute pair):
- `g33_0240` — "hip hop band" doesn't refute "rap rock" (overlapping genres, mirroring the rock/metalcore rule)
- `g33_0244` — "anti-communist memes" doesn't contradict "alt-right memes"
- `g33_0251` — "appear in an episode" neither asserts nor denies co-starring
- `g33_0254` — B omits cameras/ports entirely (omission ≠ contradiction)
- `g33_0255` — "American" is compatible with "Albanian-American"
- `g33_0259` — B's cameo list simply omits Nikki Blonsky

I read only the two specified files; no results, judgments, or other batches were opened.
