[0m
> build · mimo-v2.6-flash-free
[0m→ [0mRead data/items/g33_final/CONSTRUCTION.md 
[0m→ [0mRead data/items/g33_final/input_30.jsonl 
> build · mimo-v2.6-flash-free
[0m✗ [0mRead data/items/g33_final/input_30.jsonl failed
[91m[1mError: [0mOffset 21 is out of range for this file (20 lines)
> build · mimo-v2.6-flash-free
[0m$ [0mwc -l data/items/g33_final/input_30.jsonl; python3 -c "
import json
rows=[json.loads(l) for l in open('data/items/g33_final/input_30.jsonl')]
print(len(rows), [r['id'] for r in rows])
"
20 data/items/g33_final/input_30.jsonl
20 ['g33_0580', 'g33_0581', 'g33_0582', 'g33_0583', 'g33_0584', 'g33_0585', 'g33_0586', 'g33_0587', 'g33_0588', 'g33_0589', 'g33_0590', 'g33_0591', 'g33_0592', 'g33_0593', 'g33_0594', 'g33_0595', 'g33_0596', 'g33_0597', 'g33_0598', 'g33_0599']
> build · mimo-v2.6-flash-free
Both files read (note: `input_30.jsonl` contains 20 rows, not 30). Writing the output now.
[0m← [0mWrite data/items/g33_final/generated_30_attempt1.jsonl
Created file successfully: data/items/g33_final/generated_30_attempt1.jsonl
> build · mimo-v2.6-flash-free
[0m$ [0mpython3 - <<'EOF'
import json
inp=[json.loads(l) for l in open('data/items/g33_final/input_30.jsonl')]
out=[json.loads(l) for l in open('data/items/g33_final/generated_30_attempt1.jsonl')]
print("input rows:", len(inp), "output rows:", len(out))
print("IDs match:", [r['id'] for r in inp]==[r['id'] for r in out])
keys=["id","a_relation","b_relation","source_valid","x_a","x_b","reason"]
print("key order/sets ok:", all(list(r.keys())==keys for r in out))
print("bool type ok:", all(type(r['source_valid']) is bool for r in out))
print("empty x for invalid:", all(r['x_a']=="" and r['x_b']=="" for r in out if not r['source_valid']))
print("non-empty x for valid:", all(r['x_a'] and r['x_b'] for r in out if r['source_valid']))
print("relations ok:", all(r['a_relation'] in ('support','refute','unclear') and r['b_relation'] in ('support','refute','unclear') for r in out))
print("reasons non-empty:", all(r['reason'].strip() for r in out))
print("valid count:", sum(r['source_valid'] for r in out), "invalid:", sum(not r['source_valid'] for r in out))
EOF
input rows: 20 output rows: 20
IDs match: True
key order/sets ok: True
bool type ok: True
empty x for invalid: True
non-empty x for valid: True
relations ok: True
reasons non-empty: True
valid count: 15 invalid: 5
> build · mimo-v2.6-flash-free
Done. `data/items/g33_final/generated_30_attempt1.jsonl` exists and verifies.

**Verification results**
- Input rows: 20, output rows: 20 — JSON parses line by line.
- IDs match input exactly and in order: `g33_0580` … `g33_0599`.
- All rows have the required keys in order (`id`, `a_relation`, `b_relation`, `source_valid`, `x_a`, `x_b`, `reason`); `source_valid` is boolean; every row has an item-specific reason; invalid rows have empty x strings, valid rows non-empty.

**Note on the filename:** `input_30.jsonl` actually contains 20 rows (confirmed by `wc -l` and JSON parse), so the output has 20 rows, one per input row present.

**Judgments:** 15 valid pairs, 5 rejected.
- Rejected: `g33_0581` (B substitutes a cast name but never denies Joseph Fiennes — omission, not refutation), `g33_0584` (Berklee College vs Berklee School = same institution naming variant), `g33_0587` (friend's basement is narrower than and compatible with "house"), `g33_0590` (short height vs light frame — different attribute, no denial), `g33_0599` (a different instrument listed does not deny the Music Man Axis).
- Valid: the remaining 15, each with one sentence clearly supporting and one clearly refuting the exact claim.

I read only the two specified files.
