[0m
> build · muse-spark-1.3-contributor-free
Building your recovery file from inputs only — no research results touched.
[0m→ [0mRead data/items/g33_final/input_31.jsonl 
[0m→ [0mRead data/items/g33_final/CONSTRUCTION.md 
> build · muse-spark-1.3-contributor-free
[0m← [0mWrite data/items/g33_final/generated_31_recovery1.jsonl
Created file successfully: data/items/g33_final/generated_31_recovery1.jsonl
> build · muse-spark-1.3-contributor-free
Draft complete — now verifying row counts and IDs.
[0m$ [0mpython3 -c "import json; inp=[json.loads(l) for l in open('data/items/g33_final/input_31.jsonl')]; out=[json.loads(l) for l in open('data/items/g33_final/generated_31_recovery1.jsonl')]; print('input_rows',len(inp)); print('output_rows',len(out)); print('ids_match', [x['id'] for x in inp]==[x['id'] for x in out]); print('keys_ok', all(set(x.keys())=={'id','a_relation','b_relation','source_valid','x_a','x_b','reason'} for x in out)); print('rels_ok', all(x['a_relation'] in ('support','refute','unclear') and x['b_relation'] in ('support','refute','unclear') for x in out)); print('x_empty_check', all((x['source_valid']==False)==(x['x_a']=='' and x['x_b']=='') or True for x in out)); import collections; print(collections.Counter((x['a_relation'],x['b_relation'],x['source_valid']) for x in out))"
input_rows 20
output_rows 20
ids_match True
keys_ok True
rels_ok True
x_empty_check True
Counter({('support', 'refute', True): 7, ('refute', 'support', True): 7, ('support', 'support', False): 4, ('support', 'unclear', False): 2})
> build · muse-spark-1.3-contributor-free
[0m$ [0mpython3 -c "import json; out=[json.loads(l) for l in open('data/items/g33_final/generated_31_recovery1.jsonl')]; bad=[x['id'] for x in out if (x['source_valid'] and (not x['x_a'].strip() or not x['x_b'].strip())) or ((not x['source_valid']) and (x['x_a'].strip() or x['x_b'].strip()))]; print('violations',bad); print('all_valid_have_x', bad==[])"
violations []
all_valid_have_x True
> build · muse-spark-1.3-contributor-free
Wrote `data/items/g33_final/generated_31_recovery1.jsonl` with 20 rows.

Verification:
- input_rows 20, output_rows 20
- IDs match input order: True
- Keys exactly `id,a_relation,b_relation,source_valid,x_a,x_b,reason`: True
- Valid pairs (14) have non-empty `x_a/x_b`; invalid pairs (6) have empty `x_a/x_b`: True
