[0m
> build · longcat-2.5-preview-free
[0m→ [0mRead data/items/g33_final/input_02.jsonl 
[0m→ [0mRead data/items/g33_final/CONSTRUCTION.md 
> build · longcat-2.5-preview-free
[0m← [0mWrite data/items/g33_final/generated_02_attempt2.jsonl
Created file successfully: data/items/g33_final/generated_02_attempt2.jsonl
> build · longcat-2.5-preview-free
[0m$ [0mpython3 -c "
import json

with open('data/items/g33_final/input_02.jsonl') as f:
    input_ids = [json.loads(line)['id'] for line in f if line.strip()]

with open('data/items/g33_final/generated_02_attempt2.jsonl') as f:
    output_rows = [json.loads(line) for line in f if line.strip()]

output_ids = [row['id'] for row in output_rows]

print(f'Input rows: {len(input_ids)}')
print(f'Output rows: {len(output_rows)}')
print(f'IDs match: {input_ids == output_ids}')
print(f'All IDs unique: {len(output_ids) == len(set(output_ids))}')

required_keys = {'id', 'a_relation', 'b_relation', 'source_valid', 'x_a', 'x_b', 'reason'}
for i, row in enumerate(output_rows):
    if set(row.keys()) != required_keys:
        print(f'Row {i} ({row[\"id\"]}): key mismatch - extra={set(row.keys())-required_keys}, missing={required_keys-set(row.keys())}')
    if row['source_valid'] and (not row['x_a'] or not row['x_b']):
        print(f'Row {i} ({row[\"id\"]}): valid but empty x strings')
    if not row['source_valid'] and (row['x_a'] or row['x_b']):
        print(f'Row {i} ({row[\"id\"]}): invalid but non-empty x strings')

print('Validation complete.')
"

Input rows: 20
Output rows: 20
IDs match: True
All IDs unique: True
Validation complete.
> build · longcat-2.5-preview-free
Done. Wrote `data/items/g33_final/generated_02_attempt2.jsonl` with 20 rows matching the 20 input rows.

**Verification:**
- Input rows: 20
- Output rows: 20
- IDs match input order: Yes
- All IDs unique: Yes
- All rows have required keys (`id`, `a_relation`, `b_relation`, `source_valid`, `x_a`, `x_b`, `reason`)
- Valid pairs have non-empty `x_a`/`x_b`; invalid pairs have empty strings

**Summary of judgments:**
- **Valid pairs (17):** g33_0020, 0021, 0022, 0023, 0025, 0026, 0028, 0029, 0030, 0031, 0032, 0033, 0034, 0035, 0036, 0038, 0039
- **Invalid pairs (3):**
  - g33_0024 — both support ("The Cats" vs. "The Mighty Cats" are variants)
  - g33_0027 — both support (E_B adds context but confirms the claim)
  - g33_0037 — E_A supports, E_B unclear (doesn't specify ordinal position)
