[0m
> build · muse-spark-1.3-contributor-free
Processing every row per spec — building your recovery file.
[0m→ [0mRead data/items/g33_final/CONSTRUCTION.md 
[0m→ [0mRead data/items/g33_final/input_37.jsonl 
> build · muse-spark-1.3-contributor-free
[0m$ [0mls -l data/items/g33_final/ | head -n 50; wc -l data/items/g33_final/input_37.jsonl
total 6460
-rw-r--r-- 1 xiang cr   1695 Sep 30 18:02 AUDIT.md
-rw-r--r-- 1 xiang cr   2145 Sep 30 18:02 CONSTRUCTION.md
-rw-r--r-- 1 xiang cr   2576 Sep 30 19:17 SOURCE_CHALLENGE.md
-rw-r--r-- 1 xiang cr  11452 Sep 30 18:18 audit_01.jsonl
-rw-r--r-- 1 xiang cr  11452 Sep 30 18:17 audit_01_attempt1.jsonl
-rw-r--r-- 1 xiang cr   2897 Sep 30 18:18 audit_01_attempt1.log
-rw-r--r-- 1 xiang cr    125 Sep 30 18:18 audit_01_provenance.json
-rw-r--r-- 1 xiang cr   9931 Sep 30 18:53 audit_02.jsonl
-rw-r--r-- 1 xiang cr  14508 Sep 30 18:33 audit_02_attempt1.jsonl
-rw-r--r-- 1 xiang cr   1796 Sep 30 18:23 audit_02_attempt1.log
-rw-r--r-- 1 xiang cr   1633 Sep 30 18:40 audit_02_attempt2.jsonl
-rw-r--r-- 1 xiang cr    501 Sep 30 18:40 audit_02_attempt2.log
-rw-r--r-- 1 xiang cr    133 Sep 30 18:53 audit_02_provenance.json
-rw-r--r-- 1 xiang cr   9931 Sep 30 18:53 audit_02_recovery1.jsonl
-rw-r--r-- 1 xiang cr   2400 Sep 30 18:53 audit_02_recovery1.log
-rw-r--r-- 1 xiang cr    302 Sep 30 18:43 audit_02_secondary.log
-rw-r--r-- 1 xiang cr  12152 Sep 30 18:53 audit_03.jsonl
-rw-r--r-- 1 xiang cr  17868 Sep 30 18:40 audit_03_attempt1.jsonl
-rw-r--r-- 1 xiang cr    297 Sep 30 18:24 audit_03_attempt1.log
-rw-r--r-- 1 xiang cr    327 Sep 30 18:43 audit_03_attempt2.log
-rw-r--r-- 1 xiang cr    133 Sep 30 18:53 audit_03_provenance.json
-rw-r--r-- 1 xiang cr  12152 Sep 30 18:53 audit_03_recovery1.jsonl
-rw-r--r-- 1 xiang cr   1981 Sep 30 18:53 audit_03_recovery1.log
-rw-r--r-- 1 xiang cr  10073 Sep 30 18:19 audit_04.jsonl
-rw-r--r-- 1 xiang cr  10073 Sep 30 18:18 audit_04_attempt1.jsonl
-rw-r--r-- 1 xiang cr   7650 Sep 30 18:19 audit_04_attempt1.log
-rw-r--r-- 1 xiang cr    125 Sep 30 18:19 audit_04_provenance.json
-rw-r--r-- 1 xiang cr  10795 Sep 30 18:53 audit_05.jsonl
-rw-r--r-- 1 xiang cr  14660 Sep 30 18:39 audit_05_attempt1.jsonl
-rw-r--r-- 1 xiang cr    297 Sep 30 18:24 audit_05_attempt1.log
-rw-r--r-- 1 xiang cr    538 Sep 30 18:43 audit_05_attempt2.log
-rw-r--r-- 1 xiang cr    133 Sep 30 18:53 audit_05_provenance.json
-rw-r--r-- 1 xiang cr  10795 Sep 30 18:53 audit_05_recovery1.jsonl
-rw-r--r-- 1 xiang cr   2254 Sep 30 18:53 audit_05_recovery1.log
-rw-r--r-- 1 xiang cr   8631 Sep 30 18:22 audit_06.jsonl
-rw-r--r-- 1 xiang cr   8631 Sep 30 18:22 audit_06_attempt1.jsonl
-rw-r--r-- 1 xiang cr   2330 Sep 30 18:22 audit_06_attempt1.log
-rw-r--r-- 1 xiang cr    125 Sep 30 18:22 audit_06_provenance.json
-rw-r--r-- 1 xiang cr  11046 Sep 30 18:31 audit_07.jsonl
-rw-r--r-- 1 xiang cr  11046 Sep 30 18:31 audit_07_attempt1.jsonl
-rw-r--r-- 1 xiang cr   2968 Sep 30 18:31 audit_07_attempt1.log
-rw-r--r-- 1 xiang cr    125 Sep 30 18:31 audit_07_provenance.json
-rw-r--r-- 1 xiang cr   9857 Sep 30 18:34 audit_08.jsonl
-rw-r--r-- 1 xiang cr   9857 Sep 30 18:34 audit_08_attempt1.jsonl
-rw-r--r-- 1 xiang cr   2332 Sep 30 18:34 audit_08_attempt1.log
-rw-r--r-- 1 xiang cr    125 Sep 30 18:34 audit_08_provenance.json
-rw-r--r-- 1 xiang cr  10502 Sep 30 18:57 audit_09.jsonl
-rw-r--r-- 1 xiang cr  15240 Sep 30 18:54 audit_09_attempt1.jsonl
-rw-r--r-- 1 xiang cr    297 Sep 30 18:44 audit_09_attempt1.log
20 data/items/g33_final/input_37.jsonl
> build · muse-spark-1.3-contributor-free
[91m[1mError: [0mRate limit exceeded. Please try again later.
