[0m
> build · muse-spark-1.3-contributor-free
Building every row per spec — reading your two source files only.
[0m→ [0mRead data/items/g33_final/input_12.jsonl 
[0m→ [0mRead data/items/g33_final/CONSTRUCTION.md 
> build · muse-spark-1.3-contributor-free
Judged all 20 pairs — writing the output file now.
[0m← [0mWrite data/items/g33_final/generated_12_recovery1.jsonl
Created file successfully: data/items/g33_final/generated_12_recovery1.jsonl
> build · muse-spark-1.3-contributor-free
[0m$ [0mpython3 -c "import json; inp=[json.loads(l) for l in open('data/items/g33_final/input_12.jsonl')]; out=[json.loads(l) for l in open('data/items/g33_final/generated_12_recovery1.jsonl')]; print('in:',len(inp),'out:',len(out)); print('ids_match:',[x['id'] for x in inp]==[x['id'] for x in out]); print('keys_ok:',all(set(r)=={'id','a_relation','b_relation','source_valid','x_a','x_b','reason'} for r in out)); print('rels:',set((r['a_relation'],r['b_relation']) for r in out)); print('valid_count:',sum(1 for r in out if r['source_valid'])); import collections; print(collections.Counter(r['a_relation']+'/'+r['b_relation'] for r in out))"

in: 20 out: 20
ids_match: True
keys_ok: True
rels: {('refute', 'support'), ('unclear', 'support'), ('support', 'unclear'), ('support', 'refute')}
valid_count: 15
Counter({'refute/support': 9, 'support/refute': 6, 'unclear/support': 3, 'support/unclear': 2})
> build · muse-spark-1.3-contributor-free
Wrote `data/items/g33_final/generated_12_recovery1.jsonl`.

Verification: 20/20 rows parse as JSON, IDs match `input_12.jsonl` in order, all rows have required keys `id,a_relation,b_relation,source_valid,x_a,x_b,reason`. 15 valid, 5 invalid (empty x_a/x_b).
