[0m
> build · mimo-v2.6-flash-free
[0m→ [0mRead data/items/g33_final/input_21.jsonl 
[0m→ [0mRead data/items/g33_final/CONSTRUCTION.md 
> build · mimo-v2.6-flash-free
I've read both files. Now I'll judge each row and write the output.
[0m← [0mWrite data/items/g33_final/generated_21_attempt1.jsonl
Created file successfully: data/items/g33_final/generated_21_attempt1.jsonl
> build · mimo-v2.6-flash-free
[0m⚙ [0mexecute {"code":"const r = await tools.execencode; // placeholder\n"} 
> build · mimo-v2.6-flash-free
[0m$ [0mpython3 - <<'PY'
import json
inp=[json.loads(l) for l in open('data/items/g33_final/input_21.jsonl')]
out=[json.loads(l) for l in open('data/items/g33_final/generated_21_attempt1.jsonl')]
print('in rows',len(inp),'out rows',len(out))
print('ids match order:',[r['id'] for r in inp]==[r['id'] for r in out])
keys=['id','a_relation','b_relation','source_valid','x_a','x_b','reason']
print('keys ok:',all(list(r.keys())==keys for r in out))
print('empty x for invalid:',all((r['x_a']=='' and r['x_b']=='') == (not r['source_valid']) for r in out))
print('relations valid:',all(r['a_relation'] in ('support','refute','unclear') and r['b_relation'] in ('support','refute','unclear') for r in out))
print('valid pairs have 1 support 1 refute:',all((r['a_relation'],r['b_relation'])in(('support','refute'),('refute','support')) for r in out if r['source_valid']))
print('reasons non-empty:',all(r['reason'].strip() for r in out))
print('valid count:',sum(r['source_valid'] for r in out))
PY
in rows 20 out rows 20
ids match order: True
keys ok: True
empty x for invalid: True
relations valid: True
valid pairs have 1 support 1 refute: True
reasons non-empty: True
valid count: 10
> build · mimo-v2.6-flash-free
Wrote `data/items/g33_final/generated_21_attempt1.jsonl` (only the two permitted files were read).

**Verification:** JSON parses, 20 rows out = 20 in, IDs match input order (`g33_0400`–`g33_0419`), key order/sets correct, every reason non-empty, `x_a`/`x_b` empty exactly on rejected rows, and every `source_valid: true` row has one `support` and one `refute`.

**Valid pairs (10):** 0400, 0402, 0403, 0405, 0408, 0410, 0412, 0413, 0415, 0417 — each has one clearly supporting and one clearly refuting sentence.

**Rejected (10), with the item-specific grounds recorded in `reason`:**
- 0401 "Officer" vs "detective" — officer is broader, not a contradiction.
- 0404 both sentences report the same appearance (only stray quote marks / extra surname differ).
- 0406, 0411 evidence A is about a different subject → neither supports nor refutes.
- 0407 (Vashi vs Washim), 0419 (Binzhou vs Heihe) — a different name in a partial list omits the claim's detail rather than contradicting it.
- 0409 both "mixed"/"mixed-to-positive" are consistent with "diverse reviews".
- 0414 "electronic rock" still entails rock.
- 0416 evidence A mentions the Iron Crown of Lombardy, neither affirming nor denying the kingdom.
- 0418 "rap rock" vs "rapcore" overlap; no clear refutation.
