[0m
> build · muse-spark-1.3-contributor-free
Fixing your 20 rows — reading the build spec only.
[0m→ [0mRead data/items/g33_final/CONSTRUCTION.md 
> build · muse-spark-1.3-contributor-free
[0m→ [0mRead data/items/g33_final/input_20.jsonl 
> build · muse-spark-1.3-contributor-free
I've mapped all 20 claim-evidence pairs — writing your recovery file now.
[0m← [0mWrite data/items/g33_final/generated_20_recovery1.jsonl
Created file successfully: data/items/g33_final/generated_20_recovery1.jsonl
> build · muse-spark-1.3-contributor-free
[0m$ [0mpython3 -c "import json; inp=[json.loads(l) for l in open('data/items/g33_final/input_20.jsonl')]; out=[json.loads(l) for l in open('data/items/g33_final/generated_20_recovery1.jsonl')]; print('in:',len(inp),'out:',len(out)); print('ids_match:',[x['id'] for x in inp]==[x['id'] for x in out]); print('keys:',sorted(out[0].keys())); import collections; print(collections.Counter((r['a_relation'],r['b_relation'],r['source_valid']) for r in out)); assert len(out)==20 and [x['id'] for x in inp]==[x['id'] for x in out]; print('OK')"

in: 20 out: 20
ids_match: True
keys: ['a_relation', 'b_relation', 'id', 'reason', 'source_valid', 'x_a', 'x_b']
Counter({('unclear', 'support', False): 8, ('support', 'refute', True): 3, ('support', 'support', False): 3, ('support', 'unclear', False): 2, ('unclear', 'unclear', False): 2, ('refute', 'support', True): 2})
OK
> build · muse-spark-1.3-contributor-free
Wrote `data/items/g33_final/generated_20_recovery1.jsonl`: 20/20 rows, IDs match input order, all rows parse with required keys.

Valid (5): g33_0380, g33_0389, g33_0392, g33_0394, g33_0399 with paraphrased `x_a`/`x_b`. Invalid (15) have empty `x_a`/`x_b` with item-specific reasons.
