Resuming gemma3-12b: preserving 0 rows, 7200 remaining
`torch_dtype` is deprecated! Use `dtype` instead!
[Gloo] Rank 0 is connected to 0 peer ranks. Expected number of connected peer ranks is : 0
[Gloo] Rank 0 is connected to 0 peer ranks. Expected number of connected peer ranks is : 0
[Gloo] Rank 0 is connected to 0 peer ranks. Expected number of connected peer ranks is : 0
[Gloo] Rank 0 is connected to 0 peer ranks. Expected number of connected peer ranks is : 0
[Gloo] Rank 0 is connected to 0 peer ranks. Expected number of connected peer ranks is : 0
[Gloo] Rank 0 is connected to 0 peer ranks. Expected number of connected peer ranks is : 0
[1;36m(EngineCore_DP0 pid=3409630)[0;0m Using a slow image processor as `use_fast` is unset and a slow processor was saved with this model. `use_fast=True` will be the default behavior in v4.52, even if the model was saved with a slow processor. This will result in minor differences in outputs. You'll still be able to use a slow processor with `use_fast=False`.
[1;36m(EngineCore_DP0 pid=3409630)[0;0m Loading safetensors checkpoint shards:   0% Completed | 0/5 [00:00<?, ?it/s]
[1;36m(EngineCore_DP0 pid=3409630)[0;0m Loading safetensors checkpoint shards:  20% Completed | 1/5 [01:27<05:48, 87.17s/it]
[1;36m(EngineCore_DP0 pid=3409630)[0;0m Loading safetensors checkpoint shards:  40% Completed | 2/5 [02:48<04:10, 83.63s/it]
[1;36m(EngineCore_DP0 pid=3409630)[0;0m Loading safetensors checkpoint shards:  60% Completed | 3/5 [04:14<02:50, 85.00s/it]
[1;36m(EngineCore_DP0 pid=3409630)[0;0m Loading safetensors checkpoint shards:  80% Completed | 4/5 [05:42<01:25, 85.98s/it]
[1;36m(EngineCore_DP0 pid=3409630)[0;0m Loading safetensors checkpoint shards: 100% Completed | 5/5 [07:09<00:00, 86.23s/it]
[1;36m(EngineCore_DP0 pid=3409630)[0;0m Loading safetensors checkpoint shards: 100% Completed | 5/5 [07:09<00:00, 85.82s/it]
[1;36m(EngineCore_DP0 pid=3409630)[0;0m 
[1;36m(EngineCore_DP0 pid=3409630)[0;0m WARNING 09-30 20:58:44 [cudagraph_dispatcher.py:106] cudagraph dispatching keys are not initialized. No cudagraph will be used.
gemma3-12b: 512/7200
gemma3-12b: 1024/7200
gemma3-12b: 1536/7200
gemma3-12b: 2048/7200
gemma3-12b: 2560/7200
gemma3-12b: 3072/7200
gemma3-12b: 3584/7200
gemma3-12b: 4096/7200
gemma3-12b: 4608/7200
gemma3-12b: 5120/7200
gemma3-12b: 5632/7200
gemma3-12b: 6144/7200
gemma3-12b: 6656/7200
gemma3-12b: 7168/7200
gemma3-12b: 7200/7200
[rank0]:[W930 21:04:02.447956785 ProcessGroupNCCL.cpp:1538] Warning: WARNING: destroy_process_group() was not called before program exit, which can leak resources. For more info, please see https://pytorch.org/docs/stable/distributed.html#shutdown (function operator())
Terminated
