Resuming gemma3-12b: preserving 0 rows, 7200 remaining
`torch_dtype` is deprecated! Use `dtype` instead!
[Gloo] Rank 0 is connected to 0 peer ranks. Expected number of connected peer ranks is : 0
[Gloo] Rank 0 is connected to 0 peer ranks. Expected number of connected peer ranks is : 0
[Gloo] Rank 0 is connected to 0 peer ranks. Expected number of connected peer ranks is : 0
[Gloo] Rank 0 is connected to 0 peer ranks. Expected number of connected peer ranks is : 0
[Gloo] Rank 0 is connected to 0 peer ranks. Expected number of connected peer ranks is : 0
[Gloo] Rank 0 is connected to 0 peer ranks. Expected number of connected peer ranks is : 0
[1;36m(EngineCore_DP0 pid=3671741)[0;0m Using a slow image processor as `use_fast` is unset and a slow processor was saved with this model. `use_fast=True` will be the default behavior in v4.52, even if the model was saved with a slow processor. This will result in minor differences in outputs. You'll still be able to use a slow processor with `use_fast=False`.
[1;36m(EngineCore_DP0 pid=3671741)[0;0m Loading safetensors checkpoint shards:   0% Completed | 0/5 [00:00<?, ?it/s]
[1;36m(EngineCore_DP0 pid=3671741)[0;0m Loading safetensors checkpoint shards:  20% Completed | 1/5 [00:00<00:02,  1.74it/s]
[1;36m(EngineCore_DP0 pid=3671741)[0;0m Loading safetensors checkpoint shards:  40% Completed | 2/5 [00:01<00:01,  1.58it/s]
[1;36m(EngineCore_DP0 pid=3671741)[0;0m Loading safetensors checkpoint shards:  60% Completed | 3/5 [00:01<00:01,  1.56it/s]
[1;36m(EngineCore_DP0 pid=3671741)[0;0m Loading safetensors checkpoint shards:  80% Completed | 4/5 [00:02<00:00,  1.52it/s]
[1;36m(EngineCore_DP0 pid=3671741)[0;0m Loading safetensors checkpoint shards: 100% Completed | 5/5 [00:03<00:00,  1.50it/s]
[1;36m(EngineCore_DP0 pid=3671741)[0;0m Loading safetensors checkpoint shards: 100% Completed | 5/5 [00:03<00:00,  1.53it/s]
[1;36m(EngineCore_DP0 pid=3671741)[0;0m 
[1;36m(EngineCore_DP0 pid=3671741)[0;0m WARNING 09-30 20:57:45 [cudagraph_dispatcher.py:106] cudagraph dispatching keys are not initialized. No cudagraph will be used.
gemma3-12b: 512/7200
gemma3-12b: 1024/7200
gemma3-12b: 1536/7200
gemma3-12b: 2048/7200
gemma3-12b: 2560/7200
gemma3-12b: 3072/7200
gemma3-12b: 3584/7200
gemma3-12b: 4096/7200
gemma3-12b: 4608/7200
gemma3-12b: 5120/7200
gemma3-12b: 5632/7200
gemma3-12b: 6144/7200
gemma3-12b: 6656/7200
gemma3-12b: 7168/7200
gemma3-12b: 7200/7200
[rank0]:[W930 21:01:50.568759491 ProcessGroupNCCL.cpp:1538] Warning: WARNING: destroy_process_group() was not called before program exit, which can leak resources. For more info, please see https://pytorch.org/docs/stable/distributed.html#shutdown (function operator())
