Resuming gemma3-12b: preserving 2120 rows, 5080 remaining
`torch_dtype` is deprecated! Use `dtype` instead!
[Gloo] Rank 0 is connected to 0 peer ranks. Expected number of connected peer ranks is : 0
[Gloo] Rank 0 is connected to 0 peer ranks. Expected number of connected peer ranks is : 0
[Gloo] Rank 0 is connected to 0 peer ranks. Expected number of connected peer ranks is : 0
[Gloo] Rank 0 is connected to 0 peer ranks. Expected number of connected peer ranks is : 0
[Gloo] Rank 0 is connected to 0 peer ranks. Expected number of connected peer ranks is : 0
[Gloo] Rank 0 is connected to 0 peer ranks. Expected number of connected peer ranks is : 0
[1;36m(EngineCore_DP0 pid=3670891)[0;0m Using a slow image processor as `use_fast` is unset and a slow processor was saved with this model. `use_fast=True` will be the default behavior in v4.52, even if the model was saved with a slow processor. This will result in minor differences in outputs. You'll still be able to use a slow processor with `use_fast=False`.
[1;36m(EngineCore_DP0 pid=3670891)[0;0m Loading safetensors checkpoint shards:   0% Completed | 0/5 [00:00<?, ?it/s]
[1;36m(EngineCore_DP0 pid=3670891)[0;0m Loading safetensors checkpoint shards:  20% Completed | 1/5 [00:00<00:02,  1.42it/s]
[1;36m(EngineCore_DP0 pid=3670891)[0;0m Loading safetensors checkpoint shards:  40% Completed | 2/5 [00:01<00:02,  1.43it/s]
[1;36m(EngineCore_DP0 pid=3670891)[0;0m Loading safetensors checkpoint shards:  60% Completed | 3/5 [00:02<00:01,  1.47it/s]
[1;36m(EngineCore_DP0 pid=3670891)[0;0m Loading safetensors checkpoint shards:  80% Completed | 4/5 [00:02<00:00,  1.46it/s]
[1;36m(EngineCore_DP0 pid=3670891)[0;0m Loading safetensors checkpoint shards: 100% Completed | 5/5 [00:03<00:00,  1.45it/s]
[1;36m(EngineCore_DP0 pid=3670891)[0;0m Loading safetensors checkpoint shards: 100% Completed | 5/5 [00:03<00:00,  1.45it/s]
[1;36m(EngineCore_DP0 pid=3670891)[0;0m 
[1;36m(EngineCore_DP0 pid=3670891)[0;0m WARNING 09-30 20:51:00 [cudagraph_dispatcher.py:106] cudagraph dispatching keys are not initialized. No cudagraph will be used.
gemma3-12b: 2632/7200
gemma3-12b: 3144/7200
gemma3-12b: 3656/7200
gemma3-12b: 4168/7200
gemma3-12b: 4680/7200
gemma3-12b: 5192/7200
gemma3-12b: 5704/7200
gemma3-12b: 6216/7200
gemma3-12b: 6728/7200
gemma3-12b: 7200/7200
[rank0]:[W930 20:54:55.525452213 ProcessGroupNCCL.cpp:1538] Warning: WARNING: destroy_process_group() was not called before program exit, which can leak resources. For more info, please see https://pytorch.org/docs/stable/distributed.html#shutdown (function operator())
