=== dream-7b (shift 1, block of 8 masks) ===
Loading checkpoint shards:   0%|          | 0/4 [00:00<?, ?it/s]Loading checkpoint shards: 100%|██████████| 4/4 [00:00<00:00, 56.32it/s]
The following generation flags are not valid and may be ignored: ['temperature']. Set `TRANSFORMERS_VERBOSITY=info` for more details.
  20/123
  40/123
  60/123
  80/123
  100/123
  120/123
wrote 1476 -> results/raw/dream-7b_cued.jsonl
  digit rows 1107, mean digit mass 0.998
  rule rows 369, mean YES/NO mass 0.982
=== llada-8b (re-verify with new indexing) ===
Loading checkpoint shards:   0%|          | 0/6 [00:00<?, ?it/s]Loading checkpoint shards: 100%|██████████| 6/6 [00:00<00:00, 227.92it/s]
  20/123
  40/123
  60/123
  80/123
  100/123
  120/123
wrote 1476 -> results/raw/llada-8b_cued.jsonl
  digit rows 1107, mean digit mass 0.945
  rule rows 369, mean YES/NO mass 0.992
DREAM2 DONE
