=== llada-8b ===
Loading checkpoint shards:   0%|          | 0/6 [00:00<?, ?it/s]Loading checkpoint shards: 100%|██████████| 6/6 [00:00<00:00, 172.82it/s]
  20/123
  40/123
  60/123
  80/123
  100/123
  120/123
wrote 1476 -> results/raw/llada-8b_cued.jsonl
  digit rows 1107, mean digit mass 0.945
  rule rows 369, mean YES/NO mass 0.992
=== dream-7b ===
Loading checkpoint shards:   0%|          | 0/4 [00:00<?, ?it/s]Loading checkpoint shards: 100%|██████████| 4/4 [00:00<00:00, 111.72it/s]
The following generation flags are not valid and may be ignored: ['temperature']. Set `TRANSFORMERS_VERBOSITY=info` for more details.
  20/123
  40/123
  60/123
  80/123
  100/123
  120/123
wrote 1476 -> results/raw/dream-7b_cued.jsonl
  digit rows 1107, mean digit mass 0.000
  rule rows 369, mean YES/NO mass 0.000
DIFFUSION DONE
